******************************************************************************
                  TI ARM Linker PC v20.2.7                     
******************************************************************************
>> Linked Fri Nov 25 13:21:36 2022

OUTPUT FILE NAME:   <uartMspEsp.out>
ENTRY POINT SYMBOL: "_c_int00_noargs"  address: 000032bd


MEMORY CONFIGURATION

         name            origin    length      used     unused   attr    fill
----------------------  --------  ---------  --------  --------  ----  --------
  MAIN                  00000000   00040000  00003834  0003c7cc  R  X
  INFO                  00200000   00004000  00000000  00004000  R  X
  SRAM_CODE             01000000   00010000  000009b6  0000f64a  RW X
  SRAM_DATA             20000000   00010000  000009b6  0000f64a  RW  


SEGMENT ALLOCATION MAP

run origin  load origin   length   init length attrs members
----------  ----------- ---------- ----------- ----- -------
00000000    00000000    00003838   00003838    r-x
  00000000    00000000    000000e4   000000e4    r-- .intvecs
  000000e4    000000e4    00003554   00003554    r-x .text
  00003638    00003638    00000164   00000164    r-- .const
  000037a0    000037a0    00000098   00000098    r-- .cinit
20000000    20000000    000007b8   00000000    rw-
  20000000    20000000    00000400   00000000    rw- .sysmem
  20000400    20000400    000001ee   00000000    rw- .data
  200005f0    200005f0    000001c8   00000000    rw- .bss
2000fe00    2000fe00    00000200   00000000    rw-
  2000fe00    2000fe00    00000200   00000000    rw- .stack


SECTION ALLOCATION MAP

 output                                  attributes/
section   page    origin      length       input sections
--------  ----  ----------  ----------   ----------------
.intvecs   0    00000000    000000e4     
                  00000000    000000e4     startup_msp432p401r_ccs.obj (.intvecs:retain)

.text      0    000000e4    00003554     
                  000000e4    00000a4e     rtsv7M4_T_le_v4SPD16_eabi.lib : _printfi.c.obj (.text:__TI_printfi)
                  00000b32    00000002                                   : _lock.c.obj (.text:_nop)
                  00000b34    00000334     system_msp432p401r.obj (.text)
                  00000e68    00000270     rtsv7M4_T_le_v4SPD16_eabi.lib : _printfi.c.obj (.text:_pconv_a)
                  000010d8    000001d0                                   : _printfi.c.obj (.text:_pconv_g)
                  000012a8    000001b6                                   : fd_add_t2.asm.obj (.text)
                  0000145e    00000002                                   : div0.asm.obj (.text)
                  00001460    0000015c     msp432p4xx_driverlib.lib : pcm.o (.text:__PCM_setPowerModeAdvanced)
                  000015bc    0000013c     rtsv7M4_T_le_v4SPD16_eabi.lib : _printfi.c.obj (.text:_pconv_e)
                  000016f8    00000136                                   : fd_div_t2.asm.obj (.text)
                  0000182e    00000002     --HOLE-- [fill = 0]
                  00001830    00000124                                   : _printfi.c.obj (.text:fcvt)
                  00001954    0000011c     msp432p4xx_driverlib.lib : uart.o (.text:UART_initModule)
                  00001a70    00000114     rtsv7M4_T_le_v4SPD16_eabi.lib : fputs.c.obj (.text:fputs)
                  00001b84    00000110                                   : s_scalbn.c.obj (.text:scalbn)
                  00001c94    00000108     msp432p4xx_driverlib.lib : pcm.o (.text:__PCM_setCoreVoltageLevelAdvanced)
                  00001d9c    00000100     rtsv7M4_T_le_v4SPD16_eabi.lib : memory.c.obj (.text:aligned_alloc)
                  00001e9c    000000fc                                   : fd_mul_t2.asm.obj (.text)
                  00001f98    000000e4                                   : memory.c.obj (.text:free)
                  0000207c    000000dc                                   : setvbuf.c.obj (.text:setvbuf)
                  00002158    000000b1                                   : _printfi.c.obj (.text:_ltostr)
                  00002209    00000003     --HOLE-- [fill = 0]
                  0000220c    000000a8     main.obj (.text)
                  000022b4    0000009c     rtsv7M4_T_le_v4SPD16_eabi.lib : memcpy_t2.asm.obj (.text)
                  00002350    00000096                                   : ull_div_t2.asm.obj (.text)
                  000023e6    00000002     --HOLE-- [fill = 0]
                  000023e8    0000008c                                   : fputc.c.obj (.text:fputc)
                  00002474    00000088     msp432p4xx_driverlib.lib : gpio.o (.text:GPIO_setAsPeripheralModuleFunctionInputPin)
                  000024fc    00000086     rtsv7M4_T_le_v4SPD16_eabi.lib : fd_cmp_t2.asm.obj (.text:__aeabi_cdcmple)
                  00002582    00000086                                   : fd_cmp_t2.asm.obj (.text:__aeabi_cdrcmple)
                  00002608    00000080     msp432p4xx_driverlib.lib : interrupt.o (.text:Interrupt_enableInterrupt)
                  00002688    0000007a     rtsv7M4_T_le_v4SPD16_eabi.lib : memset_t2.asm.obj (.text)
                  00002702    00000002     --HOLE-- [fill = 0]
                  00002704    00000074                                   : fclose.c.obj (.text:__TI_closefile)
                  00002778    00000070                                   : memory.c.obj (.text:split)
                  000027e8    0000006e                                   : _printfi.c.obj (.text:_mcpy)
                  00002856    00000002     --HOLE-- [fill = 0]
                  00002858    0000006c                                   : hostrename.c.obj (.text:HOSTrename)
                  000028c4    00000068                                   : hostlseek.c.obj (.text:HOSTlseek)
                  0000292c    00000068                                   : copy_decompress_lzss.c.obj (.text:decompress:lzss:__TI_decompress_lzss)
                  00002994    00000068                                   : printf.c.obj (.text:printf)
                  000029fc    00000064     msp432p4xx_driverlib.lib : uart.o (.text:UART_getEnabledInterruptStatus)
                  00002a60    00000064     rtsv7M4_T_le_v4SPD16_eabi.lib : s_frexp.c.obj (.text:frexp)
                  00002ac4    00000064                                   : fseek.c.obj (.text:fseek)
                  00002b28    00000062                                   : _io_perm.c.obj (.text:__TI_wrt_ok)
                  00002b8a    00000002     --HOLE-- [fill = 0]
                  00002b8c    00000060                                   : hostopen.c.obj (.text:HOSTopen)
                  00002bec    0000005e     msp432p4xx_driverlib.lib : pcm.o (.text:PCM_getCoreVoltageLevel)
                  00002c4a    00000002     --HOLE-- [fill = 0]
                  00002c4c    0000005c     rtsv7M4_T_le_v4SPD16_eabi.lib : close.c.obj (.text:close)
                  00002ca8    0000005a     msp432p4xx_driverlib.lib : pcm.o (.text:PCM_getPowerMode)
                  00002d02    00000002     --HOLE-- [fill = 0]
                  00002d04    00000058     rtsv7M4_T_le_v4SPD16_eabi.lib : hostread.c.obj (.text:HOSTread)
                  00002d5c    00000058                                   : hostwrite.c.obj (.text:HOSTwrite)
                  00002db4    00000056                                   : _printfi.c.obj (.text:_pconv_f)
                  00002e0a    00000054                                   : _ltoa.c.obj (.text:__TI_ltoa)
                  00002e5e    00000052                                   : _printfi.c.obj (.text:_ecpy)
                  00002eb0    0000004c                                   : fflush.c.obj (.text:__TI_doflush)
                  00002efc    0000004c                                   : atoi.c.obj (.text:atoi)
                  00002f48    00000048     msp432p4xx_driverlib.lib : flash.o (.text:FlashCtl_setWaitState)
                  00002f90    00000048     rtsv7M4_T_le_v4SPD16_eabi.lib : exit.c.obj (.text:exit)
                  00002fd8    00000048                                   : fd_toi_t2.asm.obj (.text)
                  00003020    00000044                                   : hostclose.c.obj (.text:HOSTclose)
                  00003064    00000044                                   : hostunlink.c.obj (.text:HOSTunlink)
                  000030a8    00000044                                   : autoinit.c.obj (.text:__TI_auto_init_nobinit_nopinit:__TI_auto_init_nobinit_nopinit)
                  000030ec    00000044                                   : getdevice.c.obj (.text:getdevice)
                  00003130    00000040     msp432p4xx_driverlib.lib : gpio.o (.text:GPIO_setAsOutputPin)
                  00003170    0000003e     rtsv7M4_T_le_v4SPD16_eabi.lib : _printfi.c.obj (.text:_fcpy)
                  000031ae    00000002     --HOLE-- [fill = 0]
                  000031b0    00000038                                   : trgmsg.c.obj (.text:__TI_writemsg)
                  000031e8    00000036                                   : strncpy.c.obj (.text:strncpy)
                  0000321e    00000002     --HOLE-- [fill = 0]
                  00003220    00000034     msp432p4xx_driverlib.lib : cs.o (.text:CS_setDCOCenteredFrequency)
                  00003254    00000034     rtsv7M4_T_le_v4SPD16_eabi.lib : fopen.c.obj (.text:__TI_cleanup)
                  00003288    00000034                                   : trgmsg.c.obj (.text:__TI_readmsg)
                  000032bc    00000034                                   : boot_cortex_m.c.obj (.text:_c_int00_noargs:_c_int00_noargs)
                  000032f0    00000030     msp432p4xx_driverlib.lib : uart.o (.text:UART_enableInterrupt)
                  00003320    00000030                              : uart.o (.text:UART_receiveData)
                  00003350    00000030     rtsv7M4_T_le_v4SPD16_eabi.lib : getdevice.c.obj (.text:finddevice)
                  00003380    0000002e                                   : i_tofd_t2.asm.obj (.text)
                  000033ae    00000002     --HOLE-- [fill = 0]
                  000033b0    0000002c                                   : unlink.c.obj (.text:unlink)
                  000033dc    00000028     msp432p4xx_driverlib.lib : gpio.o (.text:GPIO_setOutputLowOnPin)
                  00003404    00000028     rtsv7M4_T_le_v4SPD16_eabi.lib : memory.c.obj (.text:free_list_insert)
                  0000342c    00000028                                   : lseek.c.obj (.text:lseek)
                  00003454    00000028                                   : write.c.obj (.text:write)
                  0000347c    00000024     msp432p4xx_driverlib.lib : wdt_a.o (.text:WDT_A_holdTimer)
                  000034a0    00000020     rtsv7M4_T_le_v4SPD16_eabi.lib : memchr.c.obj (.text:memchr)
                  000034c0    0000001c                                   : copy_zero_init.c.obj (.text:decompress:ZI:__TI_zero_init_nomemset:__TI_zero_init_nomemset)
                  000034dc    0000001c                                   : memory.c.obj (.text:free_list_remove)
                  000034f8    0000001c                                   : memccpy.c.obj (.text:memccpy)
                  00003514    0000001a                                   : s_copysign.c.obj (.text:copysign)
                  0000352e    00000018     msp432p4xx_driverlib.lib : uart.o (.text:UART_getInterruptStatus)
                  00003546    00000018     rtsv7M4_T_le_v4SPD16_eabi.lib : strcmp.c.obj (.text:strcmp)
                  0000355e    00000016     msp432p4xx_driverlib.lib : uart.o (.text:UART_enableModule)
                  00003574    00000016     rtsv7M4_T_le_v4SPD16_eabi.lib : strchr.c.obj (.text:strchr)
                  0000358a    00000002     --HOLE-- [fill = 0]
                  0000358c    00000014     msp432p4xx_driverlib.lib : pcm.o (.text:PCM_getPowerState)
                  000035a0    00000014     rtsv7M4_T_le_v4SPD16_eabi.lib : strcpy.c.obj (.text:strcpy)
                  000035b4    00000014                                   : strlen.c.obj (.text:strlen)
                  000035c8    00000012                                   : wcslen.c.obj (.text:wcslen)
                  000035da    00000010     msp432p4xx_driverlib.lib : pcm.o (.text:PCM_setCoreVoltageLevel)
                  000035ea    00000010                              : pcm.o (.text:PCM_setPowerMode)
                  000035fa    0000000e     rtsv7M4_T_le_v4SPD16_eabi.lib : copy_decompress_none.c.obj (.text:decompress:none:__TI_decompress_none)
                  00003608    0000000e     startup_msp432p401r_ccs.obj (.text)
                  00003616    00000002     --HOLE-- [fill = 0]
                  00003618    00000008     rtsv7M4_T_le_v4SPD16_eabi.lib : errno.c.obj (.text:__aeabi_errno_addr)
                  00003620    00000008                                   : memory.c.obj (.text:malloc)
                  00003628    00000004                                   : printf.c.obj (.text:_outc)
                  0000362c    00000004                                   : printf.c.obj (.text:_outs)
                  00003630    00000004                                   : pre_init.c.obj (.text:_system_pre_init)
                  00003634    00000004                                   : exit.c.obj (.text:abort:abort)

.const     0    00003638    00000164     
                  00003638    00000101     rtsv7M4_T_le_v4SPD16_eabi.lib : ctype.c.obj (.const:.string:_ctypes_)
                  00003739    00000003     --HOLE-- [fill = 0]
                  0000373c    00000030     msp432p4xx_driverlib.lib : gpio.o (.const:GPIO_PORT_TO_BASE)
                  0000376c    00000028     main.obj (.const:uartConfig)
                  00003794    00000008     msp432p4xx_driverlib.lib : interrupt.o (.const:g_pulEnRegs)

.cinit     0    000037a0    00000098     
                  000037a0    0000006e     (.cinit..data.load) [load image, compression = lzss]
                  0000380e    00000002     --HOLE-- [fill = 0]
                  00003810    0000000c     (__TI_handler_table)
                  0000381c    00000004     --HOLE-- [fill = 0]
                  00003820    00000008     (.cinit..bss.load) [load image, compression = zero_init]
                  00003828    00000010     (__TI_cinit_table)

.init_array 
*          0    00000000    00000000     UNINITIALIZED

.binit     0    00000000    00000000     

.sysmem    0    20000000    00000400     UNINITIALIZED
                  20000000    00000010     rtsv7M4_T_le_v4SPD16_eabi.lib : memory.c.obj (.sysmem)
                  20000010    000003f0     --HOLE--

.data      0    20000400    000001ee     UNINITIALIZED
                  20000400    000000f0     rtsv7M4_T_le_v4SPD16_eabi.lib : defs.c.obj (.data:_ftable)
                  200004f0    00000078                                   : host_device.c.obj (.data:_device)
                  20000568    00000050                                   : host_device.c.obj (.data:_stream)
                  200005b8    00000010                                   : defs.c.obj (.data)
                  200005c8    0000000c                                   : exit.c.obj (.data:$O1$$)
                  200005d4    00000008                                   : _lock.c.obj (.data:$O1$$)
                  200005dc    00000008                                   : memory.c.obj (.data:$O1$$)
                  200005e4    00000004                                   : errno.c.obj (.data)
                  200005e8    00000004     system_msp432p401r.obj (.data)
                  200005ec    00000002     main.obj (.data)

.bss       0    200005f0    000001c8     UNINITIALIZED
                  200005f0    00000120     rtsv7M4_T_le_v4SPD16_eabi.lib : trgmsg.c.obj (.bss:_CIOBUF_)
                  20000710    000000a0     (.common:__TI_tmpnams)
                  200007b0    00000008     (.common:parmbuf)

.stack     0    2000fe00    00000200     UNINITIALIZED
                  2000fe00    00000004     rtsv7M4_T_le_v4SPD16_eabi.lib : boot_cortex_m.c.obj (.stack)
                  2000fe04    000001fc     --HOLE--

__llvm_prf_cnts 
*          0    20000000    00000000     UNINITIALIZED

MODULE SUMMARY

       Module                        code    ro data   rw data
       ------                        ----    -------   -------
    .\
       system_msp432p401r.obj        820     0         8      
       startup_msp432p401r_ccs.obj   14      228       0      
       main.obj                      168     40        4      
    +--+-----------------------------+-------+---------+---------+
       Total:                        1002    268       12     
                                                              
    C:/Universita/3anno/IoT/simplelink_msp432p4_sdk_3_40_01_02/source/ti/devices/msp432p4xx/driverlib/ccs/msp432p4xx_driverlib.lib
       pcm.o                         848     0         0      
       uart.o                        526     0         0      
       gpio.o                        240     48        0      
       interrupt.o                   128     8         0      
       flash.o                       72      0         0      
       cs.o                          52      0         0      
       wdt_a.o                       36      0         0      
    +--+-----------------------------+-------+---------+---------+
       Total:                        1902    56        0      
                                                              
    C:\ti\ccs1210\ccs\tools\compiler\ti-cgt-arm_20.2.7.LTS\lib\rtsv7M4_T_le_v4SPD16_eabi.lib
       _printfi.c.obj                4851    0         0      
       defs.c.obj                    0       0         832    
       memory.c.obj                  672     0         16     
       trgmsg.c.obj                  108     0         576    
       fd_add_t2.asm.obj             438     0         0      
       host_device.c.obj             0       0         400    
       fd_div_t2.asm.obj             310     0         0      
       fputs.c.obj                   276     0         0      
       s_scalbn.c.obj                272     0         0      
       fd_cmp_t2.asm.obj             268     0         0      
       ctype.c.obj                   0       257       0      
       fd_mul_t2.asm.obj             252     0         0      
       setvbuf.c.obj                 220     0         0      
       memcpy_t2.asm.obj             156     0         0      
       ull_div_t2.asm.obj            150     0         0      
       fputc.c.obj                   140     0         0      
       memset_t2.asm.obj             122     0         0      
       fclose.c.obj                  116     0         0      
       getdevice.c.obj               116     0         0      
       hostopen.c.obj                96      0         16     
       printf.c.obj                  112     0         0      
       hostrename.c.obj              108     0         0      
       copy_decompress_lzss.c.obj    104     0         0      
       hostlseek.c.obj               104     0         0      
       exit.c.obj                    76      0         24     
       fseek.c.obj                   100     0         0      
       s_frexp.c.obj                 100     0         0      
       _io_perm.c.obj                98      0         0      
       close.c.obj                   92      0         0      
       hostread.c.obj                88      0         0      
       hostwrite.c.obj               88      0         0      
       _ltoa.c.obj                   84      0         0      
       atoi.c.obj                    76      0         0      
       fflush.c.obj                  76      0         0      
       fd_toi_t2.asm.obj             72      0         0      
       autoinit.c.obj                68      0         0      
       hostclose.c.obj               68      0         0      
       hostunlink.c.obj              68      0         0      
       strncpy.c.obj                 54      0         0      
       boot_cortex_m.c.obj           52      0         0      
       fopen.c.obj                   52      0         0      
       i_tofd_t2.asm.obj             46      0         0      
       unlink.c.obj                  44      0         0      
       lseek.c.obj                   40      0         0      
       write.c.obj                   40      0         0      
       memchr.c.obj                  32      0         0      
       copy_zero_init.c.obj          28      0         0      
       memccpy.c.obj                 28      0         0      
       s_copysign.c.obj              26      0         0      
       strcmp.c.obj                  24      0         0      
       strchr.c.obj                  22      0         0      
       strcpy.c.obj                  20      0         0      
       strlen.c.obj                  20      0         0      
       _lock.c.obj                   2       0         16     
       wcslen.c.obj                  18      0         0      
       errno.c.obj                   8       0         8      
       copy_decompress_none.c.obj    14      0         0      
       pre_init.c.obj                4       0         0      
       div0.asm.obj                  2       0         0      
    +--+-----------------------------+-------+---------+---------+
       Total:                        10721   257       1888   
                                                              
       Heap:                         0       0         2048   
       Stack:                        0       0         1024   
       Linker Generated:             0       146       0      
    +--+-----------------------------+-------+---------+---------+
       Grand Total:                  13625   727       4972   


LINKER GENERATED COPY TABLES

__TI_cinit_table @ 00003828 records: 2, size/record: 8, table size: 16
	.data: load addr=000037a0, load size=0000006e bytes, run addr=20000400, run size=000001ee bytes, compression=lzss
	.bss: load addr=00003820, load size=00000008 bytes, run addr=200005f0, run size=000001c8 bytes, compression=zero_init


LINKER GENERATED HANDLER TABLE

__TI_handler_table @ 00003810 records: 3, size/record: 4, table size: 12
	index: 0, handler: __TI_decompress_lzss
	index: 1, handler: __TI_decompress_none
	index: 2, handler: __TI_zero_init


GLOBAL SYMBOLS: SORTED ALPHABETICALLY BY Name 

address   name                                      
-------   ----                                      
00003615  ADC14_IRQHandler                          
00003615  AES256_IRQHandler                         
00003615  BusFault_Handler                          
00003635  C$$EXIT                                   
000031df  C$$IO$$                                   
00003615  COMP_E0_IRQHandler                        
00003615  COMP_E1_IRQHandler                        
00003615  CS_IRQHandler                             
00003221  CS_setDCOCenteredFrequency                
00003615  DMA_ERR_IRQHandler                        
00003615  DMA_INT0_IRQHandler                       
00003615  DMA_INT1_IRQHandler                       
00003615  DMA_INT2_IRQHandler                       
00003615  DMA_INT3_IRQHandler                       
00003615  DebugMon_Handler                          
00003615  Default_Handler                           
00003615  EUSCIA0_IRQHandler                        
00003615  EUSCIA1_IRQHandler                        
00002269  EUSCIA2_IRQHandler                        
00002269  EUSCIA2_IRQHandler                        
00003615  EUSCIA3_IRQHandler                        
00003615  EUSCIB0_IRQHandler                        
00003615  EUSCIB1_IRQHandler                        
00003615  EUSCIB2_IRQHandler                        
00003615  EUSCIB3_IRQHandler                        
00003615  FLCTL_IRQHandler                          
00003615  FPU_IRQHandler                            
00002f49  FlashCtl_setWaitState                     
00003131  GPIO_setAsOutputPin                       
00002475  GPIO_setAsPeripheralModuleFunctionInputPin
000033dd  GPIO_setOutputLowOnPin                    
00003021  HOSTclose                                 
000028c5  HOSTlseek                                 
00002b8d  HOSTopen                                  
00002d05  HOSTread                                  
00002859  HOSTrename                                
00003065  HOSTunlink                                
00002d5d  HOSTwrite                                 
00003615  HardFault_Handler                         
00002609  Interrupt_enableInterrupt                 
00003615  MemManage_Handler                         
00003615  NMI_Handler                               
00003615  PCM_IRQHandler                            
00002bed  PCM_getCoreVoltageLevel                   
00002ca9  PCM_getPowerMode                          
0000358d  PCM_getPowerState                         
000035db  PCM_setCoreVoltageLevel                   
000035eb  PCM_setPowerMode                          
00003615  PORT1_IRQHandler                          
00003615  PORT2_IRQHandler                          
00003615  PORT3_IRQHandler                          
00003615  PORT4_IRQHandler                          
00003615  PORT5_IRQHandler                          
00003615  PORT6_IRQHandler                          
00003615  PSS_IRQHandler                            
00003615  PendSV_Handler                            
00003615  RTC_C_IRQHandler                          
200005ed  RXData                                    
00003609  Reset_Handler                             
00003615  SVC_Handler                               
00003615  SysTick_Handler                           
200005e8  SystemCoreClock                           
00000b35  SystemCoreClockUpdate                     
00000dad  SystemInit                                
00003615  T32_INT1_IRQHandler                       
00003615  T32_INT2_IRQHandler                       
00003615  T32_INTC_IRQHandler                       
00003615  TA0_0_IRQHandler                          
00003615  TA0_N_IRQHandler                          
00003615  TA1_0_IRQHandler                          
00003615  TA1_N_IRQHandler                          
00003615  TA2_0_IRQHandler                          
00003615  TA2_N_IRQHandler                          
00003615  TA3_0_IRQHandler                          
00003615  TA3_N_IRQHandler                          
200005ec  TXData                                    
000032f1  UART_enableInterrupt                      
0000355f  UART_enableModule                         
000029fd  UART_getEnabledInterruptStatus            
0000352f  UART_getInterruptStatus                   
00001955  UART_initModule                           
00003321  UART_receiveData                          
00003615  UsageFault_Handler                        
4000480c  WDTCTL_SYM                                
00003615  WDT_A_IRQHandler                          
0000347d  WDT_A_holdTimer                           
200005f0  __CIOBUF_                                 
20010000  __STACK_END                               
00000200  __STACK_SIZE                              
00000400  __SYSMEM_SIZE                             
00003828  __TI_CINIT_Base                           
00003838  __TI_CINIT_Limit                          
00003810  __TI_Handler_Table_Base                   
0000381c  __TI_Handler_Table_Limit                  
000030a9  __TI_auto_init_nobinit_nopinit            
00003255  __TI_cleanup                              
200005c8  __TI_cleanup_ptr                          
00002705  __TI_closefile                            
0000292d  __TI_decompress_lzss                      
000035fb  __TI_decompress_none                      
00002eb1  __TI_doflush                              
200005cc  __TI_dtors_ptr                            
200005d0  __TI_enable_exit_profile_output           
200005b8  __TI_ft_end                               
00002e0b  __TI_ltoa                                 
ffffffff  __TI_pprof_out_hndl                       
000000e5  __TI_printfi                              
ffffffff  __TI_prof_data_size                       
ffffffff  __TI_prof_data_start                      
00003289  __TI_readmsg                              
00000000  __TI_static_base__                        
20000710  __TI_tmpnams                              
000031b1  __TI_writemsg                             
00002b29  __TI_wrt_ok                               
000034c1  __TI_zero_init_nomemset                   
000024fd  __aeabi_cdcmpeq                           
000024fd  __aeabi_cdcmple                           
00002583  __aeabi_cdrcmple                          
00002fd9  __aeabi_d2iz                              
000012b3  __aeabi_dadd                              
000016f9  __aeabi_ddiv                              
00001e9d  __aeabi_dmul                              
000012a9  __aeabi_dsub                              
00003619  __aeabi_errno_addr                        
00003381  __aeabi_i2d                               
0000145f  __aeabi_idiv0                             
0000145f  __aeabi_ldiv0                             
00002689  __aeabi_memclr                            
00002689  __aeabi_memclr4                           
00002689  __aeabi_memclr8                           
000022b5  __aeabi_memcpy                            
000022b5  __aeabi_memcpy4                           
000022b5  __aeabi_memcpy8                           
0000268b  __aeabi_memset                            
0000268b  __aeabi_memset4                           
0000268b  __aeabi_memset8                           
200005c4  __aeabi_stderr                            
200005bc  __aeabi_stdin                             
200005c0  __aeabi_stdout                            
00002351  __aeabi_uldivmod                          
ffffffff  __binit__                                 
ffffffff  __c_args__                                
UNDEFED   __mpu_init                                
2000fe00  __stack                                   
20000000  __start___llvm_prf_cnts                   
20000000  __stop___llvm_prf_cnts                    
000032bd  _c_int00_noargs                           
00003638  _ctypes_                                  
200004f0  _device                                   
20000400  _ftable                                   
200005d4  _lock                                     
00000b33  _nop                                      
20000568  _stream                                   
20000000  _sys_memory                               
UNDEFED   _system_post_cinit                        
00003631  _system_pre_init                          
200005d8  _unlock                                   
00003635  abort                                     
00001d9d  aligned_alloc                             
00002efd  atoi                                      
ffffffff  binit                                     
00002c4d  close                                     
00003515  copysign                                  
00003515  copysignl                                 
200005e4  errno                                     
00002f91  exit                                      
00003351  finddevice                                
000023e9  fputc                                     
00001a71  fputs                                     
00001f99  free                                      
00002a61  frexp                                     
00002a61  frexpl                                    
00002ac5  fseek                                     
000030ed  getdevice                                 
00000000  interruptVectors                          
00001b85  ldexp                                     
00001b85  ldexpl                                    
0000342d  lseek                                     
0000220d  main                                      
00003621  malloc                                    
00001d9d  memalign                                  
000034f9  memccpy                                   
000034a1  memchr                                    
000022b5  memcpy                                    
00002691  memset                                    
200007b0  parmbuf                                   
00002995  printf                                    
000023e9  putc                                      
000033b1  remove                                    
00001b85  scalbn                                    
00001b85  scalbnl                                   
0000207d  setvbuf                                   
00003575  strchr                                    
00003547  strcmp                                    
000035a1  strcpy                                    
000035b5  strlen                                    
000031e9  strncpy                                   
0000376c  uartConfig                                
000033b1  unlink                                    
000035c9  wcslen                                    
00003455  write                                     


GLOBAL SYMBOLS: SORTED BY Symbol Address 

address   name                                      
-------   ----                                      
00000000  __TI_static_base__                        
00000000  interruptVectors                          
000000e5  __TI_printfi                              
00000200  __STACK_SIZE                              
00000400  __SYSMEM_SIZE                             
00000b33  _nop                                      
00000b35  SystemCoreClockUpdate                     
00000dad  SystemInit                                
000012a9  __aeabi_dsub                              
000012b3  __aeabi_dadd                              
0000145f  __aeabi_idiv0                             
0000145f  __aeabi_ldiv0                             
000016f9  __aeabi_ddiv                              
00001955  UART_initModule                           
00001a71  fputs                                     
00001b85  ldexp                                     
00001b85  ldexpl                                    
00001b85  scalbn                                    
00001b85  scalbnl                                   
00001d9d  aligned_alloc                             
00001d9d  memalign                                  
00001e9d  __aeabi_dmul                              
00001f99  free                                      
0000207d  setvbuf                                   
0000220d  main                                      
00002269  EUSCIA2_IRQHandler                        
00002269  EUSCIA2_IRQHandler                        
000022b5  __aeabi_memcpy                            
000022b5  __aeabi_memcpy4                           
000022b5  __aeabi_memcpy8                           
000022b5  memcpy                                    
00002351  __aeabi_uldivmod                          
000023e9  fputc                                     
000023e9  putc                                      
00002475  GPIO_setAsPeripheralModuleFunctionInputPin
000024fd  __aeabi_cdcmpeq                           
000024fd  __aeabi_cdcmple                           
00002583  __aeabi_cdrcmple                          
00002609  Interrupt_enableInterrupt                 
00002689  __aeabi_memclr                            
00002689  __aeabi_memclr4                           
00002689  __aeabi_memclr8                           
0000268b  __aeabi_memset                            
0000268b  __aeabi_memset4                           
0000268b  __aeabi_memset8                           
00002691  memset                                    
00002705  __TI_closefile                            
00002859  HOSTrename                                
000028c5  HOSTlseek                                 
0000292d  __TI_decompress_lzss                      
00002995  printf                                    
000029fd  UART_getEnabledInterruptStatus            
00002a61  frexp                                     
00002a61  frexpl                                    
00002ac5  fseek                                     
00002b29  __TI_wrt_ok                               
00002b8d  HOSTopen                                  
00002bed  PCM_getCoreVoltageLevel                   
00002c4d  close                                     
00002ca9  PCM_getPowerMode                          
00002d05  HOSTread                                  
00002d5d  HOSTwrite                                 
00002e0b  __TI_ltoa                                 
00002eb1  __TI_doflush                              
00002efd  atoi                                      
00002f49  FlashCtl_setWaitState                     
00002f91  exit                                      
00002fd9  __aeabi_d2iz                              
00003021  HOSTclose                                 
00003065  HOSTunlink                                
000030a9  __TI_auto_init_nobinit_nopinit            
000030ed  getdevice                                 
00003131  GPIO_setAsOutputPin                       
000031b1  __TI_writemsg                             
000031df  C$$IO$$                                   
000031e9  strncpy                                   
00003221  CS_setDCOCenteredFrequency                
00003255  __TI_cleanup                              
00003289  __TI_readmsg                              
000032bd  _c_int00_noargs                           
000032f1  UART_enableInterrupt                      
00003321  UART_receiveData                          
00003351  finddevice                                
00003381  __aeabi_i2d                               
000033b1  remove                                    
000033b1  unlink                                    
000033dd  GPIO_setOutputLowOnPin                    
0000342d  lseek                                     
00003455  write                                     
0000347d  WDT_A_holdTimer                           
000034a1  memchr                                    
000034c1  __TI_zero_init_nomemset                   
000034f9  memccpy                                   
00003515  copysign                                  
00003515  copysignl                                 
0000352f  UART_getInterruptStatus                   
00003547  strcmp                                    
0000355f  UART_enableModule                         
00003575  strchr                                    
0000358d  PCM_getPowerState                         
000035a1  strcpy                                    
000035b5  strlen                                    
000035c9  wcslen                                    
000035db  PCM_setCoreVoltageLevel                   
000035eb  PCM_setPowerMode                          
000035fb  __TI_decompress_none                      
00003609  Reset_Handler                             
00003615  ADC14_IRQHandler                          
00003615  AES256_IRQHandler                         
00003615  BusFault_Handler                          
00003615  COMP_E0_IRQHandler                        
00003615  COMP_E1_IRQHandler                        
00003615  CS_IRQHandler                             
00003615  DMA_ERR_IRQHandler                        
00003615  DMA_INT0_IRQHandler                       
00003615  DMA_INT1_IRQHandler                       
00003615  DMA_INT2_IRQHandler                       
00003615  DMA_INT3_IRQHandler                       
00003615  DebugMon_Handler                          
00003615  Default_Handler                           
00003615  EUSCIA0_IRQHandler                        
00003615  EUSCIA1_IRQHandler                        
00003615  EUSCIA3_IRQHandler                        
00003615  EUSCIB0_IRQHandler                        
00003615  EUSCIB1_IRQHandler                        
00003615  EUSCIB2_IRQHandler                        
00003615  EUSCIB3_IRQHandler                        
00003615  FLCTL_IRQHandler                          
00003615  FPU_IRQHandler                            
00003615  HardFault_Handler                         
00003615  MemManage_Handler                         
00003615  NMI_Handler                               
00003615  PCM_IRQHandler                            
00003615  PORT1_IRQHandler                          
00003615  PORT2_IRQHandler                          
00003615  PORT3_IRQHandler                          
00003615  PORT4_IRQHandler                          
00003615  PORT5_IRQHandler                          
00003615  PORT6_IRQHandler                          
00003615  PSS_IRQHandler                            
00003615  PendSV_Handler                            
00003615  RTC_C_IRQHandler                          
00003615  SVC_Handler                               
00003615  SysTick_Handler                           
00003615  T32_INT1_IRQHandler                       
00003615  T32_INT2_IRQHandler                       
00003615  T32_INTC_IRQHandler                       
00003615  TA0_0_IRQHandler                          
00003615  TA0_N_IRQHandler                          
00003615  TA1_0_IRQHandler                          
00003615  TA1_N_IRQHandler                          
00003615  TA2_0_IRQHandler                          
00003615  TA2_N_IRQHandler                          
00003615  TA3_0_IRQHandler                          
00003615  TA3_N_IRQHandler                          
00003615  UsageFault_Handler                        
00003615  WDT_A_IRQHandler                          
00003619  __aeabi_errno_addr                        
00003621  malloc                                    
00003631  _system_pre_init                          
00003635  C$$EXIT                                   
00003635  abort                                     
00003638  _ctypes_                                  
0000376c  uartConfig                                
00003810  __TI_Handler_Table_Base                   
0000381c  __TI_Handler_Table_Limit                  
00003828  __TI_CINIT_Base                           
00003838  __TI_CINIT_Limit                          
20000000  __start___llvm_prf_cnts                   
20000000  __stop___llvm_prf_cnts                    
20000000  _sys_memory                               
20000400  _ftable                                   
200004f0  _device                                   
20000568  _stream                                   
200005b8  __TI_ft_end                               
200005bc  __aeabi_stdin                             
200005c0  __aeabi_stdout                            
200005c4  __aeabi_stderr                            
200005c8  __TI_cleanup_ptr                          
200005cc  __TI_dtors_ptr                            
200005d0  __TI_enable_exit_profile_output           
200005d4  _lock                                     
200005d8  _unlock                                   
200005e4  errno                                     
200005e8  SystemCoreClock                           
200005ec  TXData                                    
200005ed  RXData                                    
200005f0  __CIOBUF_                                 
20000710  __TI_tmpnams                              
200007b0  parmbuf                                   
2000fe00  __stack                                   
20010000  __STACK_END                               
4000480c  WDTCTL_SYM                                
ffffffff  __TI_pprof_out_hndl                       
ffffffff  __TI_prof_data_size                       
ffffffff  __TI_prof_data_start                      
ffffffff  __binit__                                 
ffffffff  __c_args__                                
ffffffff  binit                                     
UNDEFED   __mpu_init                                
UNDEFED   _system_post_cinit                        

[201 symbols]
