<?xml version="1.0" encoding="ISO-8859-1" ?>
<link_info>
   <banner>TI ARM Linker PC v20.2.7.LTS</banner>
   <copyright>Copyright (c) 1996-2018 Texas Instruments Incorporated</copyright>
   <link_time>0x63f4a94b</link_time>
   <link_errors>0x0</link_errors>
   <output_file>MSP432.out</output_file>
   <entry_point>
      <name>_c_int00_noargs</name>
      <address>0x599d</address>
   </entry_point>
   <input_file_list>
      <input_file id="fl-2">
         <path>.\</path>
         <kind>object</kind>
         <file>startup_msp432p401r_ccs.obj</file>
         <name>startup_msp432p401r_ccs.obj</name>
      </input_file>
      <input_file id="fl-3">
         <path>.\</path>
         <kind>object</kind>
         <file>system_msp432p401r.obj</file>
         <name>system_msp432p401r.obj</name>
      </input_file>
      <input_file id="fl-4">
         <path>.\LcdDriver\</path>
         <kind>object</kind>
         <file>Crystalfontz128x128_ST7735.obj</file>
         <name>Crystalfontz128x128_ST7735.obj</name>
      </input_file>
      <input_file id="fl-5">
         <path>.\LcdDriver\</path>
         <kind>object</kind>
         <file>HAL_MSP_EXP432P401R_Crystalfontz128x128_ST7735.obj</file>
         <name>HAL_MSP_EXP432P401R_Crystalfontz128x128_ST7735.obj</name>
      </input_file>
      <input_file id="fl-6">
         <path>.\libs\LavaLampInterface\</path>
         <kind>object</kind>
         <file>lavaLampInterface.obj</file>
         <name>lavaLampInterface.obj</name>
      </input_file>
      <input_file id="fl-7">
         <path>.\libs\LavaLampInterruptsAndSetup\</path>
         <kind>object</kind>
         <file>lavaLampInterruptsAndSetup.obj</file>
         <name>lavaLampInterruptsAndSetup.obj</name>
      </input_file>
      <input_file id="fl-8">
         <path>.\src\</path>
         <kind>object</kind>
         <file>main.obj</file>
         <name>main.obj</name>
      </input_file>
      <input_file id="fl-e">
         <kind>object</kind>
         <file>&lt;internal&gt;</file>
         <name>&lt;internal&gt;</name>
      </input_file>
      <input_file id="fl-c4">
         <path>C:\ti\ccs1210\ccs\tools\compiler\ti-cgt-arm_20.2.7.LTS\lib\</path>
         <kind>archive</kind>
         <file>rtsv7M4_T_le_v4SPD16_eabi.lib</file>
         <name>sprintf.c.obj</name>
      </input_file>
      <input_file id="fl-c5">
         <path>C:\ti\ccs1210\ccs\tools\compiler\ti-cgt-arm_20.2.7.LTS\lib\</path>
         <kind>archive</kind>
         <file>rtsv7M4_T_le_v4SPD16_eabi.lib</file>
         <name>memcpy_t2.asm.obj</name>
      </input_file>
      <input_file id="fl-c6">
         <path>C:\ti\ccs1210\ccs\tools\compiler\ti-cgt-arm_20.2.7.LTS\lib\</path>
         <kind>archive</kind>
         <file>rtsv7M4_T_le_v4SPD16_eabi.lib</file>
         <name>memset_t2.asm.obj</name>
      </input_file>
      <input_file id="fl-c7">
         <path>C:\ti\ccs1210\ccs\tools\compiler\ti-cgt-arm_20.2.7.LTS\lib\</path>
         <kind>archive</kind>
         <file>rtsv7M4_T_le_v4SPD16_eabi.lib</file>
         <name>ll_div_t2.asm.obj</name>
      </input_file>
      <input_file id="fl-c8">
         <path>C:\ti\ccs1210\ccs\tools\compiler\ti-cgt-arm_20.2.7.LTS\lib\</path>
         <kind>archive</kind>
         <file>rtsv7M4_T_le_v4SPD16_eabi.lib</file>
         <name>ull_div_t2.asm.obj</name>
      </input_file>
      <input_file id="fl-c9">
         <path>C:\ti\ccs1210\ccs\tools\compiler\ti-cgt-arm_20.2.7.LTS\lib\</path>
         <kind>archive</kind>
         <file>rtsv7M4_T_le_v4SPD16_eabi.lib</file>
         <name>copy_zero_init.c.obj</name>
      </input_file>
      <input_file id="fl-ca">
         <path>C:\ti\ccs1210\ccs\tools\compiler\ti-cgt-arm_20.2.7.LTS\lib\</path>
         <kind>archive</kind>
         <file>rtsv7M4_T_le_v4SPD16_eabi.lib</file>
         <name>copy_decompress_none.c.obj</name>
      </input_file>
      <input_file id="fl-cb">
         <path>C:\ti\ccs1210\ccs\tools\compiler\ti-cgt-arm_20.2.7.LTS\lib\</path>
         <kind>archive</kind>
         <file>rtsv7M4_T_le_v4SPD16_eabi.lib</file>
         <name>copy_decompress_lzss.c.obj</name>
      </input_file>
      <input_file id="fl-cc">
         <path>C:\ti\ccs1210\ccs\tools\compiler\ti-cgt-arm_20.2.7.LTS\lib\</path>
         <kind>archive</kind>
         <file>rtsv7M4_T_le_v4SPD16_eabi.lib</file>
         <name>atoll.c.obj</name>
      </input_file>
      <input_file id="fl-cd">
         <path>C:\ti\ccs1210\ccs\tools\compiler\ti-cgt-arm_20.2.7.LTS\lib\</path>
         <kind>archive</kind>
         <file>rtsv7M4_T_le_v4SPD16_eabi.lib</file>
         <name>ctype.c.obj</name>
      </input_file>
      <input_file id="fl-ce">
         <path>C:\ti\ccs1210\ccs\tools\compiler\ti-cgt-arm_20.2.7.LTS\lib\</path>
         <kind>archive</kind>
         <file>rtsv7M4_T_le_v4SPD16_eabi.lib</file>
         <name>memmov.c.obj</name>
      </input_file>
      <input_file id="fl-cf">
         <path>C:\ti\ccs1210\ccs\tools\compiler\ti-cgt-arm_20.2.7.LTS\lib\</path>
         <kind>archive</kind>
         <file>rtsv7M4_T_le_v4SPD16_eabi.lib</file>
         <name>rand.c.obj</name>
      </input_file>
      <input_file id="fl-d0">
         <path>C:\ti\ccs1210\ccs\tools\compiler\ti-cgt-arm_20.2.7.LTS\lib\</path>
         <kind>archive</kind>
         <file>rtsv7M4_T_le_v4SPD16_eabi.lib</file>
         <name>strcat.c.obj</name>
      </input_file>
      <input_file id="fl-d1">
         <path>C:\ti\ccs1210\ccs\tools\compiler\ti-cgt-arm_20.2.7.LTS\lib\</path>
         <kind>archive</kind>
         <file>rtsv7M4_T_le_v4SPD16_eabi.lib</file>
         <name>strcmp.c.obj</name>
      </input_file>
      <input_file id="fl-d2">
         <path>C:\ti\ccs1210\ccs\tools\compiler\ti-cgt-arm_20.2.7.LTS\lib\</path>
         <kind>archive</kind>
         <file>rtsv7M4_T_le_v4SPD16_eabi.lib</file>
         <name>strcpy.c.obj</name>
      </input_file>
      <input_file id="fl-d3">
         <path>C:\ti\ccs1210\ccs\tools\compiler\ti-cgt-arm_20.2.7.LTS\lib\</path>
         <kind>archive</kind>
         <file>rtsv7M4_T_le_v4SPD16_eabi.lib</file>
         <name>strlen.c.obj</name>
      </input_file>
      <input_file id="fl-d4">
         <path>C:\ti\ccs1210\ccs\tools\compiler\ti-cgt-arm_20.2.7.LTS\lib\</path>
         <kind>archive</kind>
         <file>rtsv7M4_T_le_v4SPD16_eabi.lib</file>
         <name>strncpy.c.obj</name>
      </input_file>
      <input_file id="fl-d5">
         <path>C:\ti\ccs1210\ccs\tools\compiler\ti-cgt-arm_20.2.7.LTS\lib\</path>
         <kind>archive</kind>
         <file>rtsv7M4_T_le_v4SPD16_eabi.lib</file>
         <name>boot_cortex_m.c.obj</name>
      </input_file>
      <input_file id="fl-d6">
         <path>C:\ti\ccs1210\ccs\tools\compiler\ti-cgt-arm_20.2.7.LTS\lib\</path>
         <kind>archive</kind>
         <file>rtsv7M4_T_le_v4SPD16_eabi.lib</file>
         <name>_printfi.c.obj</name>
      </input_file>
      <input_file id="fl-d7">
         <path>C:\ti\ccs1210\ccs\tools\compiler\ti-cgt-arm_20.2.7.LTS\lib\</path>
         <kind>archive</kind>
         <file>rtsv7M4_T_le_v4SPD16_eabi.lib</file>
         <name>div0.asm.obj</name>
      </input_file>
      <input_file id="fl-d8">
         <path>C:\ti\ccs1210\ccs\tools\compiler\ti-cgt-arm_20.2.7.LTS\lib\</path>
         <kind>archive</kind>
         <file>rtsv7M4_T_le_v4SPD16_eabi.lib</file>
         <name>fd_add_t2.asm.obj</name>
      </input_file>
      <input_file id="fl-d9">
         <path>C:\ti\ccs1210\ccs\tools\compiler\ti-cgt-arm_20.2.7.LTS\lib\</path>
         <kind>archive</kind>
         <file>rtsv7M4_T_le_v4SPD16_eabi.lib</file>
         <name>fd_cmp_t2.asm.obj</name>
      </input_file>
      <input_file id="fl-da">
         <path>C:\ti\ccs1210\ccs\tools\compiler\ti-cgt-arm_20.2.7.LTS\lib\</path>
         <kind>archive</kind>
         <file>rtsv7M4_T_le_v4SPD16_eabi.lib</file>
         <name>fd_div_t2.asm.obj</name>
      </input_file>
      <input_file id="fl-db">
         <path>C:\ti\ccs1210\ccs\tools\compiler\ti-cgt-arm_20.2.7.LTS\lib\</path>
         <kind>archive</kind>
         <file>rtsv7M4_T_le_v4SPD16_eabi.lib</file>
         <name>fd_mul_t2.asm.obj</name>
      </input_file>
      <input_file id="fl-dc">
         <path>C:\ti\ccs1210\ccs\tools\compiler\ti-cgt-arm_20.2.7.LTS\lib\</path>
         <kind>archive</kind>
         <file>rtsv7M4_T_le_v4SPD16_eabi.lib</file>
         <name>fd_toi_t2.asm.obj</name>
      </input_file>
      <input_file id="fl-dd">
         <path>C:\ti\ccs1210\ccs\tools\compiler\ti-cgt-arm_20.2.7.LTS\lib\</path>
         <kind>archive</kind>
         <file>rtsv7M4_T_le_v4SPD16_eabi.lib</file>
         <name>i_tofd_t2.asm.obj</name>
      </input_file>
      <input_file id="fl-de">
         <path>C:\ti\ccs1210\ccs\tools\compiler\ti-cgt-arm_20.2.7.LTS\lib\</path>
         <kind>archive</kind>
         <file>rtsv7M4_T_le_v4SPD16_eabi.lib</file>
         <name>autoinit.c.obj</name>
      </input_file>
      <input_file id="fl-df">
         <path>C:\ti\ccs1210\ccs\tools\compiler\ti-cgt-arm_20.2.7.LTS\lib\</path>
         <kind>archive</kind>
         <file>rtsv7M4_T_le_v4SPD16_eabi.lib</file>
         <name>pre_init.c.obj</name>
      </input_file>
      <input_file id="fl-e0">
         <path>C:\ti\ccs1210\ccs\tools\compiler\ti-cgt-arm_20.2.7.LTS\lib\</path>
         <kind>archive</kind>
         <file>rtsv7M4_T_le_v4SPD16_eabi.lib</file>
         <name>cpy_tbl.c.obj</name>
      </input_file>
      <input_file id="fl-e1">
         <path>C:\ti\ccs1210\ccs\tools\compiler\ti-cgt-arm_20.2.7.LTS\lib\</path>
         <kind>archive</kind>
         <file>rtsv7M4_T_le_v4SPD16_eabi.lib</file>
         <name>exit.c.obj</name>
      </input_file>
      <input_file id="fl-e2">
         <path>C:\ti\ccs1210\ccs\tools\compiler\ti-cgt-arm_20.2.7.LTS\lib\</path>
         <kind>archive</kind>
         <file>rtsv7M4_T_le_v4SPD16_eabi.lib</file>
         <name>_lock.c.obj</name>
      </input_file>
      <input_file id="fl-e3">
         <path>C:\ti\ccs1210\ccs\tools\compiler\ti-cgt-arm_20.2.7.LTS\lib\</path>
         <kind>archive</kind>
         <file>rtsv7M4_T_le_v4SPD16_eabi.lib</file>
         <name>_ltoa.c.obj</name>
      </input_file>
      <input_file id="fl-e4">
         <path>C:\ti\ccs1210\ccs\tools\compiler\ti-cgt-arm_20.2.7.LTS\lib\</path>
         <kind>archive</kind>
         <file>rtsv7M4_T_le_v4SPD16_eabi.lib</file>
         <name>args_main.c.obj</name>
      </input_file>
      <input_file id="fl-e5">
         <path>C:\ti\ccs1210\ccs\tools\compiler\ti-cgt-arm_20.2.7.LTS\lib\</path>
         <kind>archive</kind>
         <file>rtsv7M4_T_le_v4SPD16_eabi.lib</file>
         <name>atoi.c.obj</name>
      </input_file>
      <input_file id="fl-e6">
         <path>C:\ti\ccs1210\ccs\tools\compiler\ti-cgt-arm_20.2.7.LTS\lib\</path>
         <kind>archive</kind>
         <file>rtsv7M4_T_le_v4SPD16_eabi.lib</file>
         <name>memccpy.c.obj</name>
      </input_file>
      <input_file id="fl-e7">
         <path>C:\ti\ccs1210\ccs\tools\compiler\ti-cgt-arm_20.2.7.LTS\lib\</path>
         <kind>archive</kind>
         <file>rtsv7M4_T_le_v4SPD16_eabi.lib</file>
         <name>strchr.c.obj</name>
      </input_file>
      <input_file id="fl-e8">
         <path>C:\ti\ccs1210\ccs\tools\compiler\ti-cgt-arm_20.2.7.LTS\lib\</path>
         <kind>archive</kind>
         <file>rtsv7M4_T_le_v4SPD16_eabi.lib</file>
         <name>errno.c.obj</name>
      </input_file>
      <input_file id="fl-e9">
         <path>C:\ti\ccs1210\ccs\tools\compiler\ti-cgt-arm_20.2.7.LTS\lib\</path>
         <kind>archive</kind>
         <file>rtsv7M4_T_le_v4SPD16_eabi.lib</file>
         <name>wcslen.c.obj</name>
      </input_file>
      <input_file id="fl-ea">
         <path>C:\ti\ccs1210\ccs\tools\compiler\ti-cgt-arm_20.2.7.LTS\lib\</path>
         <kind>archive</kind>
         <file>rtsv7M4_T_le_v4SPD16_eabi.lib</file>
         <name>s_frexp.c.obj</name>
      </input_file>
      <input_file id="fl-eb">
         <path>C:\ti\ccs1210\ccs\tools\compiler\ti-cgt-arm_20.2.7.LTS\lib\</path>
         <kind>archive</kind>
         <file>rtsv7M4_T_le_v4SPD16_eabi.lib</file>
         <name>s_scalbn.c.obj</name>
      </input_file>
      <input_file id="fl-ec">
         <path>C:\ti\ccs1210\ccs\tools\compiler\ti-cgt-arm_20.2.7.LTS\lib\</path>
         <kind>archive</kind>
         <file>rtsv7M4_T_le_v4SPD16_eabi.lib</file>
         <name>s_copysign.c.obj</name>
      </input_file>
      <input_file id="fl-ed">
         <path>C:\Users\Utente\Desktop\IoT\simplelink_msp432p4_sdk_3_40_01_02\source\ti\grlib\lib\ccs\m4f\</path>
         <kind>archive</kind>
         <file>grlib.a</file>
         <name>context.obj</name>
      </input_file>
      <input_file id="fl-ee">
         <path>C:\Users\Utente\Desktop\IoT\simplelink_msp432p4_sdk_3_40_01_02\source\ti\grlib\lib\ccs\m4f\</path>
         <kind>archive</kind>
         <file>grlib.a</file>
         <name>display.obj</name>
      </input_file>
      <input_file id="fl-ef">
         <path>C:\Users\Utente\Desktop\IoT\simplelink_msp432p4_sdk_3_40_01_02\source\ti\grlib\lib\ccs\m4f\</path>
         <kind>archive</kind>
         <file>grlib.a</file>
         <name>fontcmss12.obj</name>
      </input_file>
      <input_file id="fl-f0">
         <path>C:\Users\Utente\Desktop\IoT\simplelink_msp432p4_sdk_3_40_01_02\source\ti\grlib\lib\ccs\m4f\</path>
         <kind>archive</kind>
         <file>grlib.a</file>
         <name>fontcmss12b.obj</name>
      </input_file>
      <input_file id="fl-f1">
         <path>C:\Users\Utente\Desktop\IoT\simplelink_msp432p4_sdk_3_40_01_02\source\ti\grlib\lib\ccs\m4f\</path>
         <kind>archive</kind>
         <file>grlib.a</file>
         <name>fontcmss14b.obj</name>
      </input_file>
      <input_file id="fl-f2">
         <path>C:\Users\Utente\Desktop\IoT\simplelink_msp432p4_sdk_3_40_01_02\source\ti\grlib\lib\ccs\m4f\</path>
         <kind>archive</kind>
         <file>grlib.a</file>
         <name>fontcmss20b.obj</name>
      </input_file>
      <input_file id="fl-f3">
         <path>C:\Users\Utente\Desktop\IoT\simplelink_msp432p4_sdk_3_40_01_02\source\ti\grlib\lib\ccs\m4f\</path>
         <kind>archive</kind>
         <file>grlib.a</file>
         <name>line.obj</name>
      </input_file>
      <input_file id="fl-f4">
         <path>C:\Users\Utente\Desktop\IoT\simplelink_msp432p4_sdk_3_40_01_02\source\ti\grlib\lib\ccs\m4f\</path>
         <kind>archive</kind>
         <file>grlib.a</file>
         <name>rectangle.obj</name>
      </input_file>
      <input_file id="fl-f5">
         <path>C:\Users\Utente\Desktop\IoT\simplelink_msp432p4_sdk_3_40_01_02\source\ti\grlib\lib\ccs\m4f\</path>
         <kind>archive</kind>
         <file>grlib.a</file>
         <name>string.obj</name>
      </input_file>
      <input_file id="fl-f6">
         <path>C:\Users\Utente\Desktop\IoT\simplelink_msp432p4_sdk_3_40_01_02\source\ti\devices\msp432p4xx\driverlib\ccs\</path>
         <kind>archive</kind>
         <file>msp432p4xx_driverlib.lib</file>
         <name>adc14.o</name>
      </input_file>
      <input_file id="fl-f7">
         <path>C:\Users\Utente\Desktop\IoT\simplelink_msp432p4_sdk_3_40_01_02\source\ti\devices\msp432p4xx\driverlib\ccs\</path>
         <kind>archive</kind>
         <file>msp432p4xx_driverlib.lib</file>
         <name>cs.o</name>
      </input_file>
      <input_file id="fl-f8">
         <path>C:\Users\Utente\Desktop\IoT\simplelink_msp432p4_sdk_3_40_01_02\source\ti\devices\msp432p4xx\driverlib\ccs\</path>
         <kind>archive</kind>
         <file>msp432p4xx_driverlib.lib</file>
         <name>flash.o</name>
      </input_file>
      <input_file id="fl-f9">
         <path>C:\Users\Utente\Desktop\IoT\simplelink_msp432p4_sdk_3_40_01_02\source\ti\devices\msp432p4xx\driverlib\ccs\</path>
         <kind>archive</kind>
         <file>msp432p4xx_driverlib.lib</file>
         <name>gpio.o</name>
      </input_file>
      <input_file id="fl-fa">
         <path>C:\Users\Utente\Desktop\IoT\simplelink_msp432p4_sdk_3_40_01_02\source\ti\devices\msp432p4xx\driverlib\ccs\</path>
         <kind>archive</kind>
         <file>msp432p4xx_driverlib.lib</file>
         <name>interrupt.o</name>
      </input_file>
      <input_file id="fl-fb">
         <path>C:\Users\Utente\Desktop\IoT\simplelink_msp432p4_sdk_3_40_01_02\source\ti\devices\msp432p4xx\driverlib\ccs\</path>
         <kind>archive</kind>
         <file>msp432p4xx_driverlib.lib</file>
         <name>pcm.o</name>
      </input_file>
      <input_file id="fl-fc">
         <path>C:\Users\Utente\Desktop\IoT\simplelink_msp432p4_sdk_3_40_01_02\source\ti\devices\msp432p4xx\driverlib\ccs\</path>
         <kind>archive</kind>
         <file>msp432p4xx_driverlib.lib</file>
         <name>rtc_c.o</name>
      </input_file>
      <input_file id="fl-fd">
         <path>C:\Users\Utente\Desktop\IoT\simplelink_msp432p4_sdk_3_40_01_02\source\ti\devices\msp432p4xx\driverlib\ccs\</path>
         <kind>archive</kind>
         <file>msp432p4xx_driverlib.lib</file>
         <name>spi.o</name>
      </input_file>
      <input_file id="fl-fe">
         <path>C:\Users\Utente\Desktop\IoT\simplelink_msp432p4_sdk_3_40_01_02\source\ti\devices\msp432p4xx\driverlib\ccs\</path>
         <kind>archive</kind>
         <file>msp432p4xx_driverlib.lib</file>
         <name>sysctl.o</name>
      </input_file>
      <input_file id="fl-ff">
         <path>C:\Users\Utente\Desktop\IoT\simplelink_msp432p4_sdk_3_40_01_02\source\ti\devices\msp432p4xx\driverlib\ccs\</path>
         <kind>archive</kind>
         <file>msp432p4xx_driverlib.lib</file>
         <name>sysctl_a.o</name>
      </input_file>
      <input_file id="fl-100">
         <path>C:\Users\Utente\Desktop\IoT\simplelink_msp432p4_sdk_3_40_01_02\source\ti\devices\msp432p4xx\driverlib\ccs\</path>
         <kind>archive</kind>
         <file>msp432p4xx_driverlib.lib</file>
         <name>timer32.o</name>
      </input_file>
      <input_file id="fl-101">
         <path>C:\Users\Utente\Desktop\IoT\simplelink_msp432p4_sdk_3_40_01_02\source\ti\devices\msp432p4xx\driverlib\ccs\</path>
         <kind>archive</kind>
         <file>msp432p4xx_driverlib.lib</file>
         <name>wdt_a.o</name>
      </input_file>
      <input_file id="fl-102">
         <path>C:\Users\Utente\Desktop\IoT\simplelink_msp432p4_sdk_3_40_01_02\source\ti\devices\msp432p4xx\driverlib\ccs\</path>
         <kind>archive</kind>
         <file>msp432p4xx_driverlib.lib</file>
         <name>cpu.o</name>
      </input_file>
   </input_file_list>
   <object_component_list>
      <object_component id="oc-26">
         <name>.intvecs:retain</name>
         <load_address>0x0</load_address>
         <run_address>0x0</run_address>
         <size>0xe4</size>
         <input_file_ref idref="fl-2"/>
      </object_component>
      <object_component id="oc-19e">
         <name>.text</name>
         <load_address>0xe4</load_address>
         <run_address>0xe4</run_address>
         <size>0x19c0</size>
         <input_file_ref idref="fl-6"/>
      </object_component>
      <object_component id="oc-401">
         <name>.text:__TI_printfi</name>
         <load_address>0x1aa4</load_address>
         <run_address>0x1aa4</run_address>
         <size>0xa4e</size>
         <input_file_ref idref="fl-d6"/>
      </object_component>
      <object_component id="oc-4a1">
         <name>.text:_nop</name>
         <load_address>0x24f2</load_address>
         <run_address>0x24f2</run_address>
         <size>0x2</size>
         <input_file_ref idref="fl-e2"/>
      </object_component>
      <object_component id="oc-10c">
         <name>.text</name>
         <load_address>0x24f4</load_address>
         <run_address>0x24f4</run_address>
         <size>0x680</size>
         <input_file_ref idref="fl-4"/>
      </object_component>
      <object_component id="oc-2c4">
         <name>.text:Graphics_drawString</name>
         <load_address>0x2b74</load_address>
         <run_address>0x2b74</run_address>
         <size>0x47e</size>
         <input_file_ref idref="fl-f5"/>
      </object_component>
      <object_component id="oc-45d">
         <name>.text</name>
         <load_address>0x2ff2</load_address>
         <run_address>0x2ff2</run_address>
         <size>0x2</size>
         <input_file_ref idref="fl-d7"/>
      </object_component>
      <object_component id="oc-ab">
         <name>.text</name>
         <load_address>0x2ff4</load_address>
         <run_address>0x2ff4</run_address>
         <size>0x334</size>
         <input_file_ref idref="fl-3"/>
      </object_component>
      <object_component id="oc-6d">
         <name>.text</name>
         <load_address>0x3328</load_address>
         <run_address>0x3328</run_address>
         <size>0x300</size>
         <input_file_ref idref="fl-7"/>
      </object_component>
      <object_component id="oc-50f">
         <name>.text:_pconv_a</name>
         <load_address>0x3628</load_address>
         <run_address>0x3628</run_address>
         <size>0x270</size>
         <input_file_ref idref="fl-d6"/>
      </object_component>
      <object_component id="oc-4fd">
         <name>.text:_pconv_g</name>
         <load_address>0x3898</load_address>
         <run_address>0x3898</run_address>
         <size>0x1d0</size>
         <input_file_ref idref="fl-d6"/>
      </object_component>
      <object_component id="oc-5a3">
         <name>.text</name>
         <load_address>0x3a68</load_address>
         <run_address>0x3a68</run_address>
         <size>0x1b6</size>
         <input_file_ref idref="fl-d8"/>
      </object_component>
      <object_component id="oc-202">
         <name>.text:_getIndexForMemRegister</name>
         <load_address>0x3c20</load_address>
         <run_address>0x3c20</run_address>
         <size>0x160</size>
         <input_file_ref idref="fl-f6"/>
      </object_component>
      <object_component id="oc-4e3">
         <name>.text:__PCM_setPowerModeAdvanced</name>
         <load_address>0x3d80</load_address>
         <run_address>0x3d80</run_address>
         <size>0x15c</size>
         <input_file_ref idref="fl-fb"/>
      </object_component>
      <object_component id="oc-509">
         <name>.text:_pconv_e</name>
         <load_address>0x3edc</load_address>
         <run_address>0x3edc</run_address>
         <size>0x13c</size>
         <input_file_ref idref="fl-d6"/>
      </object_component>
      <object_component id="oc-589">
         <name>.text</name>
         <load_address>0x4018</load_address>
         <run_address>0x4018</run_address>
         <size>0x136</size>
         <input_file_ref idref="fl-da"/>
      </object_component>
      <object_component id="oc-14e">
         <name>.text:CS_initClockSignal</name>
         <load_address>0x4150</load_address>
         <run_address>0x4150</run_address>
         <size>0x130</size>
         <input_file_ref idref="fl-f7"/>
      </object_component>
      <object_component id="oc-5b5">
         <name>.text:fcvt</name>
         <load_address>0x4280</load_address>
         <run_address>0x4280</run_address>
         <size>0x124</size>
         <input_file_ref idref="fl-d6"/>
      </object_component>
      <object_component id="oc-2d9">
         <name>.text:Graphics_fillRectangle</name>
         <load_address>0x43a4</load_address>
         <run_address>0x43a4</run_address>
         <size>0x112</size>
         <input_file_ref idref="fl-f4"/>
      </object_component>
      <object_component id="oc-5c9">
         <name>.text:scalbn</name>
         <load_address>0x44b8</load_address>
         <run_address>0x44b8</run_address>
         <size>0x110</size>
         <input_file_ref idref="fl-eb"/>
      </object_component>
      <object_component id="oc-25f">
         <name>.text:__PCM_setCoreVoltageLevelAdvanced</name>
         <load_address>0x45c8</load_address>
         <run_address>0x45c8</run_address>
         <size>0x108</size>
         <input_file_ref idref="fl-fb"/>
      </object_component>
      <object_component id="oc-584">
         <name>.text</name>
         <load_address>0x46d0</load_address>
         <run_address>0x46d0</run_address>
         <size>0xfc</size>
         <input_file_ref idref="fl-db"/>
      </object_component>
      <object_component id="oc-221">
         <name>.text</name>
         <load_address>0x47cc</load_address>
         <run_address>0x47cc</run_address>
         <size>0xcc</size>
         <input_file_ref idref="fl-5"/>
      </object_component>
      <object_component id="oc-ca">
         <name>.text:ADC14_configureConversionMemory</name>
         <load_address>0x4898</load_address>
         <run_address>0x4898</run_address>
         <size>0xb4</size>
         <input_file_ref idref="fl-f6"/>
      </object_component>
      <object_component id="oc-c4">
         <name>.text:ADC14_configureMultiSequenceMode</name>
         <load_address>0x494c</load_address>
         <run_address>0x494c</run_address>
         <size>0xb4</size>
         <input_file_ref idref="fl-f6"/>
      </object_component>
      <object_component id="oc-4f2">
         <name>.text:_ltostr</name>
         <load_address>0x4a00</load_address>
         <run_address>0x4a00</run_address>
         <size>0xb1</size>
         <input_file_ref idref="fl-d6"/>
      </object_component>
      <object_component id="oc-3a8">
         <name>.text:SPI_initMaster</name>
         <load_address>0x4ab2</load_address>
         <run_address>0x4ab2</run_address>
         <size>0xb0</size>
         <input_file_ref idref="fl-fd"/>
      </object_component>
      <object_component id="oc-30e">
         <name>.text:Graphics_drawLineH</name>
         <load_address>0x4b62</load_address>
         <run_address>0x4b62</run_address>
         <size>0x9c</size>
         <input_file_ref idref="fl-f3"/>
      </object_component>
      <object_component id="oc-37">
         <name>.text</name>
         <load_address>0x4bfe</load_address>
         <run_address>0x4bfe</run_address>
         <size>0x9c</size>
         <input_file_ref idref="fl-c5"/>
      </object_component>
      <object_component id="oc-462">
         <name>.text</name>
         <load_address>0x4c9a</load_address>
         <run_address>0x4c9a</run_address>
         <size>0x96</size>
         <input_file_ref idref="fl-c8"/>
      </object_component>
      <object_component id="oc-b2">
         <name>.text:GPIO_setAsPeripheralModuleFunctionInputPin</name>
         <load_address>0x4d30</load_address>
         <run_address>0x4d30</run_address>
         <size>0x88</size>
         <input_file_ref idref="fl-f9"/>
      </object_component>
      <object_component id="oc-39c">
         <name>.text:GPIO_setAsPeripheralModuleFunctionOutputPin</name>
         <load_address>0x4db8</load_address>
         <run_address>0x4db8</run_address>
         <size>0x88</size>
         <input_file_ref idref="fl-f9"/>
      </object_component>
      <object_component id="oc-2f1">
         <name>.text:atoll</name>
         <load_address>0x4e40</load_address>
         <run_address>0x4e40</run_address>
         <size>0x88</size>
         <input_file_ref idref="fl-cc"/>
      </object_component>
      <object_component id="oc-4f8">
         <name>.text:__aeabi_cdcmple</name>
         <load_address>0x4ec8</load_address>
         <run_address>0x4ec8</run_address>
         <size>0x86</size>
         <input_file_ref idref="fl-d9"/>
      </object_component>
      <object_component id="oc-58e">
         <name>.text:__aeabi_cdrcmple</name>
         <load_address>0x4f4e</load_address>
         <run_address>0x4f4e</run_address>
         <size>0x86</size>
         <input_file_ref idref="fl-d9"/>
      </object_component>
      <object_component id="oc-d6">
         <name>.text:Interrupt_enableInterrupt</name>
         <load_address>0x4fd4</load_address>
         <run_address>0x4fd4</run_address>
         <size>0x80</size>
         <input_file_ref idref="fl-fa"/>
      </object_component>
      <object_component id="oc-8d">
         <name>.text</name>
         <load_address>0x5054</load_address>
         <run_address>0x5054</run_address>
         <size>0x7a</size>
         <input_file_ref idref="fl-c6"/>
      </object_component>
      <object_component id="oc-5ae">
         <name>.text:_mcpy</name>
         <load_address>0x50ce</load_address>
         <run_address>0x50ce</run_address>
         <size>0x6e</size>
         <input_file_ref idref="fl-d6"/>
      </object_component>
      <object_component id="oc-309">
         <name>.text</name>
         <load_address>0x513c</load_address>
         <run_address>0x513c</run_address>
         <size>0x6e</size>
         <input_file_ref idref="fl-c7"/>
      </object_component>
      <object_component id="oc-154">
         <name>.text:Timer32_initModule</name>
         <load_address>0x51ac</load_address>
         <run_address>0x51ac</run_address>
         <size>0x68</size>
         <input_file_ref idref="fl-100"/>
      </object_component>
      <object_component id="oc-17">
         <name>.text:decompress:lzss:__TI_decompress_lzss</name>
         <load_address>0x5214</load_address>
         <run_address>0x5214</run_address>
         <size>0x68</size>
         <input_file_ref idref="fl-cb"/>
      </object_component>
      <object_component id="oc-5c3">
         <name>.text:frexp</name>
         <load_address>0x527c</load_address>
         <run_address>0x527c</run_address>
         <size>0x64</size>
         <input_file_ref idref="fl-ea"/>
      </object_component>
      <object_component id="oc-3de">
         <name>.text:PCM_getCoreVoltageLevel</name>
         <load_address>0x52e0</load_address>
         <run_address>0x52e0</run_address>
         <size>0x5e</size>
         <input_file_ref idref="fl-fb"/>
      </object_component>
      <object_component id="oc-3d8">
         <name>.text:PCM_getPowerMode</name>
         <load_address>0x533e</load_address>
         <run_address>0x533e</run_address>
         <size>0x5a</size>
         <input_file_ref idref="fl-fb"/>
      </object_component>
      <object_component id="oc-503">
         <name>.text:_pconv_f</name>
         <load_address>0x5398</load_address>
         <run_address>0x5398</run_address>
         <size>0x56</size>
         <input_file_ref idref="fl-d6"/>
      </object_component>
      <object_component id="oc-be">
         <name>.text:ADC14_initModule</name>
         <load_address>0x53f0</load_address>
         <run_address>0x53f0</run_address>
         <size>0x54</size>
         <input_file_ref idref="fl-f6"/>
      </object_component>
      <object_component id="oc-598">
         <name>.text:__TI_ltoa</name>
         <load_address>0x5444</load_address>
         <run_address>0x5444</run_address>
         <size>0x54</size>
         <input_file_ref idref="fl-e3"/>
      </object_component>
      <object_component id="oc-112">
         <name>.text:Graphics_initContext</name>
         <load_address>0x5498</load_address>
         <run_address>0x5498</run_address>
         <size>0x52</size>
         <input_file_ref idref="fl-ed"/>
      </object_component>
      <object_component id="oc-5a8">
         <name>.text:_ecpy</name>
         <load_address>0x54ea</load_address>
         <run_address>0x54ea</run_address>
         <size>0x52</size>
         <input_file_ref idref="fl-d6"/>
      </object_component>
      <object_component id="oc-f4">
         <name>.text:GPIO_setAsInputPin</name>
         <load_address>0x553c</load_address>
         <run_address>0x553c</run_address>
         <size>0x4c</size>
         <input_file_ref idref="fl-f9"/>
      </object_component>
      <object_component id="oc-4ec">
         <name>.text:atoi</name>
         <load_address>0x5588</load_address>
         <run_address>0x5588</run_address>
         <size>0x4c</size>
         <input_file_ref idref="fl-e5"/>
      </object_component>
      <object_component id="oc-142">
         <name>.text:FlashCtl_setWaitState</name>
         <load_address>0x55d4</load_address>
         <run_address>0x55d4</run_address>
         <size>0x48</size>
         <input_file_ref idref="fl-f8"/>
      </object_component>
      <object_component id="oc-593">
         <name>.text</name>
         <load_address>0x561c</load_address>
         <run_address>0x561c</run_address>
         <size>0x48</size>
         <input_file_ref idref="fl-dc"/>
      </object_component>
      <object_component id="oc-1b1">
         <name>.text:__TI_auto_init_nobinit_nopinit:__TI_auto_init_nobinit_nopinit</name>
         <load_address>0x5664</load_address>
         <run_address>0x5664</run_address>
         <size>0x44</size>
         <input_file_ref idref="fl-de"/>
      </object_component>
      <object_component id="oc-3a2">
         <name>.text:GPIO_setAsOutputPin</name>
         <load_address>0x56a8</load_address>
         <run_address>0x56a8</run_address>
         <size>0x40</size>
         <input_file_ref idref="fl-f9"/>
      </object_component>
      <object_component id="oc-420">
         <name>.text:Graphics_getNumberOfLeadingZeros</name>
         <load_address>0x56e8</load_address>
         <run_address>0x56e8</run_address>
         <size>0x40</size>
         <input_file_ref idref="fl-f5"/>
      </object_component>
      <object_component id="oc-4c6">
         <name>.text:is_A_Module</name>
         <load_address>0x5728</load_address>
         <run_address>0x5728</run_address>
         <size>0x40</size>
         <input_file_ref idref="fl-fd"/>
      </object_component>
      <object_component id="oc-2ac">
         <name>.text:sprintf</name>
         <load_address>0x5768</load_address>
         <run_address>0x5768</run_address>
         <size>0x40</size>
         <input_file_ref idref="fl-c4"/>
      </object_component>
      <object_component id="oc-5bb">
         <name>.text:_fcpy</name>
         <load_address>0x57a8</load_address>
         <run_address>0x57a8</run_address>
         <size>0x3e</size>
         <input_file_ref idref="fl-d6"/>
      </object_component>
      <object_component id="oc-fa">
         <name>.text:GPIO_interruptEdgeSelect</name>
         <load_address>0x57e8</load_address>
         <run_address>0x57e8</run_address>
         <size>0x3c</size>
         <input_file_ref idref="fl-f9"/>
      </object_component>
      <object_component id="oc-15a">
         <name>.text:ADC14_getEnabledInterruptStatus</name>
         <load_address>0x5824</load_address>
         <run_address>0x5824</run_address>
         <size>0x38</size>
         <input_file_ref idref="fl-f6"/>
      </object_component>
      <object_component id="oc-2a0">
         <name>.text:Timer32_startTimer</name>
         <load_address>0x585c</load_address>
         <run_address>0x585c</run_address>
         <size>0x38</size>
         <input_file_ref idref="fl-100"/>
      </object_component>
      <object_component id="oc-468">
         <name>.text:Graphics_drawHorizontalLineOnDisplay</name>
         <load_address>0x5894</load_address>
         <run_address>0x5894</run_address>
         <size>0x36</size>
         <input_file_ref idref="fl-ee"/>
      </object_component>
      <object_component id="oc-2eb">
         <name>.text:strncpy</name>
         <load_address>0x58ca</load_address>
         <run_address>0x58ca</run_address>
         <size>0x36</size>
         <input_file_ref idref="fl-d4"/>
      </object_component>
      <object_component id="oc-e2">
         <name>.text:ADC14_enableSampleTimer</name>
         <load_address>0x5900</load_address>
         <run_address>0x5900</run_address>
         <size>0x34</size>
         <input_file_ref idref="fl-f6"/>
      </object_component>
      <object_component id="oc-148">
         <name>.text:CS_setDCOCenteredFrequency</name>
         <load_address>0x5934</load_address>
         <run_address>0x5934</run_address>
         <size>0x34</size>
         <input_file_ref idref="fl-f7"/>
      </object_component>
      <object_component id="oc-29a">
         <name>.text:Timer32_setCount</name>
         <load_address>0x5968</load_address>
         <run_address>0x5968</run_address>
         <size>0x34</size>
         <input_file_ref idref="fl-100"/>
      </object_component>
      <object_component id="oc-55">
         <name>.text:_c_int00_noargs:_c_int00_noargs</name>
         <load_address>0x599c</load_address>
         <run_address>0x599c</run_address>
         <size>0x34</size>
         <input_file_ref idref="fl-d5"/>
      </object_component>
      <object_component id="oc-303">
         <name>.text:rand</name>
         <load_address>0x59d0</load_address>
         <run_address>0x59d0</run_address>
         <size>0x34</size>
         <input_file_ref idref="fl-cf"/>
      </object_component>
      <object_component id="oc-160">
         <name>.text:ADC14_clearInterruptFlag</name>
         <load_address>0x5a04</load_address>
         <run_address>0x5a04</run_address>
         <size>0x30</size>
         <input_file_ref idref="fl-f6"/>
      </object_component>
      <object_component id="oc-d0">
         <name>.text:ADC14_enableInterrupt</name>
         <load_address>0x5a34</load_address>
         <run_address>0x5a34</run_address>
         <size>0x30</size>
         <input_file_ref idref="fl-f6"/>
      </object_component>
      <object_component id="oc-59e">
         <name>.text</name>
         <load_address>0x5a64</load_address>
         <run_address>0x5a64</run_address>
         <size>0x2e</size>
         <input_file_ref idref="fl-dd"/>
      </object_component>
      <object_component id="oc-26a">
         <name>.text:ADC14_getInterruptStatus</name>
         <load_address>0x5a94</load_address>
         <run_address>0x5a94</run_address>
         <size>0x2c</size>
         <input_file_ref idref="fl-f6"/>
      </object_component>
      <object_component id="oc-ee">
         <name>.text:ADC14_toggleConversionTrigger</name>
         <load_address>0x5ac0</load_address>
         <run_address>0x5ac0</run_address>
         <size>0x2c</size>
         <input_file_ref idref="fl-f6"/>
      </object_component>
      <object_component id="oc-426">
         <name>.text:Graphics_drawPixelOnDisplay</name>
         <load_address>0x5aec</load_address>
         <run_address>0x5aec</run_address>
         <size>0x2c</size>
         <input_file_ref idref="fl-ee"/>
      </object_component>
      <object_component id="oc-e8">
         <name>.text:ADC14_enableConversion</name>
         <load_address>0x5b18</load_address>
         <run_address>0x5b18</run_address>
         <size>0x28</size>
         <input_file_ref idref="fl-f6"/>
      </object_component>
      <object_component id="oc-166">
         <name>.text:ADC14_getResult</name>
         <load_address>0x5b40</load_address>
         <run_address>0x5b40</run_address>
         <size>0x28</size>
         <input_file_ref idref="fl-f6"/>
      </object_component>
      <object_component id="oc-100">
         <name>.text:GPIO_clearInterruptFlag</name>
         <load_address>0x5b68</load_address>
         <run_address>0x5b68</run_address>
         <size>0x28</size>
         <input_file_ref idref="fl-f9"/>
      </object_component>
      <object_component id="oc-106">
         <name>.text:GPIO_enableInterrupt</name>
         <load_address>0x5b90</load_address>
         <run_address>0x5b90</run_address>
         <size>0x28</size>
         <input_file_ref idref="fl-f9"/>
      </object_component>
      <object_component id="oc-22d">
         <name>.text:GPIO_setOutputHighOnPin</name>
         <load_address>0x5bb8</load_address>
         <run_address>0x5bb8</run_address>
         <size>0x28</size>
         <input_file_ref idref="fl-f9"/>
      </object_component>
      <object_component id="oc-227">
         <name>.text:GPIO_setOutputLowOnPin</name>
         <load_address>0x5be0</load_address>
         <run_address>0x5be0</run_address>
         <size>0x28</size>
         <input_file_ref idref="fl-f9"/>
      </object_component>
      <object_component id="oc-2be">
         <name>.text:memmove</name>
         <load_address>0x5c08</load_address>
         <run_address>0x5c08</run_address>
         <size>0x28</size>
         <input_file_ref idref="fl-ce"/>
      </object_component>
      <object_component id="oc-130">
         <name>.text:WDT_A_holdTimer</name>
         <load_address>0x5c30</load_address>
         <run_address>0x5c30</run_address>
         <size>0x24</size>
         <input_file_ref idref="fl-101"/>
      </object_component>
      <object_component id="oc-2f7">
         <name>.text:srand</name>
         <load_address>0x5c54</load_address>
         <run_address>0x5c54</run_address>
         <size>0x24</size>
         <input_file_ref idref="fl-cf"/>
      </object_component>
      <object_component id="oc-436">
         <name>.text:Graphics_fillRectangleOnDisplay</name>
         <load_address>0x5c78</load_address>
         <run_address>0x5c78</run_address>
         <size>0x1e</size>
         <input_file_ref idref="fl-ee"/>
      </object_component>
      <object_component id="oc-2b2">
         <name>.text:strcat</name>
         <load_address>0x5c96</load_address>
         <run_address>0x5c96</run_address>
         <size>0x1e</size>
         <input_file_ref idref="fl-d0"/>
      </object_component>
      <object_component id="oc-3ae">
         <name>.text:SPI_enableModule</name>
         <load_address>0x5cb4</load_address>
         <run_address>0x5cb4</run_address>
         <size>0x1c</size>
         <input_file_ref idref="fl-fd"/>
      </object_component>
      <object_component id="oc-43">
         <name>.text:decompress:ZI:__TI_zero_init_nomemset:__TI_zero_init_nomemset</name>
         <load_address>0x5cd0</load_address>
         <run_address>0x5cd0</run_address>
         <size>0x1c</size>
         <input_file_ref idref="fl-c9"/>
      </object_component>
      <object_component id="oc-515">
         <name>.text:memccpy</name>
         <load_address>0x5cec</load_address>
         <run_address>0x5cec</run_address>
         <size>0x1c</size>
         <input_file_ref idref="fl-e6"/>
      </object_component>
      <object_component id="oc-250">
         <name>.text:Graphics_clearDisplayOnDisplay</name>
         <load_address>0x5d08</load_address>
         <run_address>0x5d08</run_address>
         <size>0x1a</size>
         <input_file_ref idref="fl-ee"/>
      </object_component>
      <object_component id="oc-11e">
         <name>.text:Graphics_setBackgroundColor</name>
         <load_address>0x5d22</load_address>
         <run_address>0x5d22</run_address>
         <size>0x1a</size>
         <input_file_ref idref="fl-ed"/>
      </object_component>
      <object_component id="oc-124">
         <name>.text:Graphics_setFont</name>
         <load_address>0x5d3c</load_address>
         <run_address>0x5d3c</run_address>
         <size>0x1a</size>
         <input_file_ref idref="fl-ed"/>
      </object_component>
      <object_component id="oc-60c">
         <name>.text:copysign</name>
         <load_address>0x5d56</load_address>
         <run_address>0x5d56</run_address>
         <size>0x1a</size>
         <input_file_ref idref="fl-ec"/>
      </object_component>
      <object_component id="oc-407">
         <name>.text:_outs</name>
         <load_address>0x5d70</load_address>
         <run_address>0x5d70</run_address>
         <size>0x18</size>
         <input_file_ref idref="fl-c4"/>
      </object_component>
      <object_component id="oc-2cd">
         <name>.text:strcmp</name>
         <load_address>0x5d88</load_address>
         <run_address>0x5d88</run_address>
         <size>0x18</size>
         <input_file_ref idref="fl-d1"/>
      </object_component>
      <object_component id="oc-4ce">
         <name>.text:EUSCI_A_SPI_enable</name>
         <load_address>0x5da0</load_address>
         <run_address>0x5da0</run_address>
         <size>0x16</size>
         <input_file_ref idref="fl-fd"/>
      </object_component>
      <object_component id="oc-4d4">
         <name>.text:EUSCI_B_SPI_enable</name>
         <load_address>0x5db6</load_address>
         <run_address>0x5db6</run_address>
         <size>0x16</size>
         <input_file_ref idref="fl-fd"/>
      </object_component>
      <object_component id="oc-118">
         <name>.text:Graphics_setForegroundColor</name>
         <load_address>0x5dcc</load_address>
         <run_address>0x5dcc</run_address>
         <size>0x16</size>
         <input_file_ref idref="fl-ed"/>
      </object_component>
      <object_component id="oc-247">
         <name>.text:Graphics_translateColorOnDisplay</name>
         <load_address>0x5de2</load_address>
         <run_address>0x5de2</run_address>
         <size>0x16</size>
         <input_file_ref idref="fl-ee"/>
      </object_component>
      <object_component id="oc-5cf">
         <name>.text:strchr</name>
         <load_address>0x5df8</load_address>
         <run_address>0x5df8</run_address>
         <size>0x16</size>
         <input_file_ref idref="fl-e7"/>
      </object_component>
      <object_component id="oc-3e4">
         <name>.text:PCM_getPowerState</name>
         <load_address>0x5e10</load_address>
         <run_address>0x5e10</run_address>
         <size>0x14</size>
         <input_file_ref idref="fl-fb"/>
      </object_component>
      <object_component id="oc-2fd">
         <name>.text:strcpy</name>
         <load_address>0x5e24</load_address>
         <run_address>0x5e24</run_address>
         <size>0x14</size>
         <input_file_ref idref="fl-d2"/>
      </object_component>
      <object_component id="oc-2b8">
         <name>.text:strlen</name>
         <load_address>0x5e38</load_address>
         <run_address>0x5e38</run_address>
         <size>0x14</size>
         <input_file_ref idref="fl-d3"/>
      </object_component>
      <object_component id="oc-12a">
         <name>.text:Graphics_clearDisplay</name>
         <load_address>0x5e4c</load_address>
         <run_address>0x5e4c</run_address>
         <size>0x12</size>
         <input_file_ref idref="fl-ed"/>
      </object_component>
      <object_component id="oc-51b">
         <name>.text:wcslen</name>
         <load_address>0x5e5e</load_address>
         <run_address>0x5e5e</run_address>
         <size>0x12</size>
         <input_file_ref idref="fl-e9"/>
      </object_component>
      <object_component id="oc-1f6">
         <name>.text:ADCIsConversionRunning</name>
         <load_address>0x5e70</load_address>
         <run_address>0x5e70</run_address>
         <size>0x10</size>
         <input_file_ref idref="fl-f6"/>
      </object_component>
      <object_component id="oc-136">
         <name>.text:Interrupt_disableMaster</name>
         <load_address>0x5e80</load_address>
         <run_address>0x5e80</run_address>
         <size>0x10</size>
         <input_file_ref idref="fl-fa"/>
      </object_component>
      <object_component id="oc-dc">
         <name>.text:Interrupt_enableMaster</name>
         <load_address>0x5e90</load_address>
         <run_address>0x5e90</run_address>
         <size>0x10</size>
         <input_file_ref idref="fl-fa"/>
      </object_component>
      <object_component id="oc-13c">
         <name>.text:PCM_setCoreVoltageLevel</name>
         <load_address>0x5ea0</load_address>
         <run_address>0x5ea0</run_address>
         <size>0x10</size>
         <input_file_ref idref="fl-fb"/>
      </object_component>
      <object_component id="oc-3ea">
         <name>.text:PCM_setPowerMode</name>
         <load_address>0x5eb0</load_address>
         <run_address>0x5eb0</run_address>
         <size>0x10</size>
         <input_file_ref idref="fl-fb"/>
      </object_component>
      <object_component id="oc-2a6">
         <name>.text:Timer32_getValue</name>
         <load_address>0x5ec0</load_address>
         <run_address>0x5ec0</run_address>
         <size>0xe</size>
         <input_file_ref idref="fl-100"/>
      </object_component>
      <object_component id="oc-1d">
         <name>.text:decompress:none:__TI_decompress_none</name>
         <load_address>0x5ece</load_address>
         <run_address>0x5ece</run_address>
         <size>0xe</size>
         <input_file_ref idref="fl-ca"/>
      </object_component>
      <object_component id="oc-67">
         <name>.text</name>
         <load_address>0x5edc</load_address>
         <run_address>0x5edc</run_address>
         <size>0xe</size>
         <input_file_ref idref="fl-2"/>
      </object_component>
      <object_component id="oc-b8">
         <name>.text:ADC14_enableModule</name>
         <load_address>0x5eec</load_address>
         <run_address>0x5eec</run_address>
         <size>0xc</size>
         <input_file_ref idref="fl-f6"/>
      </object_component>
      <object_component id="oc-258">
         <name>.text:CPU_cpsid</name>
         <load_address>0x5ef8</load_address>
         <run_address>0x5ef8</run_address>
         <size>0xc</size>
         <input_file_ref idref="fl-102"/>
      </object_component>
      <object_component id="oc-213">
         <name>.text:CPU_cpsie</name>
         <load_address>0x5f04</load_address>
         <run_address>0x5f04</run_address>
         <size>0xc</size>
         <input_file_ref idref="fl-102"/>
      </object_component>
      <object_component id="oc-99">
         <name>.text</name>
         <load_address>0x5f10</load_address>
         <run_address>0x5f10</run_address>
         <size>0xc</size>
         <input_file_ref idref="fl-8"/>
      </object_component>
      <object_component id="oc-40d">
         <name>.text:_outc</name>
         <load_address>0x5f1c</load_address>
         <run_address>0x5f1c</run_address>
         <size>0xa</size>
         <input_file_ref idref="fl-c4"/>
      </object_component>
      <object_component id="oc-521">
         <name>.text:__aeabi_errno_addr</name>
         <load_address>0x5f28</load_address>
         <run_address>0x5f28</run_address>
         <size>0x8</size>
         <input_file_ref idref="fl-e8"/>
      </object_component>
      <object_component id="oc-93">
         <name>.text:_system_pre_init</name>
         <load_address>0x5f30</load_address>
         <run_address>0x5f30</run_address>
         <size>0x4</size>
         <input_file_ref idref="fl-df"/>
      </object_component>
      <object_component id="oc-1a5">
         <name>.text:abort:abort</name>
         <load_address>0x5f34</load_address>
         <run_address>0x5f34</run_address>
         <size>0x4</size>
         <input_file_ref idref="fl-e1"/>
      </object_component>
      <object_component id="oc-485">
         <name>.const:.string:g_pucCmss20bData</name>
         <load_address>0x5f38</load_address>
         <run_address>0x5f38</run_address>
         <size>0x890</size>
         <input_file_ref idref="fl-f2"/>
      </object_component>
      <object_component id="oc-28a">
         <name>.const:.string:g_pucCmss14bData</name>
         <load_address>0x67c8</load_address>
         <run_address>0x67c8</run_address>
         <size>0x5df</size>
         <input_file_ref idref="fl-f1"/>
      </object_component>
      <object_component id="oc-446">
         <name>.const:.string:g_pucCmss12bData</name>
         <load_address>0x6da7</load_address>
         <run_address>0x6da7</run_address>
         <size>0x5c7</size>
         <input_file_ref idref="fl-f0"/>
      </object_component>
      <object_component id="oc-43e">
         <name>.const:.string:g_pucCmss12Data</name>
         <load_address>0x736e</load_address>
         <run_address>0x736e</run_address>
         <size>0x514</size>
         <input_file_ref idref="fl-ef"/>
      </object_component>
      <object_component id="oc-32c">
         <name>.const:$P$T11$12</name>
         <load_address>0x7882</load_address>
         <run_address>0x7882</run_address>
         <size>0x23a</size>
         <input_file_ref idref="fl-6"/>
      </object_component>
      <object_component id="oc-450">
         <name>.const:.string:_ctypes_</name>
         <load_address>0x7abc</load_address>
         <run_address>0x7abc</run_address>
         <size>0x101</size>
         <input_file_ref idref="fl-cd"/>
      </object_component>
      <object_component id="oc-329">
         <name>.const:.string:$P$T10$11</name>
         <load_address>0x7bbd</load_address>
         <run_address>0x7bbd</run_address>
         <size>0x3</size>
         <input_file_ref idref="fl-6"/>
      </object_component>
      <object_component id="oc-2df">
         <name>.const:g_sFontCmss12</name>
         <load_address>0x7bc0</load_address>
         <run_address>0x7bc0</run_address>
         <size>0xc8</size>
         <input_file_ref idref="fl-ef"/>
      </object_component>
      <object_component id="oc-2e5">
         <name>.const:g_sFontCmss12b</name>
         <load_address>0x7c88</load_address>
         <run_address>0x7c88</run_address>
         <size>0xc8</size>
         <input_file_ref idref="fl-f0"/>
      </object_component>
      <object_component id="oc-178">
         <name>.const:g_sFontCmss14b</name>
         <load_address>0x7d50</load_address>
         <run_address>0x7d50</run_address>
         <size>0xc8</size>
         <input_file_ref idref="fl-f1"/>
      </object_component>
      <object_component id="oc-332">
         <name>.const:g_sFontCmss20b</name>
         <load_address>0x7e18</load_address>
         <run_address>0x7e18</run_address>
         <size>0xc8</size>
         <input_file_ref idref="fl-f2"/>
      </object_component>
      <object_component id="oc-208">
         <name>.const:_ctlRegs</name>
         <load_address>0x7ee0</load_address>
         <run_address>0x7ee0</run_address>
         <size>0x80</size>
         <input_file_ref idref="fl-f6"/>
      </object_component>
      <object_component id="oc-1e7">
         <name>.const:GPIO_PORT_TO_BASE</name>
         <load_address>0x7f60</load_address>
         <run_address>0x7f60</run_address>
         <size>0x30</size>
         <input_file_ref idref="fl-f9"/>
      </object_component>
      <object_component id="oc-347">
         <name>.const:$P$T19$20</name>
         <load_address>0x7f90</load_address>
         <run_address>0x7f90</run_address>
         <size>0x2c</size>
         <input_file_ref idref="fl-6"/>
      </object_component>
      <object_component id="oc-341">
         <name>.const:$P$T17$18</name>
         <load_address>0x7fbc</load_address>
         <run_address>0x7fbc</run_address>
         <size>0x20</size>
         <input_file_ref idref="fl-6"/>
      </object_component>
      <object_component id="oc-172">
         <name>.const:g_sCrystalfontz128x128_funcs</name>
         <load_address>0x7fdc</load_address>
         <run_address>0x7fdc</run_address>
         <size>0x20</size>
         <input_file_ref idref="fl-4"/>
      </object_component>
      <object_component id="oc-478">
         <name>.const:.string</name>
         <load_address>0x7ffc</load_address>
         <run_address>0x7ffc</run_address>
         <size>0x1e</size>
         <input_file_ref idref="fl-6"/>
      </object_component>
      <object_component id="oc-2e2">
         <name>.const:.string:$P$T2$3</name>
         <load_address>0x801a</load_address>
         <run_address>0x801a</run_address>
         <size>0x2</size>
         <input_file_ref idref="fl-6"/>
      </object_component>
      <object_component id="oc-3b4">
         <name>.const:$P$T0$1</name>
         <load_address>0x801c</load_address>
         <run_address>0x801c</run_address>
         <size>0x1c</size>
         <input_file_ref idref="fl-5"/>
      </object_component>
      <object_component id="oc-32f">
         <name>.const:.string:$P$T12$13</name>
         <load_address>0x8038</load_address>
         <run_address>0x8038</run_address>
         <size>0x13</size>
         <input_file_ref idref="fl-6"/>
      </object_component>
      <object_component id="oc-335">
         <name>.const:$P$T13$14</name>
         <load_address>0x804c</load_address>
         <run_address>0x804c</run_address>
         <size>0x10</size>
         <input_file_ref idref="fl-6"/>
      </object_component>
      <object_component id="oc-338">
         <name>.const:$P$T14$15</name>
         <load_address>0x805c</load_address>
         <run_address>0x805c</run_address>
         <size>0x10</size>
         <input_file_ref idref="fl-6"/>
      </object_component>
      <object_component id="oc-34a">
         <name>.const:$P$T20$21</name>
         <load_address>0x806c</load_address>
         <run_address>0x806c</run_address>
         <size>0x10</size>
         <input_file_ref idref="fl-6"/>
      </object_component>
      <object_component id="oc-34d">
         <name>.const:$P$T21$22</name>
         <load_address>0x807c</load_address>
         <run_address>0x807c</run_address>
         <size>0x10</size>
         <input_file_ref idref="fl-6"/>
      </object_component>
      <object_component id="oc-314">
         <name>.const:$P$T4$5</name>
         <load_address>0x808c</load_address>
         <run_address>0x808c</run_address>
         <size>0x10</size>
         <input_file_ref idref="fl-6"/>
      </object_component>
      <object_component id="oc-317">
         <name>.const:$P$T5$6</name>
         <load_address>0x809c</load_address>
         <run_address>0x809c</run_address>
         <size>0x10</size>
         <input_file_ref idref="fl-6"/>
      </object_component>
      <object_component id="oc-323">
         <name>.const:$P$T8$9</name>
         <load_address>0x80ac</load_address>
         <run_address>0x80ac</run_address>
         <size>0xc</size>
         <input_file_ref idref="fl-6"/>
      </object_component>
      <object_component id="oc-326">
         <name>.const:$P$T9$10</name>
         <load_address>0x80b8</load_address>
         <run_address>0x80b8</run_address>
         <size>0xc</size>
         <input_file_ref idref="fl-6"/>
      </object_component>
      <object_component id="oc-344">
         <name>.const:.string:$P$T18$19</name>
         <load_address>0x80c4</load_address>
         <run_address>0x80c4</run_address>
         <size>0xb</size>
         <input_file_ref idref="fl-6"/>
      </object_component>
      <object_component id="oc-23c">
         <name>.const:$P$T0$1</name>
         <load_address>0x80d0</load_address>
         <run_address>0x80d0</run_address>
         <size>0x8</size>
         <input_file_ref idref="fl-4"/>
      </object_component>
      <object_component id="oc-2d3">
         <name>.const:$P$T0$1</name>
         <load_address>0x80d8</load_address>
         <run_address>0x80d8</run_address>
         <size>0x8</size>
         <input_file_ref idref="fl-6"/>
      </object_component>
      <object_component id="oc-2d6">
         <name>.const:$P$T1$2</name>
         <load_address>0x80e0</load_address>
         <run_address>0x80e0</run_address>
         <size>0x8</size>
         <input_file_ref idref="fl-6"/>
      </object_component>
      <object_component id="oc-2e8">
         <name>.const:$P$T3$4</name>
         <load_address>0x80e8</load_address>
         <run_address>0x80e8</run_address>
         <size>0x8</size>
         <input_file_ref idref="fl-6"/>
      </object_component>
      <object_component id="oc-31d">
         <name>.const:$P$T7$8</name>
         <load_address>0x80f0</load_address>
         <run_address>0x80f0</run_address>
         <size>0x8</size>
         <input_file_ref idref="fl-6"/>
      </object_component>
      <object_component id="oc-33e">
         <name>.const:.string:$P$T16$17</name>
         <load_address>0x80f8</load_address>
         <run_address>0x80f8</run_address>
         <size>0x8</size>
         <input_file_ref idref="fl-6"/>
      </object_component>
      <object_component id="oc-20f">
         <name>.const:g_pulEnRegs</name>
         <load_address>0x8100</load_address>
         <run_address>0x8100</run_address>
         <size>0x8</size>
         <input_file_ref idref="fl-fa"/>
      </object_component>
      <object_component id="oc-33b">
         <name>.const:.string:$P$T15$16</name>
         <load_address>0x8108</load_address>
         <run_address>0x8108</run_address>
         <size>0x4</size>
         <input_file_ref idref="fl-6"/>
      </object_component>
      <object_component id="oc-350">
         <name>.const:.string:$P$T22$23</name>
         <load_address>0x810c</load_address>
         <run_address>0x810c</run_address>
         <size>0x4</size>
         <input_file_ref idref="fl-6"/>
      </object_component>
      <object_component id="oc-31a">
         <name>.const:.string:$P$T6$7</name>
         <load_address>0x8110</load_address>
         <run_address>0x8110</run_address>
         <size>0x4</size>
         <input_file_ref idref="fl-6"/>
      </object_component>
      <object_component id="oc-667">
         <name>.cinit..data.load</name>
         <load_address>0x8118</load_address>
         <run_address>0x8118</run_address>
         <size>0x56</size>
      </object_component>
      <object_component id="oc-665">
         <name>__TI_handler_table</name>
         <load_address>0x8170</load_address>
         <run_address>0x8170</run_address>
         <size>0xc</size>
      </object_component>
      <object_component id="oc-668">
         <name>.cinit..bss.load</name>
         <load_address>0x8180</load_address>
         <run_address>0x8180</run_address>
         <size>0x8</size>
      </object_component>
      <object_component id="oc-666">
         <name>__TI_cinit_table</name>
         <load_address>0x8188</load_address>
         <run_address>0x8188</run_address>
         <size>0x10</size>
      </object_component>
      <object_component id="oc-639">
         <name>.binit</name>
         <load_address>0x0</load_address>
         <run_address>0x0</run_address>
         <size>0x0</size>
      </object_component>
      <object_component id="oc-1e3">
         <name>.data</name>
         <load_address>0x20000074</load_address>
         <run_address>0x20000074</run_address>
         <size>0x4</size>
         <input_file_ref idref="fl-3"/>
      </object_component>
      <object_component id="oc-16f">
         <name>.data:g_sCrystalfontz128x128</name>
         <load_address>0x20000048</load_address>
         <run_address>0x20000048</run_address>
         <size>0x10</size>
         <input_file_ref idref="fl-4"/>
      </object_component>
      <object_component id="oc-2ca">
         <name>.data:hashedNumber</name>
         <load_address>0x20000000</load_address>
         <run_address>0x20000000</run_address>
         <size>0x20</size>
         <input_file_ref idref="fl-6"/>
      </object_component>
      <object_component id="oc-175">
         <name>.data</name>
         <load_address>0x20000034</load_address>
         <run_address>0x20000034</run_address>
         <size>0x11</size>
         <input_file_ref idref="fl-6"/>
      </object_component>
      <object_component id="oc-320">
         <name>.data:themes</name>
         <load_address>0x20000058</load_address>
         <run_address>0x20000058</run_address>
         <size>0xc</size>
         <input_file_ref idref="fl-6"/>
      </object_component>
      <object_component id="oc-17b">
         <name>.data</name>
         <load_address>0x20000020</load_address>
         <run_address>0x20000020</run_address>
         <size>0x14</size>
         <input_file_ref idref="fl-7"/>
      </object_component>
      <object_component id="oc-455">
         <name>.data</name>
         <load_address>0x20000070</load_address>
         <run_address>0x20000070</run_address>
         <size>0x4</size>
         <input_file_ref idref="fl-cf"/>
      </object_component>
      <object_component id="oc-35d">
         <name>.data:$O1$$</name>
         <load_address>0x20000064</load_address>
         <run_address>0x20000064</run_address>
         <size>0x8</size>
         <input_file_ref idref="fl-e2"/>
      </object_component>
      <object_component id="oc-5df">
         <name>.data</name>
         <load_address>0x2000006c</load_address>
         <run_address>0x2000006c</run_address>
         <size>0x4</size>
         <input_file_ref idref="fl-e8"/>
      </object_component>
      <object_component id="oc-17e">
         <name>.bss:resultsBuffer</name>
         <uninitialized>true</uninitialized>
         <run_address>0x20000094</run_address>
         <size>0x4</size>
         <input_file_ref idref="fl-7"/>
      </object_component>
      <object_component id="oc-23b">
         <name>.common:Lcd_Orientation</name>
         <uninitialized>true</uninitialized>
         <run_address>0x200000a0</run_address>
         <size>0x1</size>
      </object_component>
      <object_component id="oc-233">
         <name>.common:Lcd_ScreenWidth</name>
         <uninitialized>true</uninitialized>
         <run_address>0x2000009a</run_address>
         <size>0x2</size>
      </object_component>
      <object_component id="oc-236">
         <name>.common:Lcd_ScreenHeigth</name>
         <uninitialized>true</uninitialized>
         <run_address>0x20000098</run_address>
         <size>0x2</size>
      </object_component>
      <object_component id="oc-237">
         <name>.common:Lcd_PenSolid</name>
         <uninitialized>true</uninitialized>
         <run_address>0x200000a1</run_address>
         <size>0x1</size>
      </object_component>
      <object_component id="oc-238">
         <name>.common:Lcd_FontSolid</name>
         <uninitialized>true</uninitialized>
         <run_address>0x2000009f</run_address>
         <size>0x1</size>
      </object_component>
      <object_component id="oc-239">
         <name>.common:Lcd_FlagRead</name>
         <uninitialized>true</uninitialized>
         <run_address>0x2000009e</run_address>
         <size>0x1</size>
      </object_component>
      <object_component id="oc-23a">
         <name>.common:Lcd_TouchTrim</name>
         <uninitialized>true</uninitialized>
         <run_address>0x2000009c</run_address>
         <size>0x2</size>
      </object_component>
      <object_component id="oc-16c">
         <name>.common:g_sContext</name>
         <uninitialized>true</uninitialized>
         <run_address>0x20000078</run_address>
         <size>0x1c</size>
      </object_component>
      <object_component id="oc-29">
         <name>.stack</name>
         <uninitialized>true</uninitialized>
         <run_address>0x2000fe00</run_address>
         <size>0x4</size>
         <input_file_ref idref="fl-d5"/>
      </object_component>
      <object_component id="oc-66a">
         <name>.stack</name>
         <uninitialized>true</uninitialized>
         <run_address>0x2000fe00</run_address>
         <size>0x0</size>
      </object_component>
      <object_component id="oc-75">
         <name>.debug_info</name>
         <load_address>0x0</load_address>
         <run_address>0x0</run_address>
         <size>0x2df</size>
         <input_file_ref idref="fl-2"/>
      </object_component>
      <object_component id="oc-27">
         <name>.debug_info</name>
         <load_address>0x2df</load_address>
         <run_address>0x2df</run_address>
         <size>0x10b</size>
         <input_file_ref idref="fl-2"/>
      </object_component>
      <object_component id="oc-68">
         <name>.debug_info</name>
         <load_address>0x3ea</load_address>
         <run_address>0x3ea</run_address>
         <size>0x1d2</size>
         <input_file_ref idref="fl-2"/>
      </object_component>
      <object_component id="oc-189">
         <name>.debug_info</name>
         <load_address>0x5bc</load_address>
         <run_address>0x5bc</run_address>
         <size>0x26b</size>
         <input_file_ref idref="fl-2"/>
      </object_component>
      <object_component id="oc-32">
         <name>.debug_info</name>
         <load_address>0x827</load_address>
         <run_address>0x827</run_address>
         <size>0x84</size>
         <input_file_ref idref="fl-2"/>
      </object_component>
      <object_component id="oc-295">
         <name>.debug_info</name>
         <load_address>0x8ab</load_address>
         <run_address>0x8ab</run_address>
         <size>0x2a4</size>
         <input_file_ref idref="fl-2"/>
      </object_component>
      <object_component id="oc-3c6">
         <name>.debug_info</name>
         <load_address>0xb4f</load_address>
         <run_address>0xb4f</run_address>
         <size>0xef</size>
         <input_file_ref idref="fl-2"/>
      </object_component>
      <object_component id="oc-182">
         <name>.debug_info</name>
         <load_address>0xc3e</load_address>
         <run_address>0xc3e</run_address>
         <size>0xbb</size>
         <input_file_ref idref="fl-2"/>
      </object_component>
      <object_component id="oc-3f2">
         <name>.debug_info</name>
         <load_address>0xcf9</load_address>
         <run_address>0xcf9</run_address>
         <size>0x54d</size>
         <input_file_ref idref="fl-3"/>
      </object_component>
      <object_component id="oc-1e4">
         <name>.debug_info</name>
         <load_address>0x1246</load_address>
         <run_address>0x1246</run_address>
         <size>0x104</size>
         <input_file_ref idref="fl-3"/>
      </object_component>
      <object_component id="oc-ad">
         <name>.debug_info</name>
         <load_address>0x134a</load_address>
         <run_address>0x134a</run_address>
         <size>0x276</size>
         <input_file_ref idref="fl-3"/>
      </object_component>
      <object_component id="oc-3f9">
         <name>.debug_info</name>
         <load_address>0x15c0</load_address>
         <run_address>0x15c0</run_address>
         <size>0x37e2</size>
         <input_file_ref idref="fl-3"/>
      </object_component>
      <object_component id="oc-27a">
         <name>.debug_info</name>
         <load_address>0x4da2</load_address>
         <run_address>0x4da2</run_address>
         <size>0x1055</size>
         <input_file_ref idref="fl-3"/>
      </object_component>
      <object_component id="oc-234">
         <name>.debug_info</name>
         <load_address>0x5df7</load_address>
         <run_address>0x5df7</run_address>
         <size>0x941</size>
         <input_file_ref idref="fl-4"/>
      </object_component>
      <object_component id="oc-170">
         <name>.debug_info</name>
         <load_address>0x6738</load_address>
         <run_address>0x6738</run_address>
         <size>0x125</size>
         <input_file_ref idref="fl-4"/>
      </object_component>
      <object_component id="oc-173">
         <name>.debug_info</name>
         <load_address>0x685d</load_address>
         <run_address>0x685d</run_address>
         <size>0x131</size>
         <input_file_ref idref="fl-4"/>
      </object_component>
      <object_component id="oc-23d">
         <name>.debug_info</name>
         <load_address>0x698e</load_address>
         <run_address>0x698e</run_address>
         <size>0x106</size>
         <input_file_ref idref="fl-4"/>
      </object_component>
      <object_component id="oc-10d">
         <name>.debug_info</name>
         <load_address>0x6a94</load_address>
         <run_address>0x6a94</run_address>
         <size>0x1534</size>
         <input_file_ref idref="fl-4"/>
      </object_component>
      <object_component id="oc-3c1">
         <name>.debug_info</name>
         <load_address>0x7fc8</load_address>
         <run_address>0x7fc8</run_address>
         <size>0x37e2</size>
         <input_file_ref idref="fl-4"/>
      </object_component>
      <object_component id="oc-240">
         <name>.debug_info</name>
         <load_address>0xb7aa</load_address>
         <run_address>0xb7aa</run_address>
         <size>0x439</size>
         <input_file_ref idref="fl-4"/>
      </object_component>
      <object_component id="oc-3b8">
         <name>.debug_info</name>
         <load_address>0xbbe3</load_address>
         <run_address>0xbbe3</run_address>
         <size>0x131</size>
         <input_file_ref idref="fl-4"/>
      </object_component>
      <object_component id="oc-4dd">
         <name>.debug_info</name>
         <load_address>0xbd14</load_address>
         <run_address>0xbd14</run_address>
         <size>0x887</size>
         <input_file_ref idref="fl-5"/>
      </object_component>
      <object_component id="oc-3b5">
         <name>.debug_info</name>
         <load_address>0xc59b</load_address>
         <run_address>0xc59b</run_address>
         <size>0x119</size>
         <input_file_ref idref="fl-5"/>
      </object_component>
      <object_component id="oc-224">
         <name>.debug_info</name>
         <load_address>0xc6b4</load_address>
         <run_address>0xc6b4</run_address>
         <size>0x5b3</size>
         <input_file_ref idref="fl-5"/>
      </object_component>
      <object_component id="oc-1fd">
         <name>.debug_info</name>
         <load_address>0xcc67</load_address>
         <run_address>0xcc67</run_address>
         <size>0x8b</size>
         <input_file_ref idref="fl-5"/>
      </object_component>
      <object_component id="oc-16d">
         <name>.debug_info</name>
         <load_address>0xccf2</load_address>
         <run_address>0xccf2</run_address>
         <size>0x10d8</size>
         <input_file_ref idref="fl-6"/>
      </object_component>
      <object_component id="oc-2cb">
         <name>.debug_info</name>
         <load_address>0xddca</load_address>
         <run_address>0xddca</run_address>
         <size>0x114</size>
         <input_file_ref idref="fl-6"/>
      </object_component>
      <object_component id="oc-176">
         <name>.debug_info</name>
         <load_address>0xdede</load_address>
         <run_address>0xdede</run_address>
         <size>0x1e8</size>
         <input_file_ref idref="fl-6"/>
      </object_component>
      <object_component id="oc-321">
         <name>.debug_info</name>
         <load_address>0xe0c6</load_address>
         <run_address>0xe0c6</run_address>
         <size>0x108</size>
         <input_file_ref idref="fl-6"/>
      </object_component>
      <object_component id="oc-2d4">
         <name>.debug_info</name>
         <load_address>0xe1ce</load_address>
         <run_address>0xe1ce</run_address>
         <size>0x109</size>
         <input_file_ref idref="fl-6"/>
      </object_component>
      <object_component id="oc-2d7">
         <name>.debug_info</name>
         <load_address>0xe2d7</load_address>
         <run_address>0xe2d7</run_address>
         <size>0x109</size>
         <input_file_ref idref="fl-6"/>
      </object_component>
      <object_component id="oc-2e3">
         <name>.debug_info</name>
         <load_address>0xe3e0</load_address>
         <run_address>0xe3e0</run_address>
         <size>0x109</size>
         <input_file_ref idref="fl-6"/>
      </object_component>
      <object_component id="oc-2e9">
         <name>.debug_info</name>
         <load_address>0xe4e9</load_address>
         <run_address>0xe4e9</run_address>
         <size>0x10a</size>
         <input_file_ref idref="fl-6"/>
      </object_component>
      <object_component id="oc-315">
         <name>.debug_info</name>
         <load_address>0xe5f3</load_address>
         <run_address>0xe5f3</run_address>
         <size>0x10a</size>
         <input_file_ref idref="fl-6"/>
      </object_component>
      <object_component id="oc-318">
         <name>.debug_info</name>
         <load_address>0xe6fd</load_address>
         <run_address>0xe6fd</run_address>
         <size>0x10a</size>
         <input_file_ref idref="fl-6"/>
      </object_component>
      <object_component id="oc-31b">
         <name>.debug_info</name>
         <load_address>0xe807</load_address>
         <run_address>0xe807</run_address>
         <size>0x10a</size>
         <input_file_ref idref="fl-6"/>
      </object_component>
      <object_component id="oc-31e">
         <name>.debug_info</name>
         <load_address>0xe911</load_address>
         <run_address>0xe911</run_address>
         <size>0x10a</size>
         <input_file_ref idref="fl-6"/>
      </object_component>
      <object_component id="oc-324">
         <name>.debug_info</name>
         <load_address>0xea1b</load_address>
         <run_address>0xea1b</run_address>
         <size>0x10a</size>
         <input_file_ref idref="fl-6"/>
      </object_component>
      <object_component id="oc-327">
         <name>.debug_info</name>
         <load_address>0xeb25</load_address>
         <run_address>0xeb25</run_address>
         <size>0x10c</size>
         <input_file_ref idref="fl-6"/>
      </object_component>
      <object_component id="oc-32a">
         <name>.debug_info</name>
         <load_address>0xec31</load_address>
         <run_address>0xec31</run_address>
         <size>0x10e</size>
         <input_file_ref idref="fl-6"/>
      </object_component>
      <object_component id="oc-32d">
         <name>.debug_info</name>
         <load_address>0xed3f</load_address>
         <run_address>0xed3f</run_address>
         <size>0x10e</size>
         <input_file_ref idref="fl-6"/>
      </object_component>
      <object_component id="oc-330">
         <name>.debug_info</name>
         <load_address>0xee4d</load_address>
         <run_address>0xee4d</run_address>
         <size>0x10e</size>
         <input_file_ref idref="fl-6"/>
      </object_component>
      <object_component id="oc-336">
         <name>.debug_info</name>
         <load_address>0xef5b</load_address>
         <run_address>0xef5b</run_address>
         <size>0x10e</size>
         <input_file_ref idref="fl-6"/>
      </object_component>
      <object_component id="oc-339">
         <name>.debug_info</name>
         <load_address>0xf069</load_address>
         <run_address>0xf069</run_address>
         <size>0x10e</size>
         <input_file_ref idref="fl-6"/>
      </object_component>
      <object_component id="oc-33c">
         <name>.debug_info</name>
         <load_address>0xf177</load_address>
         <run_address>0xf177</run_address>
         <size>0x10e</size>
         <input_file_ref idref="fl-6"/>
      </object_component>
      <object_component id="oc-33f">
         <name>.debug_info</name>
         <load_address>0xf285</load_address>
         <run_address>0xf285</run_address>
         <size>0x10e</size>
         <input_file_ref idref="fl-6"/>
      </object_component>
      <object_component id="oc-342">
         <name>.debug_info</name>
         <load_address>0xf393</load_address>
         <run_address>0xf393</run_address>
         <size>0x10e</size>
         <input_file_ref idref="fl-6"/>
      </object_component>
      <object_component id="oc-345">
         <name>.debug_info</name>
         <load_address>0xf4a1</load_address>
         <run_address>0xf4a1</run_address>
         <size>0x10e</size>
         <input_file_ref idref="fl-6"/>
      </object_component>
      <object_component id="oc-348">
         <name>.debug_info</name>
         <load_address>0xf5af</load_address>
         <run_address>0xf5af</run_address>
         <size>0x10e</size>
         <input_file_ref idref="fl-6"/>
      </object_component>
      <object_component id="oc-34b">
         <name>.debug_info</name>
         <load_address>0xf6bd</load_address>
         <run_address>0xf6bd</run_address>
         <size>0x10e</size>
         <input_file_ref idref="fl-6"/>
      </object_component>
      <object_component id="oc-34e">
         <name>.debug_info</name>
         <load_address>0xf7cb</load_address>
         <run_address>0xf7cb</run_address>
         <size>0x10e</size>
         <input_file_ref idref="fl-6"/>
      </object_component>
      <object_component id="oc-351">
         <name>.debug_info</name>
         <load_address>0xf8d9</load_address>
         <run_address>0xf8d9</run_address>
         <size>0x10e</size>
         <input_file_ref idref="fl-6"/>
      </object_component>
      <object_component id="oc-19f">
         <name>.debug_info</name>
         <load_address>0xf9e7</load_address>
         <run_address>0xf9e7</run_address>
         <size>0x3e30</size>
         <input_file_ref idref="fl-6"/>
      </object_component>
      <object_component id="oc-275">
         <name>.debug_info</name>
         <load_address>0x13817</load_address>
         <run_address>0x13817</run_address>
[...]
         <object_component_ref idref="oc-589"/>
      </symbol>
      <symbol id="sm-762">
         <name>__aeabi_dmul</name>
         <value>0x46d1</value>
         <object_component_ref idref="oc-584"/>
      </symbol>
      <symbol id="sm-76c">
         <name>__aeabi_d2iz</name>
         <value>0x561d</value>
         <object_component_ref idref="oc-593"/>
      </symbol>
      <symbol id="sm-776">
         <name>__aeabi_i2d</name>
         <value>0x5a65</value>
         <object_component_ref idref="oc-59e"/>
      </symbol>
      <symbol id="sm-79e">
         <name>__TI_auto_init_nobinit_nopinit</name>
         <value>0x5665</value>
         <object_component_ref idref="oc-1b1"/>
      </symbol>
      <symbol id="sm-7a8">
         <name>_system_pre_init</name>
         <value>0x5f31</value>
         <object_component_ref idref="oc-93"/>
      </symbol>
      <symbol id="sm-7b4">
         <name>C$$EXIT</name>
         <value>0x5f35</value>
         <object_component_ref idref="oc-1a5"/>
      </symbol>
      <symbol id="sm-7b5">
         <name>abort</name>
         <value>0x5f35</value>
         <object_component_ref idref="oc-1a5"/>
      </symbol>
      <symbol id="sm-7ca">
         <name>_nop</name>
         <value>0x24f3</value>
         <object_component_ref idref="oc-4a1"/>
      </symbol>
      <symbol id="sm-7cb">
         <name>_lock</name>
         <value>0x20000064</value>
         <object_component_ref idref="oc-35d"/>
      </symbol>
      <symbol id="sm-7cc">
         <name>_unlock</name>
         <value>0x20000068</value>
         <object_component_ref idref="oc-35d"/>
      </symbol>
      <symbol id="sm-7db">
         <name>__TI_ltoa</name>
         <value>0x5445</value>
         <object_component_ref idref="oc-598"/>
      </symbol>
      <symbol id="sm-7f2">
         <name>atoi</name>
         <value>0x5589</value>
         <object_component_ref idref="oc-4ec"/>
      </symbol>
      <symbol id="sm-802">
         <name>memccpy</name>
         <value>0x5ced</value>
         <object_component_ref idref="oc-515"/>
      </symbol>
      <symbol id="sm-812">
         <name>strchr</name>
         <value>0x5df9</value>
         <object_component_ref idref="oc-5cf"/>
      </symbol>
      <symbol id="sm-828">
         <name>__aeabi_errno_addr</name>
         <value>0x5f29</value>
         <object_component_ref idref="oc-521"/>
      </symbol>
      <symbol id="sm-829">
         <name>errno</name>
         <value>0x2000006c</value>
         <object_component_ref idref="oc-5df"/>
      </symbol>
      <symbol id="sm-842">
         <name>wcslen</name>
         <value>0x5e5f</value>
         <object_component_ref idref="oc-51b"/>
      </symbol>
      <symbol id="sm-862">
         <name>frexpl</name>
         <value>0x527d</value>
         <object_component_ref idref="oc-5c3"/>
      </symbol>
      <symbol id="sm-863">
         <name>frexp</name>
         <value>0x527d</value>
         <object_component_ref idref="oc-5c3"/>
      </symbol>
      <symbol id="sm-880">
         <name>scalbn</name>
         <value>0x44b9</value>
         <object_component_ref idref="oc-5c9"/>
      </symbol>
      <symbol id="sm-881">
         <name>scalbnl</name>
         <value>0x44b9</value>
         <object_component_ref idref="oc-5c9"/>
      </symbol>
      <symbol id="sm-882">
         <name>ldexpl</name>
         <value>0x44b9</value>
         <object_component_ref idref="oc-5c9"/>
      </symbol>
      <symbol id="sm-883">
         <name>ldexp</name>
         <value>0x44b9</value>
         <object_component_ref idref="oc-5c9"/>
      </symbol>
      <symbol id="sm-88d">
         <name>copysign</name>
         <value>0x5d57</value>
         <object_component_ref idref="oc-60c"/>
      </symbol>
      <symbol id="sm-88e">
         <name>copysignl</name>
         <value>0x5d57</value>
         <object_component_ref idref="oc-60c"/>
      </symbol>
      <symbol id="sm-8d4">
         <name>Graphics_setBackgroundColor</name>
         <value>0x5d23</value>
         <object_component_ref idref="oc-11e"/>
      </symbol>
      <symbol id="sm-8d5">
         <name>Graphics_setFont</name>
         <value>0x5d3d</value>
         <object_component_ref idref="oc-124"/>
      </symbol>
      <symbol id="sm-8d6">
         <name>Graphics_initContext</name>
         <value>0x5499</value>
         <object_component_ref idref="oc-112"/>
      </symbol>
      <symbol id="sm-8d7">
         <name>Graphics_setForegroundColor</name>
         <value>0x5dcd</value>
         <object_component_ref idref="oc-118"/>
      </symbol>
      <symbol id="sm-8d8">
         <name>Graphics_clearDisplay</name>
         <value>0x5e4d</value>
         <object_component_ref idref="oc-12a"/>
      </symbol>
      <symbol id="sm-905">
         <name>Graphics_clearDisplayOnDisplay</name>
         <value>0x5d09</value>
         <object_component_ref idref="oc-250"/>
      </symbol>
      <symbol id="sm-906">
         <name>Graphics_drawPixelOnDisplay</name>
         <value>0x5aed</value>
         <object_component_ref idref="oc-426"/>
      </symbol>
      <symbol id="sm-907">
         <name>Graphics_translateColorOnDisplay</name>
         <value>0x5de3</value>
         <object_component_ref idref="oc-247"/>
      </symbol>
      <symbol id="sm-908">
         <name>Graphics_drawHorizontalLineOnDisplay</name>
         <value>0x5895</value>
         <object_component_ref idref="oc-468"/>
      </symbol>
      <symbol id="sm-909">
         <name>Graphics_fillRectangleOnDisplay</name>
         <value>0x5c79</value>
         <object_component_ref idref="oc-436"/>
      </symbol>
      <symbol id="sm-91b">
         <name>g_sFontCmss12</name>
         <value>0x7bc0</value>
         <object_component_ref idref="oc-2df"/>
      </symbol>
      <symbol id="sm-92d">
         <name>g_sFontCmss12b</name>
         <value>0x7c88</value>
         <object_component_ref idref="oc-2e5"/>
      </symbol>
      <symbol id="sm-93f">
         <name>g_sFontCmss14b</name>
         <value>0x7d50</value>
         <object_component_ref idref="oc-178"/>
      </symbol>
      <symbol id="sm-951">
         <name>g_sFontCmss20b</name>
         <value>0x7e18</value>
         <object_component_ref idref="oc-332"/>
      </symbol>
      <symbol id="sm-964">
         <name>Graphics_drawLineH</name>
         <value>0x4b63</value>
         <object_component_ref idref="oc-30e"/>
      </symbol>
      <symbol id="sm-97b">
         <name>Graphics_fillRectangle</name>
         <value>0x43a5</value>
         <object_component_ref idref="oc-2d9"/>
      </symbol>
      <symbol id="sm-9bb">
         <name>Graphics_drawString</name>
         <value>0x2b75</value>
         <object_component_ref idref="oc-2c4"/>
      </symbol>
      <symbol id="sm-ab2">
         <name>ADC14_enableInterrupt</name>
         <value>0x5a35</value>
         <object_component_ref idref="oc-d0"/>
      </symbol>
      <symbol id="sm-ab3">
         <name>ADC14_getInterruptStatus</name>
         <value>0x5a95</value>
         <object_component_ref idref="oc-26a"/>
      </symbol>
      <symbol id="sm-ab4">
         <name>ADC14_enableSampleTimer</name>
         <value>0x5901</value>
         <object_component_ref idref="oc-e2"/>
      </symbol>
      <symbol id="sm-ab5">
         <name>ADC14_enableConversion</name>
         <value>0x5b19</value>
         <object_component_ref idref="oc-e8"/>
      </symbol>
      <symbol id="sm-ab6">
         <name>ADC14_toggleConversionTrigger</name>
         <value>0x5ac1</value>
         <object_component_ref idref="oc-ee"/>
      </symbol>
      <symbol id="sm-ab7">
         <name>ADC14_getEnabledInterruptStatus</name>
         <value>0x5825</value>
         <object_component_ref idref="oc-15a"/>
      </symbol>
      <symbol id="sm-ab8">
         <name>ADC14_initModule</name>
         <value>0x53f1</value>
         <object_component_ref idref="oc-be"/>
      </symbol>
      <symbol id="sm-ab9">
         <name>ADC14_configureMultiSequenceMode</name>
         <value>0x494d</value>
         <object_component_ref idref="oc-c4"/>
      </symbol>
      <symbol id="sm-aba">
         <name>ADC14_clearInterruptFlag</name>
         <value>0x5a05</value>
         <object_component_ref idref="oc-160"/>
      </symbol>
      <symbol id="sm-abb">
         <name>ADC14_configureConversionMemory</name>
         <value>0x4899</value>
         <object_component_ref idref="oc-ca"/>
      </symbol>
      <symbol id="sm-abc">
         <name>ADC14_enableModule</name>
         <value>0x5eed</value>
         <object_component_ref idref="oc-b8"/>
      </symbol>
      <symbol id="sm-abd">
         <name>ADC14_getResult</name>
         <value>0x5b41</value>
         <object_component_ref idref="oc-166"/>
      </symbol>
      <symbol id="sm-aec">
         <name>CS_setDCOCenteredFrequency</name>
         <value>0x5935</value>
         <object_component_ref idref="oc-148"/>
      </symbol>
      <symbol id="sm-aed">
         <name>CS_initClockSignal</name>
         <value>0x4151</value>
         <object_component_ref idref="oc-14e"/>
      </symbol>
      <symbol id="sm-afc">
         <name>FlashCtl_setWaitState</name>
         <value>0x55d5</value>
         <object_component_ref idref="oc-142"/>
      </symbol>
      <symbol id="sm-b6e">
         <name>GPIO_setAsInputPin</name>
         <value>0x553d</value>
         <object_component_ref idref="oc-f4"/>
      </symbol>
      <symbol id="sm-b6f">
         <name>GPIO_setOutputHighOnPin</name>
         <value>0x5bb9</value>
         <object_component_ref idref="oc-22d"/>
      </symbol>
      <symbol id="sm-b70">
         <name>GPIO_enableInterrupt</name>
         <value>0x5b91</value>
         <object_component_ref idref="oc-106"/>
      </symbol>
      <symbol id="sm-b71">
         <name>GPIO_setAsOutputPin</name>
         <value>0x56a9</value>
         <object_component_ref idref="oc-3a2"/>
      </symbol>
      <symbol id="sm-b72">
         <name>GPIO_interruptEdgeSelect</name>
         <value>0x57e9</value>
         <object_component_ref idref="oc-fa"/>
      </symbol>
      <symbol id="sm-b73">
         <name>GPIO_setOutputLowOnPin</name>
         <value>0x5be1</value>
         <object_component_ref idref="oc-227"/>
      </symbol>
      <symbol id="sm-b74">
         <name>GPIO_clearInterruptFlag</name>
         <value>0x5b69</value>
         <object_component_ref idref="oc-100"/>
      </symbol>
      <symbol id="sm-b75">
         <name>GPIO_setAsPeripheralModuleFunctionOutputPin</name>
         <value>0x4db9</value>
         <object_component_ref idref="oc-39c"/>
      </symbol>
      <symbol id="sm-b76">
         <name>GPIO_setAsPeripheralModuleFunctionInputPin</name>
         <value>0x4d31</value>
         <object_component_ref idref="oc-b2"/>
      </symbol>
      <symbol id="sm-ba5">
         <name>Interrupt_disableMaster</name>
         <value>0x5e81</value>
         <object_component_ref idref="oc-136"/>
      </symbol>
      <symbol id="sm-ba6">
         <name>Interrupt_enableMaster</name>
         <value>0x5e91</value>
         <object_component_ref idref="oc-dc"/>
      </symbol>
      <symbol id="sm-ba7">
         <name>Interrupt_enableInterrupt</name>
         <value>0x4fd5</value>
         <object_component_ref idref="oc-d6"/>
      </symbol>
      <symbol id="sm-c25">
         <name>PCM_setCoreVoltageLevel</name>
         <value>0x5ea1</value>
         <object_component_ref idref="oc-13c"/>
      </symbol>
      <symbol id="sm-c26">
         <name>PCM_getCoreVoltageLevel</name>
         <value>0x52e1</value>
         <object_component_ref idref="oc-3de"/>
      </symbol>
      <symbol id="sm-c27">
         <name>PCM_getPowerMode</name>
         <value>0x533f</value>
         <object_component_ref idref="oc-3d8"/>
      </symbol>
      <symbol id="sm-c28">
         <name>PCM_getPowerState</name>
         <value>0x5e11</value>
         <object_component_ref idref="oc-3e4"/>
      </symbol>
      <symbol id="sm-c29">
         <name>PCM_setPowerMode</name>
         <value>0x5eb1</value>
         <object_component_ref idref="oc-3ea"/>
      </symbol>
      <symbol id="sm-c69">
         <name>EUSCI_B_SPI_enable</name>
         <value>0x5db7</value>
         <object_component_ref idref="oc-4d4"/>
      </symbol>
      <symbol id="sm-c6a">
         <name>SPI_enableModule</name>
         <value>0x5cb5</value>
         <object_component_ref idref="oc-3ae"/>
      </symbol>
      <symbol id="sm-c6b">
         <name>EUSCI_A_SPI_enable</name>
         <value>0x5da1</value>
         <object_component_ref idref="oc-4ce"/>
      </symbol>
      <symbol id="sm-c6c">
         <name>SPI_initMaster</name>
         <value>0x4ab3</value>
         <object_component_ref idref="oc-3a8"/>
      </symbol>
      <symbol id="sm-c9f">
         <name>Timer32_startTimer</name>
         <value>0x585d</value>
         <object_component_ref idref="oc-2a0"/>
      </symbol>
      <symbol id="sm-ca0">
         <name>Timer32_setCount</name>
         <value>0x5969</value>
         <object_component_ref idref="oc-29a"/>
      </symbol>
      <symbol id="sm-ca1">
         <name>Timer32_getValue</name>
         <value>0x5ec1</value>
         <object_component_ref idref="oc-2a6"/>
      </symbol>
      <symbol id="sm-ca2">
         <name>Timer32_initModule</name>
         <value>0x51ad</value>
         <object_component_ref idref="oc-154"/>
      </symbol>
      <symbol id="sm-cae">
         <name>WDT_A_holdTimer</name>
         <value>0x5c31</value>
         <object_component_ref idref="oc-130"/>
      </symbol>
      <symbol id="sm-cc0">
         <name>CPU_cpsie</name>
         <value>0x5f05</value>
         <object_component_ref idref="oc-213"/>
      </symbol>
      <symbol id="sm-cc1">
         <name>CPU_cpsid</name>
         <value>0x5ef9</value>
         <object_component_ref idref="oc-258"/>
      </symbol>
      <symbol id="sm-cc2">
         <name>__TI_static_base__</name>
         <value>0x0</value>
      </symbol>
      <symbol id="sm-cc5">
         <name>__mpu_init</name>
         <value>0x0</value>
      </symbol>
      <symbol id="sm-cc6">
         <name>_system_post_cinit</name>
         <value>0x0</value>
      </symbol>
      <symbol id="sm-cc7">
         <name>NMI_Handler</name>
         <value>0x5ee9</value>
      </symbol>
      <symbol id="sm-cc8">
         <name>HardFault_Handler</name>
         <value>0x5ee9</value>
      </symbol>
      <symbol id="sm-cc9">
         <name>MemManage_Handler</name>
         <value>0x5ee9</value>
      </symbol>
      <symbol id="sm-cca">
         <name>BusFault_Handler</name>
         <value>0x5ee9</value>
      </symbol>
      <symbol id="sm-ccb">
         <name>UsageFault_Handler</name>
         <value>0x5ee9</value>
      </symbol>
      <symbol id="sm-ccc">
         <name>SVC_Handler</name>
         <value>0x5ee9</value>
      </symbol>
      <symbol id="sm-ccd">
         <name>DebugMon_Handler</name>
         <value>0x5ee9</value>
      </symbol>
      <symbol id="sm-cce">
         <name>PendSV_Handler</name>
         <value>0x5ee9</value>
      </symbol>
      <symbol id="sm-ccf">
         <name>SysTick_Handler</name>
         <value>0x5ee9</value>
      </symbol>
      <symbol id="sm-cd0">
         <name>PSS_IRQHandler</name>
         <value>0x5ee9</value>
      </symbol>
      <symbol id="sm-cd1">
         <name>CS_IRQHandler</name>
         <value>0x5ee9</value>
      </symbol>
      <symbol id="sm-cd2">
         <name>PCM_IRQHandler</name>
         <value>0x5ee9</value>
      </symbol>
      <symbol id="sm-cd3">
         <name>WDT_A_IRQHandler</name>
         <value>0x5ee9</value>
      </symbol>
      <symbol id="sm-cd4">
         <name>FPU_IRQHandler</name>
         <value>0x5ee9</value>
      </symbol>
      <symbol id="sm-cd5">
         <name>FLCTL_IRQHandler</name>
         <value>0x5ee9</value>
      </symbol>
      <symbol id="sm-cd6">
         <name>COMP_E0_IRQHandler</name>
         <value>0x5ee9</value>
      </symbol>
      <symbol id="sm-cd7">
         <name>COMP_E1_IRQHandler</name>
         <value>0x5ee9</value>
      </symbol>
      <symbol id="sm-cd8">
         <name>TA0_0_IRQHandler</name>
         <value>0x5ee9</value>
      </symbol>
      <symbol id="sm-cd9">
         <name>TA0_N_IRQHandler</name>
         <value>0x5ee9</value>
      </symbol>
      <symbol id="sm-cda">
         <name>TA1_0_IRQHandler</name>
         <value>0x5ee9</value>
      </symbol>
      <symbol id="sm-cdb">
         <name>TA1_N_IRQHandler</name>
         <value>0x5ee9</value>
      </symbol>
      <symbol id="sm-cdc">
         <name>TA2_0_IRQHandler</name>
         <value>0x5ee9</value>
      </symbol>
      <symbol id="sm-cdd">
         <name>TA2_N_IRQHandler</name>
         <value>0x5ee9</value>
      </symbol>
      <symbol id="sm-cde">
         <name>TA3_0_IRQHandler</name>
         <value>0x5ee9</value>
      </symbol>
      <symbol id="sm-cdf">
         <name>TA3_N_IRQHandler</name>
         <value>0x5ee9</value>
      </symbol>
      <symbol id="sm-ce0">
         <name>EUSCIA0_IRQHandler</name>
         <value>0x5ee9</value>
      </symbol>
      <symbol id="sm-ce1">
         <name>EUSCIA1_IRQHandler</name>
         <value>0x5ee9</value>
      </symbol>
      <symbol id="sm-ce2">
         <name>EUSCIA2_IRQHandler</name>
         <value>0x5ee9</value>
      </symbol>
      <symbol id="sm-ce3">
         <name>EUSCIA3_IRQHandler</name>
         <value>0x5ee9</value>
      </symbol>
      <symbol id="sm-ce4">
         <name>EUSCIB0_IRQHandler</name>
         <value>0x5ee9</value>
      </symbol>
      <symbol id="sm-ce5">
         <name>EUSCIB1_IRQHandler</name>
         <value>0x5ee9</value>
      </symbol>
      <symbol id="sm-ce6">
         <name>EUSCIB2_IRQHandler</name>
         <value>0x5ee9</value>
      </symbol>
      <symbol id="sm-ce7">
         <name>EUSCIB3_IRQHandler</name>
         <value>0x5ee9</value>
      </symbol>
      <symbol id="sm-ce8">
         <name>ADC14_IRQHandler</name>
         <value>0x348f</value>
      </symbol>
      <symbol id="sm-ce9">
         <name>T32_INT1_IRQHandler</name>
         <value>0x5ee9</value>
      </symbol>
      <symbol id="sm-cea">
         <name>T32_INT2_IRQHandler</name>
         <value>0x5ee9</value>
      </symbol>
      <symbol id="sm-ceb">
         <name>T32_INTC_IRQHandler</name>
         <value>0x5ee9</value>
      </symbol>
      <symbol id="sm-cec">
         <name>AES256_IRQHandler</name>
         <value>0x5ee9</value>
      </symbol>
      <symbol id="sm-ced">
         <name>RTC_C_IRQHandler</name>
         <value>0x5ee9</value>
      </symbol>
      <symbol id="sm-cee">
         <name>DMA_ERR_IRQHandler</name>
         <value>0x5ee9</value>
      </symbol>
      <symbol id="sm-cef">
         <name>DMA_INT3_IRQHandler</name>
         <value>0x5ee9</value>
      </symbol>
      <symbol id="sm-cf0">
         <name>DMA_INT2_IRQHandler</name>
         <value>0x5ee9</value>
      </symbol>
      <symbol id="sm-cf1">
         <name>DMA_INT1_IRQHandler</name>
         <value>0x5ee9</value>
      </symbol>
      <symbol id="sm-cf2">
         <name>DMA_INT0_IRQHandler</name>
         <value>0x5ee9</value>
      </symbol>
      <symbol id="sm-cf3">
         <name>PORT1_IRQHandler</name>
         <value>0x5ee9</value>
      </symbol>
      <symbol id="sm-cf4">
         <name>PORT2_IRQHandler</name>
         <value>0x5ee9</value>
      </symbol>
      <symbol id="sm-cf5">
         <name>PORT3_IRQHandler</name>
         <value>0x35bd</value>
      </symbol>
      <symbol id="sm-cf6">
         <name>PORT4_IRQHandler</name>
         <value>0x5ee9</value>
      </symbol>
      <symbol id="sm-cf7">
         <name>PORT5_IRQHandler</name>
         <value>0x359f</value>
      </symbol>
      <symbol id="sm-cf8">
         <name>PORT6_IRQHandler</name>
         <value>0x5ee9</value>
      </symbol>
   </symbol_table>
   <title>Link successful</title>
</link_info>
