<?xml version="1.0" encoding="ISO-8859-1" ?>
<link_info>
   <banner>TI ARM Linker PC v20.2.7.LTS</banner>
   <copyright>Copyright (c) 1996-2018 Texas Instruments Incorporated</copyright>
   <link_time>0x63f23115</link_time>
   <link_errors>0x0</link_errors>
   <output_file>MSP432.out</output_file>
   <entry_point>
      <name>_c_int00_noargs</name>
      <address>0x68dd</address>
   </entry_point>
   <input_file_list>
      <input_file id="fl-2">
         <path>.\</path>
         <kind>object</kind>
         <file>startup_msp432p401r_ccs.obj</file>
         <name>startup_msp432p401r_ccs.obj</name>
      </input_file>
      <input_file id="fl-3">
         <path>.\</path>
         <kind>object</kind>
         <file>system_msp432p401r.obj</file>
         <name>system_msp432p401r.obj</name>
      </input_file>
      <input_file id="fl-4">
         <path>.\LcdDriver\</path>
         <kind>object</kind>
         <file>Crystalfontz128x128_ST7735.obj</file>
         <name>Crystalfontz128x128_ST7735.obj</name>
      </input_file>
      <input_file id="fl-5">
         <path>.\LcdDriver\</path>
         <kind>object</kind>
         <file>HAL_MSP_EXP432P401R_Crystalfontz128x128_ST7735.obj</file>
         <name>HAL_MSP_EXP432P401R_Crystalfontz128x128_ST7735.obj</name>
      </input_file>
      <input_file id="fl-6">
         <path>.\libs\LavaLampInterface\</path>
         <kind>object</kind>
         <file>lavaLampInterface.obj</file>
         <name>lavaLampInterface.obj</name>
      </input_file>
      <input_file id="fl-7">
         <path>.\src\</path>
         <kind>object</kind>
         <file>main.obj</file>
         <name>main.obj</name>
      </input_file>
      <input_file id="fl-d">
         <kind>object</kind>
         <file>&lt;internal&gt;</file>
         <name>&lt;internal&gt;</name>
      </input_file>
      <input_file id="fl-c3">
         <path>C:\ti\ccs1210\ccs\tools\compiler\ti-cgt-arm_20.2.7.LTS\lib\</path>
         <kind>archive</kind>
         <file>rtsv7M4_T_le_v4SPD16_eabi.lib</file>
         <name>printf.c.obj</name>
      </input_file>
      <input_file id="fl-c4">
         <path>C:\ti\ccs1210\ccs\tools\compiler\ti-cgt-arm_20.2.7.LTS\lib\</path>
         <kind>archive</kind>
         <file>rtsv7M4_T_le_v4SPD16_eabi.lib</file>
         <name>_printfi.c.obj</name>
      </input_file>
      <input_file id="fl-c5">
         <path>C:\ti\ccs1210\ccs\tools\compiler\ti-cgt-arm_20.2.7.LTS\lib\</path>
         <kind>archive</kind>
         <file>rtsv7M4_T_le_v4SPD16_eabi.lib</file>
         <name>sprintf.c.obj</name>
      </input_file>
      <input_file id="fl-c6">
         <path>C:\ti\ccs1210\ccs\tools\compiler\ti-cgt-arm_20.2.7.LTS\lib\</path>
         <kind>archive</kind>
         <file>rtsv7M4_T_le_v4SPD16_eabi.lib</file>
         <name>fputc.c.obj</name>
      </input_file>
      <input_file id="fl-c7">
         <path>C:\ti\ccs1210\ccs\tools\compiler\ti-cgt-arm_20.2.7.LTS\lib\</path>
         <kind>archive</kind>
         <file>rtsv7M4_T_le_v4SPD16_eabi.lib</file>
         <name>fputs.c.obj</name>
      </input_file>
      <input_file id="fl-c8">
         <path>C:\ti\ccs1210\ccs\tools\compiler\ti-cgt-arm_20.2.7.LTS\lib\</path>
         <kind>archive</kind>
         <file>rtsv7M4_T_le_v4SPD16_eabi.lib</file>
         <name>_io_perm.c.obj</name>
      </input_file>
      <input_file id="fl-c9">
         <path>C:\ti\ccs1210\ccs\tools\compiler\ti-cgt-arm_20.2.7.LTS\lib\</path>
         <kind>archive</kind>
         <file>rtsv7M4_T_le_v4SPD16_eabi.lib</file>
         <name>setvbuf.c.obj</name>
      </input_file>
      <input_file id="fl-ca">
         <path>C:\ti\ccs1210\ccs\tools\compiler\ti-cgt-arm_20.2.7.LTS\lib\</path>
         <kind>archive</kind>
         <file>rtsv7M4_T_le_v4SPD16_eabi.lib</file>
         <name>fd_add_t2.asm.obj</name>
      </input_file>
      <input_file id="fl-cb">
         <path>C:\ti\ccs1210\ccs\tools\compiler\ti-cgt-arm_20.2.7.LTS\lib\</path>
         <kind>archive</kind>
         <file>rtsv7M4_T_le_v4SPD16_eabi.lib</file>
         <name>fd_cmp_t2.asm.obj</name>
      </input_file>
      <input_file id="fl-cc">
         <path>C:\ti\ccs1210\ccs\tools\compiler\ti-cgt-arm_20.2.7.LTS\lib\</path>
         <kind>archive</kind>
         <file>rtsv7M4_T_le_v4SPD16_eabi.lib</file>
         <name>fd_div_t2.asm.obj</name>
      </input_file>
      <input_file id="fl-cd">
         <path>C:\ti\ccs1210\ccs\tools\compiler\ti-cgt-arm_20.2.7.LTS\lib\</path>
         <kind>archive</kind>
         <file>rtsv7M4_T_le_v4SPD16_eabi.lib</file>
         <name>fd_mul_t2.asm.obj</name>
      </input_file>
      <input_file id="fl-ce">
         <path>C:\ti\ccs1210\ccs\tools\compiler\ti-cgt-arm_20.2.7.LTS\lib\</path>
         <kind>archive</kind>
         <file>rtsv7M4_T_le_v4SPD16_eabi.lib</file>
         <name>fd_toi_t2.asm.obj</name>
      </input_file>
      <input_file id="fl-cf">
         <path>C:\ti\ccs1210\ccs\tools\compiler\ti-cgt-arm_20.2.7.LTS\lib\</path>
         <kind>archive</kind>
         <file>rtsv7M4_T_le_v4SPD16_eabi.lib</file>
         <name>i_tofd_t2.asm.obj</name>
      </input_file>
      <input_file id="fl-d0">
         <path>C:\ti\ccs1210\ccs\tools\compiler\ti-cgt-arm_20.2.7.LTS\lib\</path>
         <kind>archive</kind>
         <file>rtsv7M4_T_le_v4SPD16_eabi.lib</file>
         <name>memcpy_t2.asm.obj</name>
      </input_file>
      <input_file id="fl-d1">
         <path>C:\ti\ccs1210\ccs\tools\compiler\ti-cgt-arm_20.2.7.LTS\lib\</path>
         <kind>archive</kind>
         <file>rtsv7M4_T_le_v4SPD16_eabi.lib</file>
         <name>memset_t2.asm.obj</name>
      </input_file>
      <input_file id="fl-d2">
         <path>C:\ti\ccs1210\ccs\tools\compiler\ti-cgt-arm_20.2.7.LTS\lib\</path>
         <kind>archive</kind>
         <file>rtsv7M4_T_le_v4SPD16_eabi.lib</file>
         <name>ll_div_t2.asm.obj</name>
      </input_file>
      <input_file id="fl-d3">
         <path>C:\ti\ccs1210\ccs\tools\compiler\ti-cgt-arm_20.2.7.LTS\lib\</path>
         <kind>archive</kind>
         <file>rtsv7M4_T_le_v4SPD16_eabi.lib</file>
         <name>ull_div_t2.asm.obj</name>
      </input_file>
      <input_file id="fl-d4">
         <path>C:\ti\ccs1210\ccs\tools\compiler\ti-cgt-arm_20.2.7.LTS\lib\</path>
         <kind>archive</kind>
         <file>rtsv7M4_T_le_v4SPD16_eabi.lib</file>
         <name>copy_zero_init.c.obj</name>
      </input_file>
      <input_file id="fl-d5">
         <path>C:\ti\ccs1210\ccs\tools\compiler\ti-cgt-arm_20.2.7.LTS\lib\</path>
         <kind>archive</kind>
         <file>rtsv7M4_T_le_v4SPD16_eabi.lib</file>
         <name>copy_decompress_none.c.obj</name>
      </input_file>
      <input_file id="fl-d6">
         <path>C:\ti\ccs1210\ccs\tools\compiler\ti-cgt-arm_20.2.7.LTS\lib\</path>
         <kind>archive</kind>
         <file>rtsv7M4_T_le_v4SPD16_eabi.lib</file>
         <name>copy_decompress_lzss.c.obj</name>
      </input_file>
      <input_file id="fl-d7">
         <path>C:\ti\ccs1210\ccs\tools\compiler\ti-cgt-arm_20.2.7.LTS\lib\</path>
         <kind>archive</kind>
         <file>rtsv7M4_T_le_v4SPD16_eabi.lib</file>
         <name>exit.c.obj</name>
      </input_file>
      <input_file id="fl-d8">
         <path>C:\ti\ccs1210\ccs\tools\compiler\ti-cgt-arm_20.2.7.LTS\lib\</path>
         <kind>archive</kind>
         <file>rtsv7M4_T_le_v4SPD16_eabi.lib</file>
         <name>_lock.c.obj</name>
      </input_file>
      <input_file id="fl-d9">
         <path>C:\ti\ccs1210\ccs\tools\compiler\ti-cgt-arm_20.2.7.LTS\lib\</path>
         <kind>archive</kind>
         <file>rtsv7M4_T_le_v4SPD16_eabi.lib</file>
         <name>_ltoa.c.obj</name>
      </input_file>
      <input_file id="fl-da">
         <path>C:\ti\ccs1210\ccs\tools\compiler\ti-cgt-arm_20.2.7.LTS\lib\</path>
         <kind>archive</kind>
         <file>rtsv7M4_T_le_v4SPD16_eabi.lib</file>
         <name>atoi.c.obj</name>
      </input_file>
      <input_file id="fl-db">
         <path>C:\ti\ccs1210\ccs\tools\compiler\ti-cgt-arm_20.2.7.LTS\lib\</path>
         <kind>archive</kind>
         <file>rtsv7M4_T_le_v4SPD16_eabi.lib</file>
         <name>atoll.c.obj</name>
      </input_file>
      <input_file id="fl-dc">
         <path>C:\ti\ccs1210\ccs\tools\compiler\ti-cgt-arm_20.2.7.LTS\lib\</path>
         <kind>archive</kind>
         <file>rtsv7M4_T_le_v4SPD16_eabi.lib</file>
         <name>ctype.c.obj</name>
      </input_file>
      <input_file id="fl-dd">
         <path>C:\ti\ccs1210\ccs\tools\compiler\ti-cgt-arm_20.2.7.LTS\lib\</path>
         <kind>archive</kind>
         <file>rtsv7M4_T_le_v4SPD16_eabi.lib</file>
         <name>defs.c.obj</name>
      </input_file>
      <input_file id="fl-de">
         <path>C:\ti\ccs1210\ccs\tools\compiler\ti-cgt-arm_20.2.7.LTS\lib\</path>
         <kind>archive</kind>
         <file>rtsv7M4_T_le_v4SPD16_eabi.lib</file>
         <name>memccpy.c.obj</name>
      </input_file>
      <input_file id="fl-df">
         <path>C:\ti\ccs1210\ccs\tools\compiler\ti-cgt-arm_20.2.7.LTS\lib\</path>
         <kind>archive</kind>
         <file>rtsv7M4_T_le_v4SPD16_eabi.lib</file>
         <name>memchr.c.obj</name>
      </input_file>
      <input_file id="fl-e0">
         <path>C:\ti\ccs1210\ccs\tools\compiler\ti-cgt-arm_20.2.7.LTS\lib\</path>
         <kind>archive</kind>
         <file>rtsv7M4_T_le_v4SPD16_eabi.lib</file>
         <name>memmov.c.obj</name>
      </input_file>
      <input_file id="fl-e1">
         <path>C:\ti\ccs1210\ccs\tools\compiler\ti-cgt-arm_20.2.7.LTS\lib\</path>
         <kind>archive</kind>
         <file>rtsv7M4_T_le_v4SPD16_eabi.lib</file>
         <name>memory.c.obj</name>
      </input_file>
      <input_file id="fl-e2">
         <path>C:\ti\ccs1210\ccs\tools\compiler\ti-cgt-arm_20.2.7.LTS\lib\</path>
         <kind>archive</kind>
         <file>rtsv7M4_T_le_v4SPD16_eabi.lib</file>
         <name>rand.c.obj</name>
      </input_file>
      <input_file id="fl-e3">
         <path>C:\ti\ccs1210\ccs\tools\compiler\ti-cgt-arm_20.2.7.LTS\lib\</path>
         <kind>archive</kind>
         <file>rtsv7M4_T_le_v4SPD16_eabi.lib</file>
         <name>strcat.c.obj</name>
      </input_file>
      <input_file id="fl-e4">
         <path>C:\ti\ccs1210\ccs\tools\compiler\ti-cgt-arm_20.2.7.LTS\lib\</path>
         <kind>archive</kind>
         <file>rtsv7M4_T_le_v4SPD16_eabi.lib</file>
         <name>strchr.c.obj</name>
      </input_file>
      <input_file id="fl-e5">
         <path>C:\ti\ccs1210\ccs\tools\compiler\ti-cgt-arm_20.2.7.LTS\lib\</path>
         <kind>archive</kind>
         <file>rtsv7M4_T_le_v4SPD16_eabi.lib</file>
         <name>strcmp.c.obj</name>
      </input_file>
      <input_file id="fl-e6">
         <path>C:\ti\ccs1210\ccs\tools\compiler\ti-cgt-arm_20.2.7.LTS\lib\</path>
         <kind>archive</kind>
         <file>rtsv7M4_T_le_v4SPD16_eabi.lib</file>
         <name>strcpy.c.obj</name>
      </input_file>
      <input_file id="fl-e7">
         <path>C:\ti\ccs1210\ccs\tools\compiler\ti-cgt-arm_20.2.7.LTS\lib\</path>
         <kind>archive</kind>
         <file>rtsv7M4_T_le_v4SPD16_eabi.lib</file>
         <name>strlen.c.obj</name>
      </input_file>
      <input_file id="fl-e8">
         <path>C:\ti\ccs1210\ccs\tools\compiler\ti-cgt-arm_20.2.7.LTS\lib\</path>
         <kind>archive</kind>
         <file>rtsv7M4_T_le_v4SPD16_eabi.lib</file>
         <name>strncpy.c.obj</name>
      </input_file>
      <input_file id="fl-e9">
         <path>C:\ti\ccs1210\ccs\tools\compiler\ti-cgt-arm_20.2.7.LTS\lib\</path>
         <kind>archive</kind>
         <file>rtsv7M4_T_le_v4SPD16_eabi.lib</file>
         <name>boot_cortex_m.c.obj</name>
      </input_file>
      <input_file id="fl-ea">
         <path>C:\ti\ccs1210\ccs\tools\compiler\ti-cgt-arm_20.2.7.LTS\lib\</path>
         <kind>archive</kind>
         <file>rtsv7M4_T_le_v4SPD16_eabi.lib</file>
         <name>write.c.obj</name>
      </input_file>
      <input_file id="fl-eb">
         <path>C:\ti\ccs1210\ccs\tools\compiler\ti-cgt-arm_20.2.7.LTS\lib\</path>
         <kind>archive</kind>
         <file>rtsv7M4_T_le_v4SPD16_eabi.lib</file>
         <name>host_device.c.obj</name>
      </input_file>
      <input_file id="fl-ec">
         <path>C:\ti\ccs1210\ccs\tools\compiler\ti-cgt-arm_20.2.7.LTS\lib\</path>
         <kind>archive</kind>
         <file>rtsv7M4_T_le_v4SPD16_eabi.lib</file>
         <name>errno.c.obj</name>
      </input_file>
      <input_file id="fl-ed">
         <path>C:\ti\ccs1210\ccs\tools\compiler\ti-cgt-arm_20.2.7.LTS\lib\</path>
         <kind>archive</kind>
         <file>rtsv7M4_T_le_v4SPD16_eabi.lib</file>
         <name>wcslen.c.obj</name>
      </input_file>
      <input_file id="fl-ee">
         <path>C:\ti\ccs1210\ccs\tools\compiler\ti-cgt-arm_20.2.7.LTS\lib\</path>
         <kind>archive</kind>
         <file>rtsv7M4_T_le_v4SPD16_eabi.lib</file>
         <name>s_frexp.c.obj</name>
      </input_file>
      <input_file id="fl-ef">
         <path>C:\ti\ccs1210\ccs\tools\compiler\ti-cgt-arm_20.2.7.LTS\lib\</path>
         <kind>archive</kind>
         <file>rtsv7M4_T_le_v4SPD16_eabi.lib</file>
         <name>s_scalbn.c.obj</name>
      </input_file>
      <input_file id="fl-f0">
         <path>C:\ti\ccs1210\ccs\tools\compiler\ti-cgt-arm_20.2.7.LTS\lib\</path>
         <kind>archive</kind>
         <file>rtsv7M4_T_le_v4SPD16_eabi.lib</file>
         <name>fflush.c.obj</name>
      </input_file>
      <input_file id="fl-f1">
         <path>C:\ti\ccs1210\ccs\tools\compiler\ti-cgt-arm_20.2.7.LTS\lib\</path>
         <kind>archive</kind>
         <file>rtsv7M4_T_le_v4SPD16_eabi.lib</file>
         <name>fopen.c.obj</name>
      </input_file>
      <input_file id="fl-f2">
         <path>C:\ti\ccs1210\ccs\tools\compiler\ti-cgt-arm_20.2.7.LTS\lib\</path>
         <kind>archive</kind>
         <file>rtsv7M4_T_le_v4SPD16_eabi.lib</file>
         <name>fseek.c.obj</name>
      </input_file>
      <input_file id="fl-f3">
         <path>C:\ti\ccs1210\ccs\tools\compiler\ti-cgt-arm_20.2.7.LTS\lib\</path>
         <kind>archive</kind>
         <file>rtsv7M4_T_le_v4SPD16_eabi.lib</file>
         <name>div0.asm.obj</name>
      </input_file>
      <input_file id="fl-f4">
         <path>C:\ti\ccs1210\ccs\tools\compiler\ti-cgt-arm_20.2.7.LTS\lib\</path>
         <kind>archive</kind>
         <file>rtsv7M4_T_le_v4SPD16_eabi.lib</file>
         <name>autoinit.c.obj</name>
      </input_file>
      <input_file id="fl-f5">
         <path>C:\ti\ccs1210\ccs\tools\compiler\ti-cgt-arm_20.2.7.LTS\lib\</path>
         <kind>archive</kind>
         <file>rtsv7M4_T_le_v4SPD16_eabi.lib</file>
         <name>pre_init.c.obj</name>
      </input_file>
      <input_file id="fl-f6">
         <path>C:\ti\ccs1210\ccs\tools\compiler\ti-cgt-arm_20.2.7.LTS\lib\</path>
         <kind>archive</kind>
         <file>rtsv7M4_T_le_v4SPD16_eabi.lib</file>
         <name>cpy_tbl.c.obj</name>
      </input_file>
      <input_file id="fl-f7">
         <path>C:\ti\ccs1210\ccs\tools\compiler\ti-cgt-arm_20.2.7.LTS\lib\</path>
         <kind>archive</kind>
         <file>rtsv7M4_T_le_v4SPD16_eabi.lib</file>
         <name>args_main.c.obj</name>
      </input_file>
      <input_file id="fl-f8">
         <path>C:\ti\ccs1210\ccs\tools\compiler\ti-cgt-arm_20.2.7.LTS\lib\</path>
         <kind>archive</kind>
         <file>rtsv7M4_T_le_v4SPD16_eabi.lib</file>
         <name>hostclose.c.obj</name>
      </input_file>
      <input_file id="fl-f9">
         <path>C:\ti\ccs1210\ccs\tools\compiler\ti-cgt-arm_20.2.7.LTS\lib\</path>
         <kind>archive</kind>
         <file>rtsv7M4_T_le_v4SPD16_eabi.lib</file>
         <name>hostlseek.c.obj</name>
      </input_file>
      <input_file id="fl-fa">
         <path>C:\ti\ccs1210\ccs\tools\compiler\ti-cgt-arm_20.2.7.LTS\lib\</path>
         <kind>archive</kind>
         <file>rtsv7M4_T_le_v4SPD16_eabi.lib</file>
         <name>hostopen.c.obj</name>
      </input_file>
      <input_file id="fl-fb">
         <path>C:\ti\ccs1210\ccs\tools\compiler\ti-cgt-arm_20.2.7.LTS\lib\</path>
         <kind>archive</kind>
         <file>rtsv7M4_T_le_v4SPD16_eabi.lib</file>
         <name>hostread.c.obj</name>
      </input_file>
      <input_file id="fl-fc">
         <path>C:\ti\ccs1210\ccs\tools\compiler\ti-cgt-arm_20.2.7.LTS\lib\</path>
         <kind>archive</kind>
         <file>rtsv7M4_T_le_v4SPD16_eabi.lib</file>
         <name>hostrename.c.obj</name>
      </input_file>
      <input_file id="fl-fd">
         <path>C:\ti\ccs1210\ccs\tools\compiler\ti-cgt-arm_20.2.7.LTS\lib\</path>
         <kind>archive</kind>
         <file>rtsv7M4_T_le_v4SPD16_eabi.lib</file>
         <name>hostunlink.c.obj</name>
      </input_file>
      <input_file id="fl-fe">
         <path>C:\ti\ccs1210\ccs\tools\compiler\ti-cgt-arm_20.2.7.LTS\lib\</path>
         <kind>archive</kind>
         <file>rtsv7M4_T_le_v4SPD16_eabi.lib</file>
         <name>hostwrite.c.obj</name>
      </input_file>
      <input_file id="fl-ff">
         <path>C:\ti\ccs1210\ccs\tools\compiler\ti-cgt-arm_20.2.7.LTS\lib\</path>
         <kind>archive</kind>
         <file>rtsv7M4_T_le_v4SPD16_eabi.lib</file>
         <name>trgmsg.c.obj</name>
      </input_file>
      <input_file id="fl-100">
         <path>C:\ti\ccs1210\ccs\tools\compiler\ti-cgt-arm_20.2.7.LTS\lib\</path>
         <kind>archive</kind>
         <file>rtsv7M4_T_le_v4SPD16_eabi.lib</file>
         <name>open.c.obj</name>
      </input_file>
      <input_file id="fl-101">
         <path>C:\ti\ccs1210\ccs\tools\compiler\ti-cgt-arm_20.2.7.LTS\lib\</path>
         <kind>archive</kind>
         <file>rtsv7M4_T_le_v4SPD16_eabi.lib</file>
         <name>lseek.c.obj</name>
      </input_file>
      <input_file id="fl-102">
         <path>C:\ti\ccs1210\ccs\tools\compiler\ti-cgt-arm_20.2.7.LTS\lib\</path>
         <kind>archive</kind>
         <file>rtsv7M4_T_le_v4SPD16_eabi.lib</file>
         <name>s_copysign.c.obj</name>
      </input_file>
      <input_file id="fl-103">
         <path>C:\ti\ccs1210\ccs\tools\compiler\ti-cgt-arm_20.2.7.LTS\lib\</path>
         <kind>archive</kind>
         <file>rtsv7M4_T_le_v4SPD16_eabi.lib</file>
         <name>fclose.c.obj</name>
      </input_file>
      <input_file id="fl-104">
         <path>C:\ti\ccs1210\ccs\tools\compiler\ti-cgt-arm_20.2.7.LTS\lib\</path>
         <kind>archive</kind>
         <file>rtsv7M4_T_le_v4SPD16_eabi.lib</file>
         <name>getdevice.c.obj</name>
      </input_file>
      <input_file id="fl-105">
         <path>C:\ti\ccs1210\ccs\tools\compiler\ti-cgt-arm_20.2.7.LTS\lib\</path>
         <kind>archive</kind>
         <file>rtsv7M4_T_le_v4SPD16_eabi.lib</file>
         <name>remove.c.obj</name>
      </input_file>
      <input_file id="fl-106">
         <path>C:\ti\ccs1210\ccs\tools\compiler\ti-cgt-arm_20.2.7.LTS\lib\</path>
         <kind>archive</kind>
         <file>rtsv7M4_T_le_v4SPD16_eabi.lib</file>
         <name>close.c.obj</name>
      </input_file>
      <input_file id="fl-107">
         <path>C:\ti\ccs1210\ccs\tools\compiler\ti-cgt-arm_20.2.7.LTS\lib\</path>
         <kind>archive</kind>
         <file>rtsv7M4_T_le_v4SPD16_eabi.lib</file>
         <name>unlink.c.obj</name>
      </input_file>
      <input_file id="fl-108">
         <path>C:\Users\Utente\Desktop\IoT\simplelink_msp432p4_sdk_3_40_01_02\source\ti\grlib\lib\ccs\m4f\</path>
         <kind>archive</kind>
         <file>grlib.a</file>
         <name>context.obj</name>
      </input_file>
      <input_file id="fl-109">
         <path>C:\Users\Utente\Desktop\IoT\simplelink_msp432p4_sdk_3_40_01_02\source\ti\grlib\lib\ccs\m4f\</path>
         <kind>archive</kind>
         <file>grlib.a</file>
         <name>display.obj</name>
      </input_file>
      <input_file id="fl-10a">
         <path>C:\Users\Utente\Desktop\IoT\simplelink_msp432p4_sdk_3_40_01_02\source\ti\grlib\lib\ccs\m4f\</path>
         <kind>archive</kind>
         <file>grlib.a</file>
         <name>fontcmss12.obj</name>
      </input_file>
      <input_file id="fl-10b">
         <path>C:\Users\Utente\Desktop\IoT\simplelink_msp432p4_sdk_3_40_01_02\source\ti\grlib\lib\ccs\m4f\</path>
         <kind>archive</kind>
         <file>grlib.a</file>
         <name>fontcmss12b.obj</name>
      </input_file>
      <input_file id="fl-10c">
         <path>C:\Users\Utente\Desktop\IoT\simplelink_msp432p4_sdk_3_40_01_02\source\ti\grlib\lib\ccs\m4f\</path>
         <kind>archive</kind>
         <file>grlib.a</file>
         <name>fontcmss14b.obj</name>
      </input_file>
      <input_file id="fl-10d">
         <path>C:\Users\Utente\Desktop\IoT\simplelink_msp432p4_sdk_3_40_01_02\source\ti\grlib\lib\ccs\m4f\</path>
         <kind>archive</kind>
         <file>grlib.a</file>
         <name>fontcmss20b.obj</name>
      </input_file>
      <input_file id="fl-10e">
         <path>C:\Users\Utente\Desktop\IoT\simplelink_msp432p4_sdk_3_40_01_02\source\ti\grlib\lib\ccs\m4f\</path>
         <kind>archive</kind>
         <file>grlib.a</file>
         <name>line.obj</name>
      </input_file>
      <input_file id="fl-10f">
         <path>C:\Users\Utente\Desktop\IoT\simplelink_msp432p4_sdk_3_40_01_02\source\ti\grlib\lib\ccs\m4f\</path>
         <kind>archive</kind>
         <file>grlib.a</file>
         <name>rectangle.obj</name>
      </input_file>
      <input_file id="fl-110">
         <path>C:\Users\Utente\Desktop\IoT\simplelink_msp432p4_sdk_3_40_01_02\source\ti\grlib\lib\ccs\m4f\</path>
         <kind>archive</kind>
         <file>grlib.a</file>
         <name>string.obj</name>
      </input_file>
      <input_file id="fl-111">
         <path>C:\Users\Utente\Desktop\IoT\simplelink_msp432p4_sdk_3_40_01_02\source\ti\devices\msp432p4xx\driverlib\ccs\</path>
         <kind>archive</kind>
         <file>msp432p4xx_driverlib.lib</file>
         <name>adc14.o</name>
      </input_file>
      <input_file id="fl-112">
         <path>C:\Users\Utente\Desktop\IoT\simplelink_msp432p4_sdk_3_40_01_02\source\ti\devices\msp432p4xx\driverlib\ccs\</path>
         <kind>archive</kind>
         <file>msp432p4xx_driverlib.lib</file>
         <name>cs.o</name>
      </input_file>
      <input_file id="fl-113">
         <path>C:\Users\Utente\Desktop\IoT\simplelink_msp432p4_sdk_3_40_01_02\source\ti\devices\msp432p4xx\driverlib\ccs\</path>
         <kind>archive</kind>
         <file>msp432p4xx_driverlib.lib</file>
         <name>flash.o</name>
      </input_file>
      <input_file id="fl-114">
         <path>C:\Users\Utente\Desktop\IoT\simplelink_msp432p4_sdk_3_40_01_02\source\ti\devices\msp432p4xx\driverlib\ccs\</path>
         <kind>archive</kind>
         <file>msp432p4xx_driverlib.lib</file>
         <name>gpio.o</name>
      </input_file>
      <input_file id="fl-115">
         <path>C:\Users\Utente\Desktop\IoT\simplelink_msp432p4_sdk_3_40_01_02\source\ti\devices\msp432p4xx\driverlib\ccs\</path>
         <kind>archive</kind>
         <file>msp432p4xx_driverlib.lib</file>
         <name>interrupt.o</name>
      </input_file>
      <input_file id="fl-116">
         <path>C:\Users\Utente\Desktop\IoT\simplelink_msp432p4_sdk_3_40_01_02\source\ti\devices\msp432p4xx\driverlib\ccs\</path>
         <kind>archive</kind>
         <file>msp432p4xx_driverlib.lib</file>
         <name>pcm.o</name>
      </input_file>
      <input_file id="fl-117">
         <path>C:\Users\Utente\Desktop\IoT\simplelink_msp432p4_sdk_3_40_01_02\source\ti\devices\msp432p4xx\driverlib\ccs\</path>
         <kind>archive</kind>
         <file>msp432p4xx_driverlib.lib</file>
         <name>rtc_c.o</name>
      </input_file>
      <input_file id="fl-118">
         <path>C:\Users\Utente\Desktop\IoT\simplelink_msp432p4_sdk_3_40_01_02\source\ti\devices\msp432p4xx\driverlib\ccs\</path>
         <kind>archive</kind>
         <file>msp432p4xx_driverlib.lib</file>
         <name>spi.o</name>
      </input_file>
      <input_file id="fl-119">
         <path>C:\Users\Utente\Desktop\IoT\simplelink_msp432p4_sdk_3_40_01_02\source\ti\devices\msp432p4xx\driverlib\ccs\</path>
         <kind>archive</kind>
         <file>msp432p4xx_driverlib.lib</file>
         <name>sysctl.o</name>
      </input_file>
      <input_file id="fl-11a">
         <path>C:\Users\Utente\Desktop\IoT\simplelink_msp432p4_sdk_3_40_01_02\source\ti\devices\msp432p4xx\driverlib\ccs\</path>
         <kind>archive</kind>
         <file>msp432p4xx_driverlib.lib</file>
         <name>sysctl_a.o</name>
      </input_file>
      <input_file id="fl-11b">
         <path>C:\Users\Utente\Desktop\IoT\simplelink_msp432p4_sdk_3_40_01_02\source\ti\devices\msp432p4xx\driverlib\ccs\</path>
         <kind>archive</kind>
         <file>msp432p4xx_driverlib.lib</file>
         <name>timer32.o</name>
      </input_file>
      <input_file id="fl-11c">
         <path>C:\Users\Utente\Desktop\IoT\simplelink_msp432p4_sdk_3_40_01_02\source\ti\devices\msp432p4xx\driverlib\ccs\</path>
         <kind>archive</kind>
         <file>msp432p4xx_driverlib.lib</file>
         <name>wdt_a.o</name>
      </input_file>
      <input_file id="fl-11d">
         <path>C:\Users\Utente\Desktop\IoT\simplelink_msp432p4_sdk_3_40_01_02\source\ti\devices\msp432p4xx\driverlib\ccs\</path>
         <kind>archive</kind>
         <file>msp432p4xx_driverlib.lib</file>
         <name>cpu.o</name>
      </input_file>
   </input_file_list>
   <object_component_list>
      <object_component id="oc-26">
         <name>.intvecs:retain</name>
         <load_address>0x0</load_address>
         <run_address>0x0</run_address>
         <size>0xe4</size>
         <input_file_ref idref="fl-2"/>
      </object_component>
      <object_component id="oc-70">
         <name>.text</name>
         <load_address>0xe4</load_address>
         <run_address>0xe4</run_address>
         <size>0x2148</size>
         <input_file_ref idref="fl-6"/>
      </object_component>
      <object_component id="oc-32d">
         <name>.text:__TI_printfi</name>
         <load_address>0x222c</load_address>
         <run_address>0x222c</run_address>
         <size>0xa4e</size>
         <input_file_ref idref="fl-c4"/>
      </object_component>
      <object_component id="oc-503">
         <name>.text:_nop</name>
         <load_address>0x2c7a</load_address>
         <run_address>0x2c7a</run_address>
         <size>0x2</size>
         <input_file_ref idref="fl-d8"/>
      </object_component>
      <object_component id="oc-113">
         <name>.text</name>
         <load_address>0x2c7c</load_address>
         <run_address>0x2c7c</run_address>
         <size>0x680</size>
         <input_file_ref idref="fl-4"/>
      </object_component>
      <object_component id="oc-194">
         <name>.text:Graphics_drawString</name>
         <load_address>0x32fc</load_address>
         <run_address>0x32fc</run_address>
         <size>0x47e</size>
         <input_file_ref idref="fl-110"/>
      </object_component>
      <object_component id="oc-3b9">
         <name>.text</name>
         <load_address>0x377a</load_address>
         <run_address>0x377a</run_address>
         <size>0x2</size>
         <input_file_ref idref="fl-f3"/>
      </object_component>
      <object_component id="oc-b2">
         <name>.text</name>
         <load_address>0x377c</load_address>
         <run_address>0x377c</run_address>
         <size>0x334</size>
         <input_file_ref idref="fl-3"/>
      </object_component>
      <object_component id="oc-4b5">
         <name>.text:_pconv_a</name>
         <load_address>0x3ab0</load_address>
         <run_address>0x3ab0</run_address>
         <size>0x270</size>
         <input_file_ref idref="fl-c4"/>
      </object_component>
      <object_component id="oc-4a3">
         <name>.text:_pconv_g</name>
         <load_address>0x3d20</load_address>
         <run_address>0x3d20</run_address>
         <size>0x1d0</size>
         <input_file_ref idref="fl-c4"/>
      </object_component>
      <object_component id="oc-597">
         <name>.text</name>
         <load_address>0x3ef0</load_address>
         <run_address>0x3ef0</run_address>
         <size>0x1b6</size>
         <input_file_ref idref="fl-ca"/>
      </object_component>
      <object_component id="oc-2c7">
         <name>.text:_getIndexForMemRegister</name>
         <load_address>0x40a8</load_address>
         <run_address>0x40a8</run_address>
         <size>0x160</size>
         <input_file_ref idref="fl-111"/>
      </object_component>
      <object_component id="oc-56d">
         <name>.text:__PCM_setPowerModeAdvanced</name>
         <load_address>0x4208</load_address>
         <run_address>0x4208</run_address>
         <size>0x15c</size>
         <input_file_ref idref="fl-116"/>
      </object_component>
      <object_component id="oc-4af">
         <name>.text:_pconv_e</name>
         <load_address>0x4364</load_address>
         <run_address>0x4364</run_address>
         <size>0x13c</size>
         <input_file_ref idref="fl-c4"/>
      </object_component>
      <object_component id="oc-57d">
         <name>.text</name>
         <load_address>0x44a0</load_address>
         <run_address>0x44a0</run_address>
         <size>0x136</size>
         <input_file_ref idref="fl-cc"/>
      </object_component>
      <object_component id="oc-155">
         <name>.text:CS_initClockSignal</name>
         <load_address>0x45d8</load_address>
         <run_address>0x45d8</run_address>
         <size>0x130</size>
         <input_file_ref idref="fl-112"/>
      </object_component>
      <object_component id="oc-5a9">
         <name>.text:fcvt</name>
         <load_address>0x4708</load_address>
         <run_address>0x4708</run_address>
         <size>0x124</size>
         <input_file_ref idref="fl-c4"/>
      </object_component>
      <object_component id="oc-51e">
         <name>.text:fputs</name>
         <load_address>0x482c</load_address>
         <run_address>0x482c</run_address>
         <size>0x114</size>
         <input_file_ref idref="fl-c7"/>
      </object_component>
      <object_component id="oc-1b5">
         <name>.text:Graphics_fillRectangle</name>
         <load_address>0x4940</load_address>
         <run_address>0x4940</run_address>
         <size>0x112</size>
         <input_file_ref idref="fl-10f"/>
      </object_component>
      <object_component id="oc-5bd">
         <name>.text:scalbn</name>
         <load_address>0x4a54</load_address>
         <run_address>0x4a54</run_address>
         <size>0x110</size>
         <input_file_ref idref="fl-ef"/>
      </object_component>
      <object_component id="oc-31f">
         <name>.text:__PCM_setCoreVoltageLevelAdvanced</name>
         <load_address>0x4b64</load_address>
         <run_address>0x4b64</run_address>
         <size>0x108</size>
         <input_file_ref idref="fl-116"/>
      </object_component>
      <object_component id="oc-6d0">
         <name>.text:aligned_alloc</name>
         <load_address>0x4c6c</load_address>
         <run_address>0x4c6c</run_address>
         <size>0x100</size>
         <input_file_ref idref="fl-e1"/>
      </object_component>
      <object_component id="oc-578">
         <name>.text</name>
         <load_address>0x4d6c</load_address>
         <run_address>0x4d6c</run_address>
         <size>0xfc</size>
         <input_file_ref idref="fl-cd"/>
      </object_component>
      <object_component id="oc-68e">
         <name>.text:free</name>
         <load_address>0x4e68</load_address>
         <run_address>0x4e68</run_address>
         <size>0xe4</size>
         <input_file_ref idref="fl-e1"/>
      </object_component>
      <object_component id="oc-663">
         <name>.text:setvbuf</name>
         <load_address>0x4f4c</load_address>
         <run_address>0x4f4c</run_address>
         <size>0xdc</size>
         <input_file_ref idref="fl-c9"/>
      </object_component>
      <object_component id="oc-2e6">
         <name>.text</name>
         <load_address>0x5028</load_address>
         <run_address>0x5028</run_address>
         <size>0xcc</size>
         <input_file_ref idref="fl-5"/>
      </object_component>
      <object_component id="oc-d1">
         <name>.text:ADC14_configureConversionMemory</name>
         <load_address>0x50f4</load_address>
         <run_address>0x50f4</run_address>
         <size>0xb4</size>
         <input_file_ref idref="fl-111"/>
      </object_component>
      <object_component id="oc-cb">
         <name>.text:ADC14_configureMultiSequenceMode</name>
         <load_address>0x51a8</load_address>
         <run_address>0x51a8</run_address>
         <size>0xb4</size>
         <input_file_ref idref="fl-111"/>
      </object_component>
      <object_component id="oc-498">
         <name>.text:_ltostr</name>
         <load_address>0x525c</load_address>
         <run_address>0x525c</run_address>
         <size>0xb1</size>
         <input_file_ref idref="fl-c4"/>
      </object_component>
      <object_component id="oc-453">
         <name>.text:SPI_initMaster</name>
         <load_address>0x530e</load_address>
         <run_address>0x530e</run_address>
         <size>0xb0</size>
         <input_file_ref idref="fl-118"/>
      </object_component>
      <object_component id="oc-1c2">
         <name>.text:Graphics_drawLineH</name>
         <load_address>0x53be</load_address>
         <run_address>0x53be</run_address>
         <size>0x9c</size>
         <input_file_ref idref="fl-10e"/>
      </object_component>
      <object_component id="oc-3a">
         <name>.text</name>
         <load_address>0x545a</load_address>
         <run_address>0x545a</run_address>
         <size>0x9c</size>
         <input_file_ref idref="fl-d0"/>
      </object_component>
      <object_component id="oc-3be">
         <name>.text</name>
         <load_address>0x54f6</load_address>
         <run_address>0x54f6</run_address>
         <size>0x96</size>
         <input_file_ref idref="fl-d3"/>
      </object_component>
      <object_component id="oc-525">
         <name>.text:fputc</name>
         <load_address>0x558c</load_address>
         <run_address>0x558c</run_address>
         <size>0x8c</size>
         <input_file_ref idref="fl-c6"/>
      </object_component>
      <object_component id="oc-b9">
         <name>.text:GPIO_setAsPeripheralModuleFunctionInputPin</name>
         <load_address>0x5618</load_address>
         <run_address>0x5618</run_address>
         <size>0x88</size>
         <input_file_ref idref="fl-114"/>
      </object_component>
      <object_component id="oc-447">
         <name>.text:GPIO_setAsPeripheralModuleFunctionOutputPin</name>
         <load_address>0x56a0</load_address>
         <run_address>0x56a0</run_address>
         <size>0x88</size>
         <input_file_ref idref="fl-114"/>
      </object_component>
      <object_component id="oc-1ce">
         <name>.text:atoll</name>
         <load_address>0x5728</load_address>
         <run_address>0x5728</run_address>
         <size>0x88</size>
         <input_file_ref idref="fl-db"/>
      </object_component>
      <object_component id="oc-49e">
         <name>.text:__aeabi_cdcmple</name>
         <load_address>0x57b0</load_address>
         <run_address>0x57b0</run_address>
         <size>0x86</size>
         <input_file_ref idref="fl-cb"/>
      </object_component>
      <object_component id="oc-582">
         <name>.text:__aeabi_cdrcmple</name>
         <load_address>0x5836</load_address>
         <run_address>0x5836</run_address>
         <size>0x86</size>
         <input_file_ref idref="fl-cb"/>
      </object_component>
      <object_component id="oc-dd">
         <name>.text:Interrupt_enableInterrupt</name>
         <load_address>0x58bc</load_address>
         <run_address>0x58bc</run_address>
         <size>0x80</size>
         <input_file_ref idref="fl-115"/>
      </object_component>
      <object_component id="oc-94">
         <name>.text</name>
         <load_address>0x593c</load_address>
         <run_address>0x593c</run_address>
         <size>0x7a</size>
         <input_file_ref idref="fl-d1"/>
      </object_component>
      <object_component id="oc-6d7">
         <name>.text:__TI_closefile</name>
         <load_address>0x59b8</load_address>
         <run_address>0x59b8</run_address>
         <size>0x74</size>
         <input_file_ref idref="fl-103"/>
      </object_component>
      <object_component id="oc-718">
         <name>.text:split</name>
         <load_address>0x5a2c</load_address>
         <run_address>0x5a2c</run_address>
         <size>0x70</size>
         <input_file_ref idref="fl-e1"/>
      </object_component>
      <object_component id="oc-5a2">
         <name>.text:_mcpy</name>
         <load_address>0x5a9c</load_address>
         <run_address>0x5a9c</run_address>
         <size>0x6e</size>
         <input_file_ref idref="fl-c4"/>
      </object_component>
      <object_component id="oc-1e3">
         <name>.text</name>
         <load_address>0x5b0a</load_address>
         <run_address>0x5b0a</run_address>
         <size>0x6e</size>
         <input_file_ref idref="fl-d2"/>
      </object_component>
      <object_component id="oc-707">
         <name>.text:HOSTrename</name>
         <load_address>0x5b78</load_address>
         <run_address>0x5b78</run_address>
         <size>0x6c</size>
         <input_file_ref idref="fl-fc"/>
      </object_component>
      <object_component id="oc-6fb">
         <name>.text:HOSTlseek</name>
         <load_address>0x5be4</load_address>
         <run_address>0x5be4</run_address>
         <size>0x68</size>
         <input_file_ref idref="fl-f9"/>
      </object_component>
      <object_component id="oc-15b">
         <name>.text:Timer32_initModule</name>
         <load_address>0x5c4c</load_address>
         <run_address>0x5c4c</run_address>
         <size>0x68</size>
         <input_file_ref idref="fl-11b"/>
      </object_component>
      <object_component id="oc-17">
         <name>.text:decompress:lzss:__TI_decompress_lzss</name>
         <load_address>0x5cb4</load_address>
         <run_address>0x5cb4</run_address>
         <size>0x68</size>
         <input_file_ref idref="fl-d6"/>
      </object_component>
      <object_component id="oc-227">
         <name>.text:printf</name>
         <load_address>0x5d1c</load_address>
         <run_address>0x5d1c</run_address>
         <size>0x68</size>
         <input_file_ref idref="fl-c3"/>
      </object_component>
      <object_component id="oc-5b7">
         <name>.text:frexp</name>
         <load_address>0x5d84</load_address>
         <run_address>0x5d84</run_address>
         <size>0x64</size>
         <input_file_ref idref="fl-ee"/>
      </object_component>
      <object_component id="oc-65d">
         <name>.text:fseek</name>
         <load_address>0x5de8</load_address>
         <run_address>0x5de8</run_address>
         <size>0x64</size>
         <input_file_ref idref="fl-f2"/>
      </object_component>
      <object_component id="oc-5f7">
         <name>.text:__TI_wrt_ok</name>
         <load_address>0x5e4c</load_address>
         <run_address>0x5e4c</run_address>
         <size>0x62</size>
         <input_file_ref idref="fl-c8"/>
      </object_component>
      <object_component id="oc-6e3">
         <name>.text:HOSTopen</name>
         <load_address>0x5eb0</load_address>
         <run_address>0x5eb0</run_address>
         <size>0x60</size>
         <input_file_ref idref="fl-fa"/>
      </object_component>
      <object_component id="oc-47f">
         <name>.text:PCM_getCoreVoltageLevel</name>
         <load_address>0x5f10</load_address>
         <run_address>0x5f10</run_address>
         <size>0x5e</size>
         <input_file_ref idref="fl-116"/>
      </object_component>
      <object_component id="oc-71f">
         <name>.text:close</name>
         <load_address>0x5f70</load_address>
         <run_address>0x5f70</run_address>
         <size>0x5c</size>
         <input_file_ref idref="fl-106"/>
      </object_component>
      <object_component id="oc-479">
         <name>.text:PCM_getPowerMode</name>
         <load_address>0x5fcc</load_address>
         <run_address>0x5fcc</run_address>
         <size>0x5a</size>
         <input_file_ref idref="fl-116"/>
      </object_component>
      <object_component id="oc-6ef">
         <name>.text:HOSTread</name>
         <load_address>0x6028</load_address>
         <run_address>0x6028</run_address>
         <size>0x58</size>
         <input_file_ref idref="fl-fb"/>
      </object_component>
      <object_component id="oc-6f5">
         <name>.text:HOSTwrite</name>
         <load_address>0x6080</load_address>
         <run_address>0x6080</run_address>
         <size>0x58</size>
         <input_file_ref idref="fl-fe"/>
      </object_component>
      <object_component id="oc-4a9">
         <name>.text:_pconv_f</name>
         <load_address>0x60d8</load_address>
         <run_address>0x60d8</run_address>
         <size>0x56</size>
         <input_file_ref idref="fl-c4"/>
      </object_component>
      <object_component id="oc-c5">
         <name>.text:ADC14_initModule</name>
         <load_address>0x6130</load_address>
         <run_address>0x6130</run_address>
         <size>0x54</size>
         <input_file_ref idref="fl-111"/>
      </object_component>
      <object_component id="oc-58c">
         <name>.text:__TI_ltoa</name>
         <load_address>0x6184</load_address>
         <run_address>0x6184</run_address>
         <size>0x54</size>
         <input_file_ref idref="fl-d9"/>
      </object_component>
      <object_component id="oc-119">
         <name>.text:Graphics_initContext</name>
         <load_address>0x61d8</load_address>
         <run_address>0x61d8</run_address>
         <size>0x52</size>
         <input_file_ref idref="fl-108"/>
      </object_component>
      <object_component id="oc-59c">
         <name>.text:_ecpy</name>
         <load_address>0x622a</load_address>
         <run_address>0x622a</run_address>
         <size>0x52</size>
         <input_file_ref idref="fl-c4"/>
      </object_component>
      <object_component id="oc-fb">
         <name>.text:GPIO_setAsInputPin</name>
         <load_address>0x627c</load_address>
         <run_address>0x627c</run_address>
         <size>0x4c</size>
         <input_file_ref idref="fl-114"/>
      </object_component>
      <object_component id="oc-603">
         <name>.text:__TI_doflush</name>
         <load_address>0x62c8</load_address>
         <run_address>0x62c8</run_address>
         <size>0x4c</size>
         <input_file_ref idref="fl-f0"/>
      </object_component>
      <object_component id="oc-492">
         <name>.text:atoi</name>
         <load_address>0x6314</load_address>
         <run_address>0x6314</run_address>
         <size>0x4c</size>
         <input_file_ref idref="fl-da"/>
      </object_component>
      <object_component id="oc-149">
         <name>.text:FlashCtl_setWaitState</name>
         <load_address>0x6360</load_address>
         <run_address>0x6360</run_address>
         <size>0x48</size>
         <input_file_ref idref="fl-113"/>
      </object_component>
      <object_component id="oc-275">
         <name>.text:exit</name>
         <load_address>0x63a8</load_address>
         <run_address>0x63a8</run_address>
         <size>0x48</size>
         <input_file_ref idref="fl-d7"/>
      </object_component>
      <object_component id="oc-587">
         <name>.text</name>
         <load_address>0x63f0</load_address>
         <run_address>0x63f0</run_address>
         <size>0x48</size>
         <input_file_ref idref="fl-ce"/>
      </object_component>
      <object_component id="oc-6e9">
         <name>.text:HOSTclose</name>
         <load_address>0x6438</load_address>
         <run_address>0x6438</run_address>
         <size>0x44</size>
         <input_file_ref idref="fl-f8"/>
      </object_component>
      <object_component id="oc-701">
         <name>.text:HOSTunlink</name>
         <load_address>0x647c</load_address>
         <run_address>0x647c</run_address>
         <size>0x44</size>
         <input_file_ref idref="fl-fd"/>
      </object_component>
      <object_component id="oc-27b">
         <name>.text:__TI_auto_init_nobinit_nopinit:__TI_auto_init_nobinit_nopinit</name>
         <load_address>0x64c0</load_address>
         <run_address>0x64c0</run_address>
         <size>0x44</size>
         <input_file_ref idref="fl-f4"/>
      </object_component>
      <object_component id="oc-751">
         <name>.text:getdevice</name>
         <load_address>0x6504</load_address>
         <run_address>0x6504</run_address>
         <size>0x44</size>
         <input_file_ref idref="fl-104"/>
      </object_component>
      <object_component id="oc-44d">
         <name>.text:GPIO_setAsOutputPin</name>
         <load_address>0x6548</load_address>
         <run_address>0x6548</run_address>
         <size>0x40</size>
         <input_file_ref idref="fl-114"/>
      </object_component>
      <object_component id="oc-352">
         <name>.text:Graphics_getNumberOfLeadingZeros</name>
         <load_address>0x6588</load_address>
         <run_address>0x6588</run_address>
         <size>0x40</size>
         <input_file_ref idref="fl-110"/>
      </object_component>
      <object_component id="oc-550">
         <name>.text:is_A_Module</name>
         <load_address>0x65c8</load_address>
         <run_address>0x65c8</run_address>
         <size>0x40</size>
         <input_file_ref idref="fl-118"/>
      </object_component>
      <object_component id="oc-173">
         <name>.text:sprintf</name>
         <load_address>0x6608</load_address>
         <run_address>0x6608</run_address>
         <size>0x40</size>
         <input_file_ref idref="fl-c5"/>
      </object_component>
      <object_component id="oc-5af">
         <name>.text:_fcpy</name>
         <load_address>0x6648</load_address>
         <run_address>0x6648</run_address>
         <size>0x3e</size>
         <input_file_ref idref="fl-c4"/>
      </object_component>
      <object_component id="oc-101">
         <name>.text:GPIO_interruptEdgeSelect</name>
         <load_address>0x6688</load_address>
         <run_address>0x6688</run_address>
         <size>0x3c</size>
         <input_file_ref idref="fl-114"/>
      </object_component>
      <object_component id="oc-21b">
         <name>.text:ADC14_getEnabledInterruptStatus</name>
         <load_address>0x66c4</load_address>
         <run_address>0x66c4</run_address>
         <size>0x38</size>
         <input_file_ref idref="fl-111"/>
      </object_component>
      <object_component id="oc-167">
         <name>.text:Timer32_startTimer</name>
         <load_address>0x66fc</load_address>
         <run_address>0x66fc</run_address>
         <size>0x38</size>
         <input_file_ref idref="fl-11b"/>
      </object_component>
      <object_component id="oc-730">
         <name>.text:__TI_writemsg</name>
         <load_address>0x6734</load_address>
         <run_address>0x6734</run_address>
         <size>0x38</size>
         <input_file_ref idref="fl-ff"/>
      </object_component>
      <object_component id="oc-39c">
         <name>.text:Graphics_drawHorizontalLineOnDisplay</name>
         <load_address>0x676c</load_address>
         <run_address>0x676c</run_address>
         <size>0x36</size>
         <input_file_ref idref="fl-109"/>
      </object_component>
      <object_component id="oc-1c8">
         <name>.text:strncpy</name>
         <load_address>0x67a2</load_address>
         <run_address>0x67a2</run_address>
         <size>0x36</size>
         <input_file_ref idref="fl-e8"/>
      </object_component>
      <object_component id="oc-e9">
         <name>.text:ADC14_enableSampleTimer</name>
         <load_address>0x67d8</load_address>
         <run_address>0x67d8</run_address>
         <size>0x34</size>
         <input_file_ref idref="fl-111"/>
      </object_component>
      <object_component id="oc-14f">
         <name>.text:CS_setDCOCenteredFrequency</name>
         <load_address>0x680c</load_address>
         <run_address>0x680c</run_address>
         <size>0x34</size>
         <input_file_ref idref="fl-112"/>
      </object_component>
      <object_component id="oc-161">
         <name>.text:Timer32_setCount</name>
         <load_address>0x6840</load_address>
         <run_address>0x6840</run_address>
         <size>0x34</size>
         <input_file_ref idref="fl-11b"/>
      </object_component>
      <object_component id="oc-69a">
         <name>.text:__TI_cleanup</name>
         <load_address>0x6874</load_address>
         <run_address>0x6874</run_address>
         <size>0x34</size>
         <input_file_ref idref="fl-f1"/>
      </object_component>
      <object_component id="oc-736">
         <name>.text:__TI_readmsg</name>
         <load_address>0x68a8</load_address>
         <run_address>0x68a8</run_address>
         <size>0x34</size>
         <input_file_ref idref="fl-ff"/>
      </object_component>
      <object_component id="oc-58">
         <name>.text:_c_int00_noargs:_c_int00_noargs</name>
         <load_address>0x68dc</load_address>
         <run_address>0x68dc</run_address>
         <size>0x34</size>
         <input_file_ref idref="fl-e9"/>
      </object_component>
      <object_component id="oc-1ee">
         <name>.text:rand</name>
         <load_address>0x6910</load_address>
         <run_address>0x6910</run_address>
         <size>0x34</size>
         <input_file_ref idref="fl-e2"/>
      </object_component>
      <object_component id="oc-221">
         <name>.text:ADC14_clearInterruptFlag</name>
         <load_address>0x6944</load_address>
         <run_address>0x6944</run_address>
         <size>0x30</size>
         <input_file_ref idref="fl-111"/>
      </object_component>
      <object_component id="oc-d7">
         <name>.text:ADC14_enableInterrupt</name>
         <load_address>0x6974</load_address>
         <run_address>0x6974</run_address>
         <size>0x30</size>
         <input_file_ref idref="fl-111"/>
      </object_component>
      <object_component id="oc-771">
         <name>.text:finddevice</name>
         <load_address>0x69a4</load_address>
         <run_address>0x69a4</run_address>
         <size>0x30</size>
         <input_file_ref idref="fl-104"/>
      </object_component>
      <object_component id="oc-592">
         <name>.text</name>
         <load_address>0x69d4</load_address>
         <run_address>0x69d4</run_address>
         <size>0x2e</size>
         <input_file_ref idref="fl-cf"/>
      </object_component>
      <object_component id="oc-3e6">
         <name>.text:ADC14_getInterruptStatus</name>
         <load_address>0x6a04</load_address>
         <run_address>0x6a04</run_address>
         <size>0x2c</size>
         <input_file_ref idref="fl-111"/>
      </object_component>
      <object_component id="oc-f5">
         <name>.text:ADC14_toggleConversionTrigger</name>
         <load_address>0x6a30</load_address>
         <run_address>0x6a30</run_address>
         <size>0x2c</size>
         <input_file_ref idref="fl-111"/>
      </object_component>
      <object_component id="oc-358">
         <name>.text:Graphics_drawPixelOnDisplay</name>
         <load_address>0x6a5c</load_address>
         <run_address>0x6a5c</run_address>
         <size>0x2c</size>
         <input_file_ref idref="fl-109"/>
      </object_component>
      <object_component id="oc-725">
         <name>.text:unlink</name>
         <load_address>0x6a88</load_address>
         <run_address>0x6a88</run_address>
         <size>0x2c</size>
         <input_file_ref idref="fl-107"/>
      </object_component>
      <object_component id="oc-ef">
         <name>.text:ADC14_enableConversion</name>
         <load_address>0x6ab4</load_address>
         <run_address>0x6ab4</run_address>
         <size>0x28</size>
         <input_file_ref idref="fl-111"/>
      </object_component>
      <object_component id="oc-22d">
         <name>.text:ADC14_getResult</name>
         <load_address>0x6adc</load_address>
         <run_address>0x6adc</run_address>
         <size>0x28</size>
         <input_file_ref idref="fl-111"/>
      </object_component>
      <object_component id="oc-107">
         <name>.text:GPIO_clearInterruptFlag</name>
         <load_address>0x6b04</load_address>
         <run_address>0x6b04</run_address>
         <size>0x28</size>
         <input_file_ref idref="fl-114"/>
      </object_component>
      <object_component id="oc-10d">
         <name>.text:GPIO_enableInterrupt</name>
         <load_address>0x6b2c</load_address>
         <run_address>0x6b2c</run_address>
         <size>0x28</size>
         <input_file_ref idref="fl-114"/>
      </object_component>
      <object_component id="oc-2f2">
         <name>.text:GPIO_setOutputHighOnPin</name>
         <load_address>0x6b54</load_address>
         <run_address>0x6b54</run_address>
         <size>0x28</size>
         <input_file_ref idref="fl-114"/>
      </object_component>
      <object_component id="oc-2ec">
         <name>.text:GPIO_setOutputLowOnPin</name>
         <load_address>0x6b7c</load_address>
         <run_address>0x6b7c</run_address>
         <size>0x28</size>
         <input_file_ref idref="fl-114"/>
      </object_component>
      <object_component id="oc-6c9">
         <name>.text:free_list_insert</name>
         <load_address>0x6ba4</load_address>
         <run_address>0x6ba4</run_address>
         <size>0x28</size>
         <input_file_ref idref="fl-e1"/>
      </object_component>
      <object_component id="oc-686">
         <name>.text:lseek</name>
         <load_address>0x6bcc</load_address>
         <run_address>0x6bcc</run_address>
         <size>0x28</size>
         <input_file_ref idref="fl-101"/>
      </object_component>
      <object_component id="oc-185">
         <name>.text:memmove</name>
         <load_address>0x6bf4</load_address>
         <run_address>0x6bf4</run_address>
         <size>0x28</size>
         <input_file_ref idref="fl-e0"/>
      </object_component>
      <object_component id="oc-609">
         <name>.text:write</name>
         <load_address>0x6c1c</load_address>
         <run_address>0x6c1c</run_address>
         <size>0x28</size>
         <input_file_ref idref="fl-ea"/>
      </object_component>
      <object_component id="oc-137">
         <name>.text:WDT_A_holdTimer</name>
         <load_address>0x6c44</load_address>
         <run_address>0x6c44</run_address>
         <size>0x24</size>
         <input_file_ref idref="fl-11c"/>
      </object_component>
      <object_component id="oc-1d4">
         <name>.text:srand</name>
         <load_address>0x6c68</load_address>
         <run_address>0x6c68</run_address>
         <size>0x24</size>
         <input_file_ref idref="fl-e2"/>
      </object_component>
      <object_component id="oc-5fd">
         <name>.text:memchr</name>
         <load_address>0x6c8c</load_address>
         <run_address>0x6c8c</run_address>
         <size>0x20</size>
         <input_file_ref idref="fl-df"/>
      </object_component>
      <object_component id="oc-38c">
         <name>.text:Graphics_fillRectangleOnDisplay</name>
         <load_address>0x6cac</load_address>
         <run_address>0x6cac</run_address>
         <size>0x1e</size>
         <input_file_ref idref="fl-109"/>
      </object_component>
      <object_component id="oc-179">
         <name>.text:strcat</name>
         <load_address>0x6cca</load_address>
         <run_address>0x6cca</run_address>
         <size>0x1e</size>
         <input_file_ref idref="fl-e3"/>
      </object_component>
      <object_component id="oc-459">
         <name>.text:SPI_enableModule</name>
         <load_address>0x6ce8</load_address>
         <run_address>0x6ce8</run_address>
         <size>0x1c</size>
         <input_file_ref idref="fl-118"/>
      </object_component>
      <object_component id="oc-46">
         <name>.text:decompress:ZI:__TI_zero_init_nomemset:__TI_zero_init_nomemset</name>
         <load_address>0x6d04</load_address>
         <run_address>0x6d04</run_address>
         <size>0x1c</size>
         <input_file_ref idref="fl-d4"/>
      </object_component>
      <object_component id="oc-6c3">
         <name>.text:free_list_remove</name>
         <load_address>0x6d20</load_address>
         <run_address>0x6d20</run_address>
         <size>0x1c</size>
         <input_file_ref idref="fl-e1"/>
      </object_component>
      <object_component id="oc-4bb">
         <name>.text:memccpy</name>
         <load_address>0x6d3c</load_address>
         <run_address>0x6d3c</run_address>
         <size>0x1c</size>
         <input_file_ref idref="fl-de"/>
      </object_component>
      <object_component id="oc-310">
         <name>.text:Graphics_clearDisplayOnDisplay</name>
         <load_address>0x6d58</load_address>
         <run_address>0x6d58</run_address>
         <size>0x1a</size>
         <input_file_ref idref="fl-109"/>
      </object_component>
      <object_component id="oc-125">
         <name>.text:Graphics_setBackgroundColor</name>
         <load_address>0x6d72</load_address>
         <run_address>0x6d72</run_address>
         <size>0x1a</size>
         <input_file_ref idref="fl-108"/>
      </object_component>
      <object_component id="oc-12b">
         <name>.text:Graphics_setFont</name>
         <load_address>0x6d8c</load_address>
         <run_address>0x6d8c</run_address>
         <size>0x1a</size>
         <input_file_ref idref="fl-108"/>
      </object_component>
      <object_component id="oc-641">
         <name>.text:copysign</name>
         <load_address>0x6da6</load_address>
         <run_address>0x6da6</run_address>
         <size>0x1a</size>
         <input_file_ref idref="fl-102"/>
      </object_component>
      <object_component id="oc-333">
         <name>.text:_outs</name>
         <load_address>0x6dc0</load_address>
         <run_address>0x6dc0</run_address>
         <size>0x18</size>
         <input_file_ref idref="fl-c5"/>
      </object_component>
      <object_component id="oc-1a3">
         <name>.text:strcmp</name>
         <load_address>0x6dd8</load_address>
         <run_address>0x6dd8</run_address>
         <size>0x18</size>
         <input_file_ref idref="fl-e5"/>
      </object_component>
      <object_component id="oc-558">
         <name>.text:EUSCI_A_SPI_enable</name>
         <load_address>0x6df0</load_address>
         <run_address>0x6df0</run_address>
         <size>0x16</size>
         <input_file_ref idref="fl-118"/>
      </object_component>
      <object_component id="oc-55e">
         <name>.text:EUSCI_B_SPI_enable</name>
         <load_address>0x6e06</load_address>
         <run_address>0x6e06</run_address>
         <size>0x16</size>
         <input_file_ref idref="fl-118"/>
      </object_component>
      <object_component id="oc-11f">
         <name>.text:Graphics_setForegroundColor</name>
         <load_address>0x6e1c</load_address>
         <run_address>0x6e1c</run_address>
         <size>0x16</size>
         <input_file_ref idref="fl-108"/>
      </object_component>
      <object_component id="oc-307">
         <name>.text:Graphics_translateColorOnDisplay</name>
         <load_address>0x6e32</load_address>
         <run_address>0x6e32</run_address>
         <size>0x16</size>
         <input_file_ref idref="fl-109"/>
      </object_component>
      <object_component id="oc-5c3">
         <name>.text:strchr</name>
         <load_address>0x6e48</load_address>
         <run_address>0x6e48</run_address>
         <size>0x16</size>
         <input_file_ref idref="fl-e4"/>
      </object_component>
      <object_component id="oc-485">
         <name>.text:PCM_getPowerState</name>
         <load_address>0x6e60</load_address>
         <run_address>0x6e60</run_address>
         <size>0x14</size>
         <input_file_ref idref="fl-116"/>
      </object_component>
      <object_component id="oc-1e8">
         <name>.text:strcpy</name>
         <load_address>0x6e74</load_address>
         <run_address>0x6e74</run_address>
         <size>0x14</size>
         <input_file_ref idref="fl-e6"/>
      </object_component>
      <object_component id="oc-17f">
         <name>.text:strlen</name>
         <load_address>0x6e88</load_address>
         <run_address>0x6e88</run_address>
         <size>0x14</size>
         <input_file_ref idref="fl-e7"/>
      </object_component>
      <object_component id="oc-131">
         <name>.text:Graphics_clearDisplay</name>
         <load_address>0x6e9c</load_address>
         <run_address>0x6e9c</run_address>
         <size>0x12</size>
         <input_file_ref idref="fl-108"/>
      </object_component>
      <object_component id="oc-4c1">
         <name>.text:wcslen</name>
         <load_address>0x6eae</load_address>
         <run_address>0x6eae</run_address>
         <size>0x12</size>
         <input_file_ref idref="fl-ed"/>
      </object_component>
      <object_component id="oc-2c0">
         <name>.text:ADCIsConversionRunning</name>
         <load_address>0x6ec0</load_address>
         <run_address>0x6ec0</run_address>
         <size>0x10</size>
         <input_file_ref idref="fl-111"/>
      </object_component>
      <object_component id="oc-13d">
         <name>.text:Interrupt_disableMaster</name>
         <load_address>0x6ed0</load_address>
         <run_address>0x6ed0</run_address>
         <size>0x10</size>
         <input_file_ref idref="fl-115"/>
      </object_component>
      <object_component id="oc-e3">
         <name>.text:Interrupt_enableMaster</name>
         <load_address>0x6ee0</load_address>
         <run_address>0x6ee0</run_address>
         <size>0x10</size>
         <input_file_ref idref="fl-115"/>
      </object_component>
      <object_component id="oc-143">
         <name>.text:PCM_setCoreVoltageLevel</name>
         <load_address>0x6ef0</load_address>
         <run_address>0x6ef0</run_address>
         <size>0x10</size>
         <input_file_ref idref="fl-116"/>
      </object_component>
      <object_component id="oc-48b">
         <name>.text:PCM_setPowerMode</name>
         <load_address>0x6f00</load_address>
         <run_address>0x6f00</run_address>
         <size>0x10</size>
         <input_file_ref idref="fl-116"/>
      </object_component>
      <object_component id="oc-16d">
         <name>.text:Timer32_getValue</name>
         <load_address>0x6f10</load_address>
         <run_address>0x6f10</run_address>
         <size>0xe</size>
         <input_file_ref idref="fl-11b"/>
      </object_component>
      <object_component id="oc-1d">
         <name>.text:decompress:none:__TI_decompress_none</name>
         <load_address>0x6f1e</load_address>
         <run_address>0x6f1e</run_address>
         <size>0xe</size>
         <input_file_ref idref="fl-d5"/>
      </object_component>
      <object_component id="oc-6a">
         <name>.text</name>
         <load_address>0x6f2c</load_address>
         <run_address>0x6f2c</run_address>
         <size>0xe</size>
         <input_file_ref idref="fl-2"/>
      </object_component>
      <object_component id="oc-bf">
         <name>.text:ADC14_enableModule</name>
         <load_address>0x6f3c</load_address>
         <run_address>0x6f3c</run_address>
         <size>0xc</size>
         <input_file_ref idref="fl-111"/>
      </object_component>
      <object_component id="oc-318">
         <name>.text:CPU_cpsid</name>
         <load_address>0x6f48</load_address>
         <run_address>0x6f48</run_address>
         <size>0xc</size>
         <input_file_ref idref="fl-11d"/>
      </object_component>
      <object_component id="oc-2d8">
         <name>.text:CPU_cpsie</name>
         <load_address>0x6f54</load_address>
         <run_address>0x6f54</run_address>
         <size>0xc</size>
         <input_file_ref idref="fl-11d"/>
      </object_component>
      <object_component id="oc-a0">
         <name>.text</name>
         <load_address>0x6f60</load_address>
         <run_address>0x6f60</run_address>
         <size>0xc</size>
         <input_file_ref idref="fl-7"/>
      </object_component>
      <object_component id="oc-339">
         <name>.text:_outc</name>
         <load_address>0x6f6c</load_address>
         <run_address>0x6f6c</run_address>
         <size>0xa</size>
         <input_file_ref idref="fl-c5"/>
      </object_component>
      <object_component id="oc-4c7">
         <name>.text:__aeabi_errno_addr</name>
         <load_address>0x6f78</load_address>
         <run_address>0x6f78</run_address>
         <size>0x8</size>
         <input_file_ref idref="fl-ec"/>
      </object_component>
      <object_component id="oc-694">
         <name>.text:malloc</name>
         <load_address>0x6f80</load_address>
         <run_address>0x6f80</run_address>
         <size>0x8</size>
         <input_file_ref idref="fl-e1"/>
      </object_component>
      <object_component id="oc-3f7">
         <name>.text:_outc</name>
         <load_address>0x6f88</load_address>
         <run_address>0x6f88</run_address>
         <size>0x4</size>
         <input_file_ref idref="fl-c3"/>
      </object_component>
      <object_component id="oc-3f1">
         <name>.text:_outs</name>
         <load_address>0x6f8c</load_address>
         <run_address>0x6f8c</run_address>
         <size>0x4</size>
         <input_file_ref idref="fl-c3"/>
      </object_component>
      <object_component id="oc-9a">
         <name>.text:_system_pre_init</name>
         <load_address>0x6f90</load_address>
         <run_address>0x6f90</run_address>
         <size>0x4</size>
         <input_file_ref idref="fl-f5"/>
      </object_component>
      <object_component id="oc-26f">
         <name>.text:abort:abort</name>
         <load_address>0x6f94</load_address>
         <run_address>0x6f94</run_address>
         <size>0x4</size>
         <input_file_ref idref="fl-d7"/>
      </object_component>
      <object_component id="oc-3d6">
         <name>.const:.string:g_pucCmss20bData</name>
         <load_address>0x6f98</load_address>
         <run_address>0x6f98</run_address>
         <size>0x890</size>
         <input_file_ref idref="fl-10d"/>
      </object_component>
      <object_component id="oc-378">
         <name>.const:.string:g_pucCmss14bData</name>
         <load_address>0x7828</load_address>
         <run_address>0x7828</run_address>
         <size>0x5df</size>
         <input_file_ref idref="fl-10c"/>
      </object_component>
      <object_component id="oc-394">
         <name>.const:.string:g_pucCmss12bData</name>
         <load_address>0x7e07</load_address>
         <run_address>0x7e07</run_address>
         <size>0x5c7</size>
         <input_file_ref idref="fl-10b"/>
      </object_component>
      <object_component id="oc-380">
         <name>.const:.string:g_pucCmss12Data</name>
         <load_address>0x83ce</load_address>
         <run_address>0x83ce</run_address>
         <size>0x514</size>
         <input_file_ref idref="fl-10a"/>
      </object_component>
      <object_component id="oc-203">
         <name>.const:$P$T11$12</name>
         <load_address>0x88e2</load_address>
         <run_address>0x88e2</run_address>
         <size>0x23a</size>
         <input_file_ref idref="fl-6"/>
      </object_component>
      <object_component id="oc-3a6">
         <name>.const:.string:_ctypes_</name>
         <load_address>0x8b1c</load_address>
         <run_address>0x8b1c</run_address>
         <size>0x101</size>
         <input_file_ref idref="fl-dc"/>
      </object_component>
      <object_component id="oc-200">
         <name>.const:.string:$P$T10$11</name>
         <load_address>0x8c1d</load_address>
         <run_address>0x8c1d</run_address>
         <size>0x3</size>
         <input_file_ref idref="fl-6"/>
      </object_component>
      <object_component id="oc-1a9">
         <name>.const:g_sFontCmss12</name>
         <load_address>0x8c20</load_address>
         <run_address>0x8c20</run_address>
         <size>0xc8</size>
         <input_file_ref idref="fl-10a"/>
      </object_component>
      <object_component id="oc-1bc">
         <name>.const:g_sFontCmss12b</name>
         <load_address>0x8ce8</load_address>
         <run_address>0x8ce8</run_address>
         <size>0xc8</size>
         <input_file_ref idref="fl-10b"/>
      </object_component>
      <object_component id="oc-1a0">
         <name>.const:g_sFontCmss14b</name>
         <load_address>0x8db0</load_address>
         <run_address>0x8db0</run_address>
         <size>0xc8</size>
         <input_file_ref idref="fl-10c"/>
      </object_component>
      <object_component id="oc-209">
         <name>.const:g_sFontCmss20b</name>
         <load_address>0x8e78</load_address>
         <run_address>0x8e78</run_address>
         <size>0xc8</size>
         <input_file_ref idref="fl-10d"/>
      </object_component>
      <object_component id="oc-2cd">
         <name>.const:_ctlRegs</name>
         <load_address>0x8f40</load_address>
         <run_address>0x8f40</run_address>
         <size>0x80</size>
         <input_file_ref idref="fl-111"/>
      </object_component>
      <object_component id="oc-2b1">
         <name>.const:GPIO_PORT_TO_BASE</name>
         <load_address>0x8fc0</load_address>
         <run_address>0x8fc0</run_address>
         <size>0x30</size>
         <input_file_ref idref="fl-114"/>
      </object_component>
      <object_component id="oc-215">
         <name>.const:$P$T16$17</name>
         <load_address>0x8ff0</load_address>
         <run_address>0x8ff0</run_address>
         <size>0x2c</size>
         <input_file_ref idref="fl-6"/>
      </object_component>
      <object_component id="oc-20f">
         <name>.const:$P$T14$15</name>
         <load_address>0x901c</load_address>
         <run_address>0x901c</run_address>
         <size>0x20</size>
         <input_file_ref idref="fl-6"/>
      </object_component>
      <object_component id="oc-18e">
         <name>.const:g_sCrystalfontz128x128_funcs</name>
         <load_address>0x903c</load_address>
         <run_address>0x903c</run_address>
         <size>0x20</size>
         <input_file_ref idref="fl-4"/>
      </object_component>
      <object_component id="oc-3c9">
         <name>.const:.string</name>
         <load_address>0x905c</load_address>
         <run_address>0x905c</run_address>
         <size>0x1e</size>
         <input_file_ref idref="fl-6"/>
      </object_component>
      <object_component id="oc-1b2">
         <name>.const:.string:$P$T2$3</name>
         <load_address>0x907a</load_address>
         <run_address>0x907a</run_address>
         <size>0x2</size>
         <input_file_ref idref="fl-6"/>
      </object_component>
      <object_component id="oc-45f">
         <name>.const:$P$T0$1</name>
         <load_address>0x907c</load_address>
         <run_address>0x907c</run_address>
         <size>0x1c</size>
         <input_file_ref idref="fl-5"/>
      </object_component>
      <object_component id="oc-1da">
         <name>.const:$P$T4$5</name>
         <load_address>0x9098</load_address>
         <run_address>0x9098</run_address>
         <size>0x14</size>
         <input_file_ref idref="fl-6"/>
      </object_component>
      <object_component id="oc-1dd">
         <name>.const:$P$T5$6</name>
         <load_address>0x90ac</load_address>
         <run_address>0x90ac</run_address>
         <size>0x14</size>
         <input_file_ref idref="fl-6"/>
      </object_component>
      <object_component id="oc-206">
         <name>.const:.string:$P$T12$13</name>
         <load_address>0x90c0</load_address>
         <run_address>0x90c0</run_address>
         <size>0x13</size>
         <input_file_ref idref="fl-6"/>
      </object_component>
      <object_component id="oc-1fa">
         <name>.const:$P$T8$9</name>
         <load_address>0x90d4</load_address>
         <run_address>0x90d4</run_address>
         <size>0xc</size>
         <input_file_ref idref="fl-6"/>
      </object_component>
      <object_component id="oc-1fd">
         <name>.const:$P$T9$10</name>
         <load_address>0x90e0</load_address>
         <run_address>0x90e0</run_address>
         <size>0xc</size>
         <input_file_ref idref="fl-6"/>
      </object_component>
      <object_component id="oc-212">
         <name>.const:.string:$P$T15$16</name>
         <load_address>0x90ec</load_address>
         <run_address>0x90ec</run_address>
         <size>0xb</size>
         <input_file_ref idref="fl-6"/>
      </object_component>
      <object_component id="oc-301">
         <name>.const:$P$T0$1</name>
         <load_address>0x90f8</load_address>
         <run_address>0x90f8</run_address>
         <size>0x8</size>
         <input_file_ref idref="fl-4"/>
      </object_component>
      <object_component id="oc-1ac">
         <name>.const:$P$T0$1</name>
         <load_address>0x9100</load_address>
         <run_address>0x9100</run_address>
         <size>0x8</size>
         <input_file_ref idref="fl-6"/>
      </object_component>
      <object_component id="oc-1af">
         <name>.const:$P$T1$2</name>
         <load_address>0x9108</load_address>
         <run_address>0x9108</run_address>
         <size>0x8</size>
         <input_file_ref idref="fl-6"/>
      </object_component>
      <object_component id="oc-1bf">
         <name>.const:$P$T3$4</name>
         <load_address>0x9110</load_address>
         <run_address>0x9110</run_address>
         <size>0x8</size>
         <input_file_ref idref="fl-6"/>
      </object_component>
      <object_component id="oc-1f4">
         <name>.const:$P$T7$8</name>
         <load_address>0x9118</load_address>
         <run_address>0x9118</run_address>
         <size>0x8</size>
         <input_file_ref idref="fl-6"/>
      </object_component>
      <object_component id="oc-20c">
         <name>.const:.string:$P$T13$14</name>
         <load_address>0x9120</load_address>
         <run_address>0x9120</run_address>
         <size>0x8</size>
         <input_file_ref idref="fl-6"/>
      </object_component>
      <object_component id="oc-2d4">
         <name>.const:g_pulEnRegs</name>
         <load_address>0x9128</load_address>
         <run_address>0x9128</run_address>
         <size>0x8</size>
         <input_file_ref idref="fl-115"/>
      </object_component>
      <object_component id="oc-1e0">
         <name>.const:.string:$P$T6$7</name>
         <load_address>0x9130</load_address>
         <run_address>0x9130</run_address>
         <size>0x5</size>
         <input_file_ref idref="fl-6"/>
      </object_component>
      <object_component id="oc-218">
         <name>.const:.string:$P$T17$18</name>
         <load_address>0x9135</load_address>
         <run_address>0x9135</run_address>
         <size>0x4</size>
         <input_file_ref idref="fl-6"/>
      </object_component>
      <object_component id="oc-7b8">
         <name>.cinit..data.load</name>
         <load_address>0x9140</load_address>
         <run_address>0x9140</run_address>
         <size>0xb1</size>
      </object_component>
      <object_component id="oc-7b6">
         <name>__TI_handler_table</name>
         <load_address>0x91f4</load_address>
         <run_address>0x91f4</run_address>
         <size>0xc</size>
      </object_component>
      <object_component id="oc-7b9">
         <name>.cinit..bss.load</name>
         <load_address>0x9200</load_address>
         <run_address>0x9200</run_address>
         <size>0x8</size>
      </object_component>
      <object_component id="oc-7b7">
         <name>__TI_cinit_table</name>
         <load_address>0x9208</load_address>
         <run_address>0x9208</run_address>
         <size>0x10</size>
      </object_component>
      <object_component id="oc-78a">
         <name>.binit</name>
         <load_address>0x0</load_address>
         <run_address>0x0</run_address>
         <size>0x0</size>
      </object_component>
      <object_component id="oc-2ad">
         <name>.data</name>
         <load_address>0x2000064c</load_address>
         <run_address>0x2000064c</run_address>
         <size>0x4</size>
         <input_file_ref idref="fl-3"/>
      </object_component>
      <object_component id="oc-18b">
         <name>.data:g_sCrystalfontz128x128</name>
         <load_address>0x200005fc</load_address>
         <run_address>0x200005fc</run_address>
         <size>0x10</size>
         <input_file_ref idref="fl-4"/>
      </object_component>
      <object_component id="oc-19d">
         <name>.data</name>
         <load_address>0x200005b8</load_address>
         <run_address>0x200005b8</run_address>
         <size>0x21</size>
         <input_file_ref idref="fl-6"/>
      </object_component>
      <object_component id="oc-1f7">
         <name>.data:themes</name>
         <load_address>0x20000628</load_address>
         <run_address>0x20000628</run_address>
         <size>0xc</size>
         <input_file_ref idref="fl-6"/>
      </object_component>
      <object_component id="oc-191">
         <name>.data:hashedNumber</name>
         <load_address>0x200005d9</load_address>
         <run_address>0x200005d9</run_address>
         <size>0x20</size>
         <input_file_ref idref="fl-6"/>
      </object_component>
      <object_component id="oc-408">
         <name>.data:$O1$$</name>
         <load_address>0x2000061c</load_address>
         <run_address>0x2000061c</run_address>
         <size>0xc</size>
         <input_file_ref idref="fl-d7"/>
      </object_component>
      <object_component id="oc-3ab">
         <name>.data:$O1$$</name>
         <load_address>0x20000634</load_address>
         <run_address>0x20000634</run_address>
         <size>0x8</size>
         <input_file_ref idref="fl-d8"/>
      </object_component>
      <object_component id="oc-3ee">
         <name>.data:_ftable</name>
         <load_address>0x20000400</load_address>
         <run_address>0x20000400</run_address>
         <size>0xf0</size>
         <input_file_ref idref="fl-dd"/>
      </object_component>
      <object_component id="oc-6dd">
         <name>.data</name>
         <load_address>0x2000060c</load_address>
         <run_address>0x2000060c</run_address>
         <size>0x10</size>
         <input_file_ref idref="fl-dd"/>
      </object_component>
      <object_component id="oc-713">
         <name>.data:$O1$$</name>
         <load_address>0x2000063c</load_address>
         <run_address>0x2000063c</run_address>
         <size>0x8</size>
         <input_file_ref idref="fl-e1"/>
      </object_component>
      <object_component id="oc-3ae">
         <name>.data</name>
         <load_address>0x20000648</load_address>
         <run_address>0x20000648</run_address>
         <size>0x4</size>
         <input_file_ref idref="fl-e2"/>
      </object_component>
      <object_component id="oc-6ad">
         <name>.data:_device</name>
         <load_address>0x200004f0</load_address>
         <run_address>0x200004f0</run_address>
         <size>0x78</size>
         <input_file_ref idref="fl-eb"/>
      </object_component>
      <object_component id="oc-66f">
         <name>.data:_stream</name>
         <load_address>0x20000568</load_address>
         <run_address>0x20000568</run_address>
         <size>0x50</size>
         <input_file_ref idref="fl-eb"/>
      </object_component>
      <object_component id="oc-5d3">
         <name>.data</name>
         <load_address>0x20000644</load_address>
         <run_address>0x20000644</run_address>
         <size>0x4</size>
         <input_file_ref idref="fl-ec"/>
      </object_component>
      <object_component id="oc-233">
         <name>.bss:resultsBuffer</name>
         <uninitialized>true</uninitialized>
         <run_address>0x20000834</run_address>
         <size>0x4</size>
         <input_file_ref idref="fl-6"/>
      </object_component>
      <object_component id="oc-75b">
         <name>.bss:_CIOBUF_</name>
         <uninitialized>true</uninitialized>
         <run_address>0x20000650</run_address>
         <size>0x120</size>
         <input_file_ref idref="fl-ff"/>
      </object_component>
      <object_component id="oc-300">
         <name>.common:Lcd_Orientation</name>
         <uninitialized>true</uninitialized>
         <run_address>0x20000844</run_address>
         <size>0x1</size>
[...]
      <symbol id="sm-a1e">
         <name>fseek</name>
         <value>0x5de9</value>
         <object_component_ref idref="oc-65d"/>
      </symbol>
      <symbol id="sm-a28">
         <name>__aeabi_idiv0</name>
         <value>0x377b</value>
         <object_component_ref idref="oc-3b9"/>
      </symbol>
      <symbol id="sm-a29">
         <name>__aeabi_ldiv0</name>
         <value>0x377b</value>
         <object_component_ref idref="oc-3b9"/>
      </symbol>
      <symbol id="sm-a51">
         <name>__TI_auto_init_nobinit_nopinit</name>
         <value>0x64c1</value>
         <object_component_ref idref="oc-27b"/>
      </symbol>
      <symbol id="sm-a5b">
         <name>_system_pre_init</name>
         <value>0x6f91</value>
         <object_component_ref idref="oc-9a"/>
      </symbol>
      <symbol id="sm-a6e">
         <name>HOSTclose</name>
         <value>0x6439</value>
         <object_component_ref idref="oc-6e9"/>
      </symbol>
      <symbol id="sm-a7f">
         <name>HOSTlseek</name>
         <value>0x5be5</value>
         <object_component_ref idref="oc-6fb"/>
      </symbol>
      <symbol id="sm-a91">
         <name>parmbuf</name>
         <value>0x2000082c</value>
      </symbol>
      <symbol id="sm-a92">
         <name>HOSTopen</name>
         <value>0x5eb1</value>
         <object_component_ref idref="oc-6e3"/>
      </symbol>
      <symbol id="sm-aa3">
         <name>HOSTread</name>
         <value>0x6029</value>
         <object_component_ref idref="oc-6ef"/>
      </symbol>
      <symbol id="sm-ab4">
         <name>HOSTrename</name>
         <value>0x5b79</value>
         <object_component_ref idref="oc-707"/>
      </symbol>
      <symbol id="sm-ac5">
         <name>HOSTunlink</name>
         <value>0x647d</value>
         <object_component_ref idref="oc-701"/>
      </symbol>
      <symbol id="sm-ad6">
         <name>HOSTwrite</name>
         <value>0x6081</value>
         <object_component_ref idref="oc-6f5"/>
      </symbol>
      <symbol id="sm-afa">
         <name>__TI_readmsg</name>
         <value>0x68a9</value>
         <object_component_ref idref="oc-736"/>
      </symbol>
      <symbol id="sm-afb">
         <name>C$$IO$$</name>
         <value>0x6763</value>
         <object_component_ref idref="oc-730"/>
      </symbol>
      <symbol id="sm-afc">
         <name>__CIOBUF_</name>
         <value>0x20000650</value>
         <object_component_ref idref="oc-75b"/>
      </symbol>
      <symbol id="sm-afd">
         <name>__TI_writemsg</name>
         <value>0x6735</value>
         <object_component_ref idref="oc-730"/>
      </symbol>
      <symbol id="sm-b0e">
         <name>lseek</name>
         <value>0x6bcd</value>
         <object_component_ref idref="oc-686"/>
      </symbol>
      <symbol id="sm-b18">
         <name>copysign</name>
         <value>0x6da7</value>
         <object_component_ref idref="oc-641"/>
      </symbol>
      <symbol id="sm-b19">
         <name>copysignl</name>
         <value>0x6da7</value>
         <object_component_ref idref="oc-641"/>
      </symbol>
      <symbol id="sm-b2e">
         <name>__TI_closefile</name>
         <value>0x59b9</value>
         <object_component_ref idref="oc-6d7"/>
      </symbol>
      <symbol id="sm-b51">
         <name>finddevice</name>
         <value>0x69a5</value>
         <object_component_ref idref="oc-771"/>
      </symbol>
      <symbol id="sm-b52">
         <name>getdevice</name>
         <value>0x6505</value>
         <object_component_ref idref="oc-751"/>
      </symbol>
      <symbol id="sm-b67">
         <name>close</name>
         <value>0x5f71</value>
         <object_component_ref idref="oc-71f"/>
      </symbol>
      <symbol id="sm-b77">
         <name>unlink</name>
         <value>0x6a89</value>
         <object_component_ref idref="oc-725"/>
      </symbol>
      <symbol id="sm-bbd">
         <name>Graphics_setBackgroundColor</name>
         <value>0x6d73</value>
         <object_component_ref idref="oc-125"/>
      </symbol>
      <symbol id="sm-bbe">
         <name>Graphics_setFont</name>
         <value>0x6d8d</value>
         <object_component_ref idref="oc-12b"/>
      </symbol>
      <symbol id="sm-bbf">
         <name>Graphics_initContext</name>
         <value>0x61d9</value>
         <object_component_ref idref="oc-119"/>
      </symbol>
      <symbol id="sm-bc0">
         <name>Graphics_setForegroundColor</name>
         <value>0x6e1d</value>
         <object_component_ref idref="oc-11f"/>
      </symbol>
      <symbol id="sm-bc1">
         <name>Graphics_clearDisplay</name>
         <value>0x6e9d</value>
         <object_component_ref idref="oc-131"/>
      </symbol>
      <symbol id="sm-bee">
         <name>Graphics_clearDisplayOnDisplay</name>
         <value>0x6d59</value>
         <object_component_ref idref="oc-310"/>
      </symbol>
      <symbol id="sm-bef">
         <name>Graphics_drawPixelOnDisplay</name>
         <value>0x6a5d</value>
         <object_component_ref idref="oc-358"/>
      </symbol>
      <symbol id="sm-bf0">
         <name>Graphics_translateColorOnDisplay</name>
         <value>0x6e33</value>
         <object_component_ref idref="oc-307"/>
      </symbol>
      <symbol id="sm-bf1">
         <name>Graphics_drawHorizontalLineOnDisplay</name>
         <value>0x676d</value>
         <object_component_ref idref="oc-39c"/>
      </symbol>
      <symbol id="sm-bf2">
         <name>Graphics_fillRectangleOnDisplay</name>
         <value>0x6cad</value>
         <object_component_ref idref="oc-38c"/>
      </symbol>
      <symbol id="sm-c04">
         <name>g_sFontCmss12</name>
         <value>0x8c20</value>
         <object_component_ref idref="oc-1a9"/>
      </symbol>
      <symbol id="sm-c16">
         <name>g_sFontCmss12b</name>
         <value>0x8ce8</value>
         <object_component_ref idref="oc-1bc"/>
      </symbol>
      <symbol id="sm-c28">
         <name>g_sFontCmss14b</name>
         <value>0x8db0</value>
         <object_component_ref idref="oc-1a0"/>
      </symbol>
      <symbol id="sm-c3a">
         <name>g_sFontCmss20b</name>
         <value>0x8e78</value>
         <object_component_ref idref="oc-209"/>
      </symbol>
      <symbol id="sm-c4d">
         <name>Graphics_drawLineH</name>
         <value>0x53bf</value>
         <object_component_ref idref="oc-1c2"/>
      </symbol>
      <symbol id="sm-c64">
         <name>Graphics_fillRectangle</name>
         <value>0x4941</value>
         <object_component_ref idref="oc-1b5"/>
      </symbol>
      <symbol id="sm-ca4">
         <name>Graphics_drawString</name>
         <value>0x32fd</value>
         <object_component_ref idref="oc-194"/>
      </symbol>
      <symbol id="sm-d9b">
         <name>ADC14_enableInterrupt</name>
         <value>0x6975</value>
         <object_component_ref idref="oc-d7"/>
      </symbol>
      <symbol id="sm-d9c">
         <name>ADC14_getInterruptStatus</name>
         <value>0x6a05</value>
         <object_component_ref idref="oc-3e6"/>
      </symbol>
      <symbol id="sm-d9d">
         <name>ADC14_enableSampleTimer</name>
         <value>0x67d9</value>
         <object_component_ref idref="oc-e9"/>
      </symbol>
      <symbol id="sm-d9e">
         <name>ADC14_enableConversion</name>
         <value>0x6ab5</value>
         <object_component_ref idref="oc-ef"/>
      </symbol>
      <symbol id="sm-d9f">
         <name>ADC14_toggleConversionTrigger</name>
         <value>0x6a31</value>
         <object_component_ref idref="oc-f5"/>
      </symbol>
      <symbol id="sm-da0">
         <name>ADC14_getEnabledInterruptStatus</name>
         <value>0x66c5</value>
         <object_component_ref idref="oc-21b"/>
      </symbol>
      <symbol id="sm-da1">
         <name>ADC14_initModule</name>
         <value>0x6131</value>
         <object_component_ref idref="oc-c5"/>
      </symbol>
      <symbol id="sm-da2">
         <name>ADC14_configureMultiSequenceMode</name>
         <value>0x51a9</value>
         <object_component_ref idref="oc-cb"/>
      </symbol>
      <symbol id="sm-da3">
         <name>ADC14_clearInterruptFlag</name>
         <value>0x6945</value>
         <object_component_ref idref="oc-221"/>
      </symbol>
      <symbol id="sm-da4">
         <name>ADC14_configureConversionMemory</name>
         <value>0x50f5</value>
         <object_component_ref idref="oc-d1"/>
      </symbol>
      <symbol id="sm-da5">
         <name>ADC14_enableModule</name>
         <value>0x6f3d</value>
         <object_component_ref idref="oc-bf"/>
      </symbol>
      <symbol id="sm-da6">
         <name>ADC14_getResult</name>
         <value>0x6add</value>
         <object_component_ref idref="oc-22d"/>
      </symbol>
      <symbol id="sm-dd5">
         <name>CS_setDCOCenteredFrequency</name>
         <value>0x680d</value>
         <object_component_ref idref="oc-14f"/>
      </symbol>
      <symbol id="sm-dd6">
         <name>CS_initClockSignal</name>
         <value>0x45d9</value>
         <object_component_ref idref="oc-155"/>
      </symbol>
      <symbol id="sm-de5">
         <name>FlashCtl_setWaitState</name>
         <value>0x6361</value>
         <object_component_ref idref="oc-149"/>
      </symbol>
      <symbol id="sm-e57">
         <name>GPIO_setAsInputPin</name>
         <value>0x627d</value>
         <object_component_ref idref="oc-fb"/>
      </symbol>
      <symbol id="sm-e58">
         <name>GPIO_setOutputHighOnPin</name>
         <value>0x6b55</value>
         <object_component_ref idref="oc-2f2"/>
      </symbol>
      <symbol id="sm-e59">
         <name>GPIO_enableInterrupt</name>
         <value>0x6b2d</value>
         <object_component_ref idref="oc-10d"/>
      </symbol>
      <symbol id="sm-e5a">
         <name>GPIO_setAsOutputPin</name>
         <value>0x6549</value>
         <object_component_ref idref="oc-44d"/>
      </symbol>
      <symbol id="sm-e5b">
         <name>GPIO_interruptEdgeSelect</name>
         <value>0x6689</value>
         <object_component_ref idref="oc-101"/>
      </symbol>
      <symbol id="sm-e5c">
         <name>GPIO_setOutputLowOnPin</name>
         <value>0x6b7d</value>
         <object_component_ref idref="oc-2ec"/>
      </symbol>
      <symbol id="sm-e5d">
         <name>GPIO_clearInterruptFlag</name>
         <value>0x6b05</value>
         <object_component_ref idref="oc-107"/>
      </symbol>
      <symbol id="sm-e5e">
         <name>GPIO_setAsPeripheralModuleFunctionOutputPin</name>
         <value>0x56a1</value>
         <object_component_ref idref="oc-447"/>
      </symbol>
      <symbol id="sm-e5f">
         <name>GPIO_setAsPeripheralModuleFunctionInputPin</name>
         <value>0x5619</value>
         <object_component_ref idref="oc-b9"/>
      </symbol>
      <symbol id="sm-e8e">
         <name>Interrupt_disableMaster</name>
         <value>0x6ed1</value>
         <object_component_ref idref="oc-13d"/>
      </symbol>
      <symbol id="sm-e8f">
         <name>Interrupt_enableMaster</name>
         <value>0x6ee1</value>
         <object_component_ref idref="oc-e3"/>
      </symbol>
      <symbol id="sm-e90">
         <name>Interrupt_enableInterrupt</name>
         <value>0x58bd</value>
         <object_component_ref idref="oc-dd"/>
      </symbol>
      <symbol id="sm-f0e">
         <name>PCM_setCoreVoltageLevel</name>
         <value>0x6ef1</value>
         <object_component_ref idref="oc-143"/>
      </symbol>
      <symbol id="sm-f0f">
         <name>PCM_getCoreVoltageLevel</name>
         <value>0x5f11</value>
         <object_component_ref idref="oc-47f"/>
      </symbol>
      <symbol id="sm-f10">
         <name>PCM_getPowerMode</name>
         <value>0x5fcd</value>
         <object_component_ref idref="oc-479"/>
      </symbol>
      <symbol id="sm-f11">
         <name>PCM_getPowerState</name>
         <value>0x6e61</value>
         <object_component_ref idref="oc-485"/>
      </symbol>
      <symbol id="sm-f12">
         <name>PCM_setPowerMode</name>
         <value>0x6f01</value>
         <object_component_ref idref="oc-48b"/>
      </symbol>
      <symbol id="sm-f52">
         <name>EUSCI_B_SPI_enable</name>
         <value>0x6e07</value>
         <object_component_ref idref="oc-55e"/>
      </symbol>
      <symbol id="sm-f53">
         <name>SPI_enableModule</name>
         <value>0x6ce9</value>
         <object_component_ref idref="oc-459"/>
      </symbol>
      <symbol id="sm-f54">
         <name>EUSCI_A_SPI_enable</name>
         <value>0x6df1</value>
         <object_component_ref idref="oc-558"/>
      </symbol>
      <symbol id="sm-f55">
         <name>SPI_initMaster</name>
         <value>0x530f</value>
         <object_component_ref idref="oc-453"/>
      </symbol>
      <symbol id="sm-f88">
         <name>Timer32_startTimer</name>
         <value>0x66fd</value>
         <object_component_ref idref="oc-167"/>
      </symbol>
      <symbol id="sm-f89">
         <name>Timer32_setCount</name>
         <value>0x6841</value>
         <object_component_ref idref="oc-161"/>
      </symbol>
      <symbol id="sm-f8a">
         <name>Timer32_getValue</name>
         <value>0x6f11</value>
         <object_component_ref idref="oc-16d"/>
      </symbol>
      <symbol id="sm-f8b">
         <name>Timer32_initModule</name>
         <value>0x5c4d</value>
         <object_component_ref idref="oc-15b"/>
      </symbol>
      <symbol id="sm-f97">
         <name>WDT_A_holdTimer</name>
         <value>0x6c45</value>
         <object_component_ref idref="oc-137"/>
      </symbol>
      <symbol id="sm-fa9">
         <name>CPU_cpsie</name>
         <value>0x6f55</value>
         <object_component_ref idref="oc-2d8"/>
      </symbol>
      <symbol id="sm-faa">
         <name>CPU_cpsid</name>
         <value>0x6f49</value>
         <object_component_ref idref="oc-318"/>
      </symbol>
      <symbol id="sm-fab">
         <name>__TI_static_base__</name>
         <value>0x0</value>
      </symbol>
      <symbol id="sm-fae">
         <name>__mpu_init</name>
         <value>0x0</value>
      </symbol>
      <symbol id="sm-faf">
         <name>_system_post_cinit</name>
         <value>0x0</value>
      </symbol>
      <symbol id="sm-fb0">
         <name>NMI_Handler</name>
         <value>0x6f39</value>
      </symbol>
      <symbol id="sm-fb1">
         <name>HardFault_Handler</name>
         <value>0x6f39</value>
      </symbol>
      <symbol id="sm-fb2">
         <name>MemManage_Handler</name>
         <value>0x6f39</value>
      </symbol>
      <symbol id="sm-fb3">
         <name>BusFault_Handler</name>
         <value>0x6f39</value>
      </symbol>
      <symbol id="sm-fb4">
         <name>UsageFault_Handler</name>
         <value>0x6f39</value>
      </symbol>
      <symbol id="sm-fb5">
         <name>SVC_Handler</name>
         <value>0x6f39</value>
      </symbol>
      <symbol id="sm-fb6">
         <name>DebugMon_Handler</name>
         <value>0x6f39</value>
      </symbol>
      <symbol id="sm-fb7">
         <name>PendSV_Handler</name>
         <value>0x6f39</value>
      </symbol>
      <symbol id="sm-fb8">
         <name>SysTick_Handler</name>
         <value>0x6f39</value>
      </symbol>
      <symbol id="sm-fb9">
         <name>PSS_IRQHandler</name>
         <value>0x6f39</value>
      </symbol>
      <symbol id="sm-fba">
         <name>CS_IRQHandler</name>
         <value>0x6f39</value>
      </symbol>
      <symbol id="sm-fbb">
         <name>PCM_IRQHandler</name>
         <value>0x6f39</value>
      </symbol>
      <symbol id="sm-fbc">
         <name>WDT_A_IRQHandler</name>
         <value>0x6f39</value>
      </symbol>
      <symbol id="sm-fbd">
         <name>FPU_IRQHandler</name>
         <value>0x6f39</value>
      </symbol>
      <symbol id="sm-fbe">
         <name>FLCTL_IRQHandler</name>
         <value>0x6f39</value>
      </symbol>
      <symbol id="sm-fbf">
         <name>COMP_E0_IRQHandler</name>
         <value>0x6f39</value>
      </symbol>
      <symbol id="sm-fc0">
         <name>COMP_E1_IRQHandler</name>
         <value>0x6f39</value>
      </symbol>
      <symbol id="sm-fc1">
         <name>TA0_0_IRQHandler</name>
         <value>0x6f39</value>
      </symbol>
      <symbol id="sm-fc2">
         <name>TA0_N_IRQHandler</name>
         <value>0x6f39</value>
      </symbol>
      <symbol id="sm-fc3">
         <name>TA1_0_IRQHandler</name>
         <value>0x6f39</value>
      </symbol>
      <symbol id="sm-fc4">
         <name>TA1_N_IRQHandler</name>
         <value>0x6f39</value>
      </symbol>
      <symbol id="sm-fc5">
         <name>TA2_0_IRQHandler</name>
         <value>0x6f39</value>
      </symbol>
      <symbol id="sm-fc6">
         <name>TA2_N_IRQHandler</name>
         <value>0x6f39</value>
      </symbol>
      <symbol id="sm-fc7">
         <name>TA3_0_IRQHandler</name>
         <value>0x6f39</value>
      </symbol>
      <symbol id="sm-fc8">
         <name>TA3_N_IRQHandler</name>
         <value>0x6f39</value>
      </symbol>
      <symbol id="sm-fc9">
         <name>EUSCIA0_IRQHandler</name>
         <value>0x6f39</value>
      </symbol>
      <symbol id="sm-fca">
         <name>EUSCIA1_IRQHandler</name>
         <value>0x6f39</value>
      </symbol>
      <symbol id="sm-fcb">
         <name>EUSCIA2_IRQHandler</name>
         <value>0x6f39</value>
      </symbol>
      <symbol id="sm-fcc">
         <name>EUSCIA3_IRQHandler</name>
         <value>0x6f39</value>
      </symbol>
      <symbol id="sm-fcd">
         <name>EUSCIB0_IRQHandler</name>
         <value>0x6f39</value>
      </symbol>
      <symbol id="sm-fce">
         <name>EUSCIB1_IRQHandler</name>
         <value>0x6f39</value>
      </symbol>
      <symbol id="sm-fcf">
         <name>EUSCIB2_IRQHandler</name>
         <value>0x6f39</value>
      </symbol>
      <symbol id="sm-fd0">
         <name>EUSCIB3_IRQHandler</name>
         <value>0x6f39</value>
      </symbol>
      <symbol id="sm-fd1">
         <name>ADC14_IRQHandler</name>
         <value>0x2059</value>
      </symbol>
      <symbol id="sm-fd2">
         <name>T32_INT1_IRQHandler</name>
         <value>0x6f39</value>
      </symbol>
      <symbol id="sm-fd3">
         <name>T32_INT2_IRQHandler</name>
         <value>0x6f39</value>
      </symbol>
      <symbol id="sm-fd4">
         <name>T32_INTC_IRQHandler</name>
         <value>0x6f39</value>
      </symbol>
      <symbol id="sm-fd5">
         <name>AES256_IRQHandler</name>
         <value>0x6f39</value>
      </symbol>
      <symbol id="sm-fd6">
         <name>RTC_C_IRQHandler</name>
         <value>0x6f39</value>
      </symbol>
      <symbol id="sm-fd7">
         <name>DMA_ERR_IRQHandler</name>
         <value>0x6f39</value>
      </symbol>
      <symbol id="sm-fd8">
         <name>DMA_INT3_IRQHandler</name>
         <value>0x6f39</value>
      </symbol>
      <symbol id="sm-fd9">
         <name>DMA_INT2_IRQHandler</name>
         <value>0x6f39</value>
      </symbol>
      <symbol id="sm-fda">
         <name>DMA_INT1_IRQHandler</name>
         <value>0x6f39</value>
      </symbol>
      <symbol id="sm-fdb">
         <name>DMA_INT0_IRQHandler</name>
         <value>0x6f39</value>
      </symbol>
      <symbol id="sm-fdc">
         <name>PORT1_IRQHandler</name>
         <value>0x6f39</value>
      </symbol>
      <symbol id="sm-fdd">
         <name>PORT2_IRQHandler</name>
         <value>0x6f39</value>
      </symbol>
      <symbol id="sm-fde">
         <name>PORT3_IRQHandler</name>
         <value>0x21a3</value>
      </symbol>
      <symbol id="sm-fdf">
         <name>PORT4_IRQHandler</name>
         <value>0x6f39</value>
      </symbol>
      <symbol id="sm-fe0">
         <name>PORT5_IRQHandler</name>
         <value>0x217d</value>
      </symbol>
      <symbol id="sm-fe1">
         <name>PORT6_IRQHandler</name>
         <value>0x6f39</value>
      </symbol>
      <symbol id="sm-fe2">
         <name>remove</name>
         <value>0x6a89</value>
      </symbol>
   </symbol_table>
   <title>Link successful</title>
</link_info>
