******************************************************************************
                  TI ARM Linker PC v20.2.7                     
******************************************************************************
>> Linked Sun Feb 12 16:21:55 2023

OUTPUT FILE NAME:   <MSP432.out>
ENTRY POINT SYMBOL: "_c_int00_noargs"  address: 00005835


MEMORY CONFIGURATION

         name            origin    length      used     unused   attr    fill
----------------------  --------  ---------  --------  --------  ----  --------
  MAIN                  00000000   00040000  00007fc5  0003803b  R  X
  INFO                  00200000   00004000  00000000  00004000  R  X
  SRAM_CODE             01000000   00010000  0000027a  0000fd86  RW X
  SRAM_DATA             20000000   00010000  0000027a  0000fd86  RW  


SEGMENT ALLOCATION MAP

run origin  load origin   length   init length attrs members
----------  ----------- ---------- ----------- ----- -------
00000000    00000000    00007fc8   00007fc8    r-x
  00000000    00000000    000000e4   000000e4    r-- .intvecs
  000000e4    000000e4    00005cb0   00005cb0    r-x .text
  00005d94    00005d94    000021d9   000021d9    r-- .const
  00007f70    00007f70    00000058   00000058    r-- .cinit
20000000    20000000    0000007a   00000000    rw-
  20000000    20000000    0000004c   00000000    rw- .data
  2000004c    2000004c    0000002e   00000000    rw- .bss
2000fe00    2000fe00    00000200   00000000    rw-
  2000fe00    2000fe00    00000200   00000000    rw- .stack


SECTION ALLOCATION MAP

 output                                  attributes/
section   page    origin      length       input sections
--------  ----  ----------  ----------   ----------------
.intvecs   0    00000000    000000e4     
                  00000000    000000e4     startup_msp432p401r_ccs.obj (.intvecs:retain)

.text      0    000000e4    00005cb0     
                  000000e4    00001864     main.obj (.text)
                  00001948    00000a4e     rtsv7M4_T_le_v4SPD16_eabi.lib : _printfi.c.obj (.text:__TI_printfi)
                  00002396    00000002                                   : _lock.c.obj (.text:_nop)
                  00002398    00000680     Crystalfontz128x128_ST7735.obj (.text)
                  00002a18    0000047e     grlib.a : string.obj (.text:Graphics_drawString)
                  00002e96    00000002     rtsv7M4_T_le_v4SPD16_eabi.lib : div0.asm.obj (.text)
                  00002e98    00000334     system_msp432p401r.obj (.text)
                  000031cc    000002f4     rtsv7M4_T_le_v4SPD16_eabi.lib : e_log10.c.obj (.text:log10)
                  000034c0    00000270                                   : _printfi.c.obj (.text:_pconv_a)
                  00003730    000001d0                                   : _printfi.c.obj (.text:_pconv_g)
                  00003900    000001b6                                   : fd_add_t2.asm.obj (.text)
                  00003ab6    00000002     --HOLE-- [fill = 0]
                  00003ab8    00000160     msp432p4xx_driverlib.lib : adc14.o (.text:_getIndexForMemRegister)
                  00003c18    0000015c                              : pcm.o (.text:__PCM_setPowerModeAdvanced)
                  00003d74    0000013c     rtsv7M4_T_le_v4SPD16_eabi.lib : _printfi.c.obj (.text:_pconv_e)
                  00003eb0    00000136                                   : fd_div_t2.asm.obj (.text)
                  00003fe6    00000002     --HOLE-- [fill = 0]
                  00003fe8    00000130     msp432p4xx_driverlib.lib : cs.o (.text:CS_initClockSignal)
                  00004118    00000124     rtsv7M4_T_le_v4SPD16_eabi.lib : _printfi.c.obj (.text:fcvt)
                  0000423c    00000112     grlib.a : rectangle.obj (.text:Graphics_fillRectangle)
                  0000434e    00000002     --HOLE-- [fill = 0]
                  00004350    00000110     rtsv7M4_T_le_v4SPD16_eabi.lib : s_scalbn.c.obj (.text:scalbn)
                  00004460    00000108     msp432p4xx_driverlib.lib : pcm.o (.text:__PCM_setCoreVoltageLevelAdvanced)
                  00004568    000000fc     rtsv7M4_T_le_v4SPD16_eabi.lib : fd_mul_t2.asm.obj (.text)
                  00004664    000000f8                                   : s_ceil.c.obj (.text:ceil)
                  0000475c    000000cc     HAL_MSP_EXP432P401R_Crystalfontz128x128_ST7735.obj (.text)
                  00004828    000000b4     msp432p4xx_driverlib.lib : adc14.o (.text:ADC14_configureConversionMemory)
                  000048dc    000000b4                              : adc14.o (.text:ADC14_configureMultiSequenceMode)
                  00004990    000000b1     rtsv7M4_T_le_v4SPD16_eabi.lib : _printfi.c.obj (.text:_ltostr)
                  00004a41    00000001     --HOLE-- [fill = 0]
                  00004a42    000000b0     msp432p4xx_driverlib.lib : spi.o (.text:SPI_initMaster)
                  00004af2    0000009c     grlib.a : line.obj (.text:Graphics_drawLineH)
                  00004b8e    0000009c     rtsv7M4_T_le_v4SPD16_eabi.lib : memcpy_t2.asm.obj (.text)
                  00004c2a    00000096                                   : ull_div_t2.asm.obj (.text)
                  00004cc0    00000088     msp432p4xx_driverlib.lib : gpio.o (.text:GPIO_setAsPeripheralModuleFunctionInputPin)
                  00004d48    00000088                              : gpio.o (.text:GPIO_setAsPeripheralModuleFunctionOutputPin)
                  00004dd0    00000088     rtsv7M4_T_le_v4SPD16_eabi.lib : atoll.c.obj (.text:atoll)
                  00004e58    00000086                                   : fd_cmp_t2.asm.obj (.text:__aeabi_cdcmple)
                  00004ede    00000086                                   : fd_cmp_t2.asm.obj (.text:__aeabi_cdrcmple)
                  00004f64    00000080     msp432p4xx_driverlib.lib : interrupt.o (.text:Interrupt_enableInterrupt)
                  00004fe4    0000007a     rtsv7M4_T_le_v4SPD16_eabi.lib : memset_t2.asm.obj (.text)
                  0000505e    0000006e                                   : _printfi.c.obj (.text:_mcpy)
                  000050cc    00000068     msp432p4xx_driverlib.lib : timer32.o (.text:Timer32_initModule)
                  00005134    00000068     rtsv7M4_T_le_v4SPD16_eabi.lib : copy_decompress_lzss.c.obj (.text:decompress:lzss:__TI_decompress_lzss)
                  0000519c    00000064                                   : s_frexp.c.obj (.text:frexp)
                  00005200    0000005e     msp432p4xx_driverlib.lib : pcm.o (.text:PCM_getCoreVoltageLevel)
                  0000525e    0000005a                              : pcm.o (.text:PCM_getPowerMode)
                  000052b8    00000056     rtsv7M4_T_le_v4SPD16_eabi.lib : _printfi.c.obj (.text:_pconv_f)
                  0000530e    00000002     --HOLE-- [fill = 0]
                  00005310    00000054     msp432p4xx_driverlib.lib : adc14.o (.text:ADC14_initModule)
                  00005364    00000054     rtsv7M4_T_le_v4SPD16_eabi.lib : _ltoa.c.obj (.text:__TI_ltoa)
                  000053b8    00000052     grlib.a : context.obj (.text:Graphics_initContext)
                  0000540a    00000052     rtsv7M4_T_le_v4SPD16_eabi.lib : _printfi.c.obj (.text:_ecpy)
                  0000545c    0000004c                                   : atoi.c.obj (.text:atoi)
                  000054a8    00000048     msp432p4xx_driverlib.lib : flash.o (.text:FlashCtl_setWaitState)
                  000054f0    00000048     rtsv7M4_T_le_v4SPD16_eabi.lib : fd_toi_t2.asm.obj (.text)
                  00005538    00000044                                   : autoinit.c.obj (.text:__TI_auto_init_nobinit_nopinit:__TI_auto_init_nobinit_nopinit)
                  0000557c    00000040     msp432p4xx_driverlib.lib : gpio.o (.text:GPIO_setAsOutputPin)
                  000055bc    00000040     grlib.a : string.obj (.text:Graphics_getNumberOfLeadingZeros)
                  000055fc    00000040     msp432p4xx_driverlib.lib : spi.o (.text:is_A_Module)
                  0000563c    00000040     rtsv7M4_T_le_v4SPD16_eabi.lib : sprintf.c.obj (.text:sprintf)
                  0000567c    0000003e                                   : _printfi.c.obj (.text:_fcpy)
                  000056ba    00000002     --HOLE-- [fill = 0]
                  000056bc    00000038     msp432p4xx_driverlib.lib : adc14.o (.text:ADC14_getEnabledInterruptStatus)
                  000056f4    00000038                              : timer32.o (.text:Timer32_startTimer)
                  0000572c    00000036     grlib.a : display.obj (.text:Graphics_drawHorizontalLineOnDisplay)
                  00005762    00000036     rtsv7M4_T_le_v4SPD16_eabi.lib : strncpy.c.obj (.text:strncpy)
                  00005798    00000034     msp432p4xx_driverlib.lib : adc14.o (.text:ADC14_enableSampleTimer)
                  000057cc    00000034                              : cs.o (.text:CS_setDCOCenteredFrequency)
                  00005800    00000034                              : timer32.o (.text:Timer32_setCount)
                  00005834    00000034     rtsv7M4_T_le_v4SPD16_eabi.lib : boot_cortex_m.c.obj (.text:_c_int00_noargs:_c_int00_noargs)
                  00005868    00000034                                   : rand.c.obj (.text:rand)
                  0000589c    00000030     msp432p4xx_driverlib.lib : adc14.o (.text:ADC14_clearInterruptFlag)
                  000058cc    00000030                              : adc14.o (.text:ADC14_enableInterrupt)
                  000058fc    0000002e     rtsv7M4_T_le_v4SPD16_eabi.lib : i_tofd_t2.asm.obj (.text)
                  0000592a    00000002     --HOLE-- [fill = 0]
                  0000592c    0000002c     msp432p4xx_driverlib.lib : adc14.o (.text:ADC14_getInterruptStatus)
                  00005958    0000002c                              : adc14.o (.text:ADC14_toggleConversionTrigger)
                  00005984    0000002c     grlib.a : display.obj (.text:Graphics_drawPixelOnDisplay)
                  000059b0    00000028     msp432p4xx_driverlib.lib : adc14.o (.text:ADC14_enableConversion)
                  000059d8    00000028                              : adc14.o (.text:ADC14_getResult)
                  00005a00    00000028                              : gpio.o (.text:GPIO_setOutputHighOnPin)
                  00005a28    00000028                              : gpio.o (.text:GPIO_setOutputLowOnPin)
                  00005a50    00000028     rtsv7M4_T_le_v4SPD16_eabi.lib : memmov.c.obj (.text:memmove)
                  00005a78    00000024     msp432p4xx_driverlib.lib : wdt_a.o (.text:WDT_A_holdTimer)
                  00005a9c    00000024     rtsv7M4_T_le_v4SPD16_eabi.lib : rand.c.obj (.text:srand)
                  00005ac0    00000020                                   : u_tofd_t2.asm.obj (.text)
                  00005ae0    0000001e     grlib.a : display.obj (.text:Graphics_fillRectangleOnDisplay)
                  00005afe    0000001e     rtsv7M4_T_le_v4SPD16_eabi.lib : strcat.c.obj (.text:strcat)
                  00005b1c    0000001c     msp432p4xx_driverlib.lib : spi.o (.text:SPI_enableModule)
                  00005b38    0000001c     rtsv7M4_T_le_v4SPD16_eabi.lib : copy_zero_init.c.obj (.text:decompress:ZI:__TI_zero_init_nomemset:__TI_zero_init_nomemset)
                  00005b54    0000001c                                   : memccpy.c.obj (.text:memccpy)
                  00005b70    0000001a     grlib.a : display.obj (.text:Graphics_clearDisplayOnDisplay)
                  00005b8a    0000001a             : context.obj (.text:Graphics_setBackgroundColor)
                  00005ba4    0000001a             : context.obj (.text:Graphics_setFont)
                  00005bbe    0000001a     rtsv7M4_T_le_v4SPD16_eabi.lib : s_copysign.c.obj (.text:copysign)
                  00005bd8    00000018                                   : sprintf.c.obj (.text:_outs)
                  00005bf0    00000018                                   : strcmp.c.obj (.text:strcmp)
                  00005c08    00000016     msp432p4xx_driverlib.lib : spi.o (.text:EUSCI_A_SPI_enable)
                  00005c1e    00000016                              : spi.o (.text:EUSCI_B_SPI_enable)
                  00005c34    00000016     grlib.a : context.obj (.text:Graphics_setForegroundColor)
                  00005c4a    00000016             : display.obj (.text:Graphics_translateColorOnDisplay)
                  00005c60    00000016     rtsv7M4_T_le_v4SPD16_eabi.lib : strchr.c.obj (.text:strchr)
                  00005c76    00000002     --HOLE-- [fill = 0]
                  00005c78    00000014     msp432p4xx_driverlib.lib : pcm.o (.text:PCM_getPowerState)
                  00005c8c    00000014     rtsv7M4_T_le_v4SPD16_eabi.lib : strcpy.c.obj (.text:strcpy)
                  00005ca0    00000014                                   : strlen.c.obj (.text:strlen)
                  00005cb4    00000012     grlib.a : context.obj (.text:Graphics_clearDisplay)
                  00005cc6    00000012     rtsv7M4_T_le_v4SPD16_eabi.lib : wcslen.c.obj (.text:wcslen)
                  00005cd8    00000010     msp432p4xx_driverlib.lib : adc14.o (.text:ADCIsConversionRunning)
                  00005ce8    00000010                              : interrupt.o (.text:Interrupt_disableMaster)
                  00005cf8    00000010                              : interrupt.o (.text:Interrupt_enableMaster)
                  00005d08    00000010                              : pcm.o (.text:PCM_setCoreVoltageLevel)
                  00005d18    00000010                              : pcm.o (.text:PCM_setPowerMode)
                  00005d28    0000000e                              : timer32.o (.text:Timer32_getValue)
                  00005d36    0000000e     rtsv7M4_T_le_v4SPD16_eabi.lib : copy_decompress_none.c.obj (.text:decompress:none:__TI_decompress_none)
                  00005d44    0000000e     startup_msp432p401r_ccs.obj (.text)
                  00005d52    00000002     --HOLE-- [fill = 0]
                  00005d54    0000000c     msp432p4xx_driverlib.lib : adc14.o (.text:ADC14_enableModule)
                  00005d60    0000000c                              : cpu.o (.text:CPU_cpsid)
                  00005d6c    0000000c                              : cpu.o (.text:CPU_cpsie)
                  00005d78    0000000a     rtsv7M4_T_le_v4SPD16_eabi.lib : sprintf.c.obj (.text:_outc)
                  00005d82    00000002     --HOLE-- [fill = 0]
                  00005d84    00000008                                   : errno.c.obj (.text:__aeabi_errno_addr)
                  00005d8c    00000004                                   : pre_init.c.obj (.text:_system_pre_init)
                  00005d90    00000004                                   : exit.c.obj (.text:abort:abort)

.const     0    00005d94    000021d9     
                  00005d94    00000890     grlib.a : fontcmss20b.obj (.const:.string:g_pucCmss20bData)
                  00006624    000005df             : fontcmss14b.obj (.const:.string:g_pucCmss14bData)
                  00006c03    000005c7             : fontcmss12b.obj (.const:.string:g_pucCmss12bData)
                  000071ca    00000514             : fontcmss12.obj (.const:.string:g_pucCmss12Data)
                  000076de    0000023a     main.obj (.const:$P$T9$10)
                  00007918    00000101     rtsv7M4_T_le_v4SPD16_eabi.lib : ctype.c.obj (.const:.string:_ctypes_)
                  00007a19    00000003     main.obj (.const:.string:$P$T8$9)
                  00007a1c    000000c8     grlib.a : fontcmss12.obj (.const:g_sFontCmss12)
                  00007ae4    000000c8             : fontcmss12b.obj (.const:g_sFontCmss12b)
                  00007bac    000000c8             : fontcmss14b.obj (.const:g_sFontCmss14b)
                  00007c74    000000c8             : fontcmss20b.obj (.const:g_sFontCmss20b)
                  00007d3c    00000080     msp432p4xx_driverlib.lib : adc14.o (.const:_ctlRegs)
                  00007dbc    00000030                              : gpio.o (.const:GPIO_PORT_TO_BASE)
                  00007dec    0000002c     main.obj (.const:$P$T14$15)
                  00007e18    00000020     main.obj (.const:$P$T12$13)
                  00007e38    00000020     main.obj (.const:.string:$P$T16$17)
                  00007e58    00000020     main.obj (.const:.string:$P$T17$18)
                  00007e78    00000020     Crystalfontz128x128_ST7735.obj (.const:g_sCrystalfontz128x128_funcs)
                  00007e98    0000001e     main.obj (.const:.string)
                  00007eb6    00000002     --HOLE-- [fill = 0]
                  00007eb8    0000001c     HAL_MSP_EXP432P401R_Crystalfontz128x128_ST7735.obj (.const:$P$T0$1)
                  00007ed4    00000014     main.obj (.const:$P$T2$3)
                  00007ee8    00000014     main.obj (.const:$P$T3$4)
                  00007efc    00000013     main.obj (.const:.string:$P$T10$11)
                  00007f0f    00000001     --HOLE-- [fill = 0]
                  00007f10    0000000c     main.obj (.const:$P$T6$7)
                  00007f1c    0000000c     main.obj (.const:$P$T7$8)
                  00007f28    0000000b     main.obj (.const:.string:$P$T13$14)
                  00007f33    00000001     --HOLE-- [fill = 0]
                  00007f34    00000008     Crystalfontz128x128_ST7735.obj (.const:$P$T0$1)
                  00007f3c    00000008     main.obj (.const:$P$T0$1)
                  00007f44    00000008     main.obj (.const:$P$T1$2)
                  00007f4c    00000008     main.obj (.const:$P$T5$6)
                  00007f54    00000008     main.obj (.const:.string:$P$T11$12)
                  00007f5c    00000008     msp432p4xx_driverlib.lib : interrupt.o (.const:g_pulEnRegs)
                  00007f64    00000005     main.obj (.const:.string:$P$T4$5)
                  00007f69    00000004     main.obj (.const:.string:$P$T15$16)

.cinit     0    00007f70    00000058     
                  00007f70    00000033     (.cinit..data.load) [load image, compression = lzss]
                  00007fa3    00000001     --HOLE-- [fill = 0]
                  00007fa4    0000000c     (__TI_handler_table)
                  00007fb0    00000008     (.cinit..bss.load) [load image, compression = zero_init]
                  00007fb8    00000010     (__TI_cinit_table)

.init_array 
*          0    00000000    00000000     UNINITIALIZED

.binit     0    00000000    00000000     

.data      0    20000000    0000004c     UNINITIALIZED
                  20000000    00000019     main.obj (.data)
                  20000019    00000003     --HOLE--
                  2000001c    00000010     Crystalfontz128x128_ST7735.obj (.data:g_sCrystalfontz128x128)
                  2000002c    0000000c     main.obj (.data:themes)
                  20000038    00000008     rtsv7M4_T_le_v4SPD16_eabi.lib : _lock.c.obj (.data:$O1$$)
                  20000040    00000004                                   : errno.c.obj (.data)
                  20000044    00000004                                   : rand.c.obj (.data)
                  20000048    00000004     system_msp432p401r.obj (.data)

.bss       0    2000004c    0000002e     UNINITIALIZED
                  2000004c    0000001c     (.common:g_sContext)
                  20000068    00000004     main.obj (.bss:resultsBuffer)
                  2000006c    00000004     (.common:buttonPressed)
                  20000070    00000002     (.common:Lcd_ScreenHeigth)
                  20000072    00000002     (.common:Lcd_ScreenWidth)
                  20000074    00000002     (.common:Lcd_TouchTrim)
                  20000076    00000001     (.common:Lcd_FlagRead)
                  20000077    00000001     (.common:Lcd_FontSolid)
                  20000078    00000001     (.common:Lcd_Orientation)
                  20000079    00000001     (.common:Lcd_PenSolid)

.stack     0    2000fe00    00000200     UNINITIALIZED
                  2000fe00    00000004     rtsv7M4_T_le_v4SPD16_eabi.lib : boot_cortex_m.c.obj (.stack)
                  2000fe04    000001fc     --HOLE--

__llvm_prf_cnts 
*          0    20000000    00000000     UNINITIALIZED

MODULE SUMMARY

       Module                                               code    ro data   rw data
       ------                                               ----    -------   -------
    .\
       main.obj                                             6244    878       146    
       system_msp432p401r.obj                               820     0         8      
       startup_msp432p401r_ccs.obj                          14      228       0      
    +--+----------------------------------------------------+-------+---------+---------+
       Total:                                               7078    1106      154    
                                                                                     
    .\LcdDriver\
       Crystalfontz128x128_ST7735.obj                       1664    40        52     
       HAL_MSP_EXP432P401R_Crystalfontz128x128_ST7735.obj   204     28        0      
    +--+----------------------------------------------------+-------+---------+---------+
       Total:                                               1868    68        52     
                                                                                     
    C:/Users/Utente/Desktop/IoT/simplelink_msp432p4_sdk_3_40_01_02/source/ti/devices/msp432p4xx/driverlib/ccs/msp432p4xx_driverlib.lib
       adc14.o                                              1196    128       0      
       pcm.o                                                848     0         0      
       gpio.o                                               416     48        0      
       cs.o                                                 356     0         0      
       spi.o                                                312     0         0      
       timer32.o                                            226     0         0      
       interrupt.o                                          160     8         0      
       flash.o                                              72      0         0      
       wdt_a.o                                              36      0         0      
       cpu.o                                                24      0         0      
    +--+----------------------------------------------------+-------+---------+---------+
       Total:                                               3646    184       0      
                                                                                     
    C:/Users/Utente/Desktop/IoT/simplelink_msp432p4_sdk_3_40_01_02/source/ti/grlib/lib/ccs/m4f/grlib.a
       fontcmss20b.obj                                      0       2392      0      
       fontcmss14b.obj                                      0       1703      0      
       fontcmss12b.obj                                      0       1679      0      
       fontcmss12.obj                                       0       1500      0      
       string.obj                                           1214    0         0      
       rectangle.obj                                        274     0         0      
       display.obj                                          176     0         0      
       context.obj                                          174     0         0      
       line.obj                                             156     0         0      
    +--+----------------------------------------------------+-------+---------+---------+
       Total:                                               1994    7274      0      
                                                                                     
    C:\ti\ccs1210\ccs\tools\compiler\ti-cgt-arm_20.2.7.LTS\lib\rtsv7M4_T_le_v4SPD16_eabi.lib
       _printfi.c.obj                                       4851    0         0      
       e_log10.c.obj                                        756     0         0      
       fd_add_t2.asm.obj                                    438     0         0      
       fd_div_t2.asm.obj                                    310     0         0      
       s_scalbn.c.obj                                       272     0         0      
       fd_cmp_t2.asm.obj                                    268     0         0      
       ctype.c.obj                                          0       257       0      
       fd_mul_t2.asm.obj                                    252     0         0      
       s_ceil.c.obj                                         248     0         0      
       memcpy_t2.asm.obj                                    156     0         0      
       ull_div_t2.asm.obj                                   150     0         0      
       atoll.c.obj                                          136     0         0      
       memset_t2.asm.obj                                    122     0         0      
       copy_decompress_lzss.c.obj                           104     0         0      
       s_frexp.c.obj                                        100     0         0      
       sprintf.c.obj                                        98      0         0      
       rand.c.obj                                           88      0         8      
       _ltoa.c.obj                                          84      0         0      
       atoi.c.obj                                           76      0         0      
       fd_toi_t2.asm.obj                                    72      0         0      
       autoinit.c.obj                                       68      0         0      
       strncpy.c.obj                                        54      0         0      
       boot_cortex_m.c.obj                                  52      0         0      
       i_tofd_t2.asm.obj                                    46      0         0      
       memmov.c.obj                                         40      0         0      
       u_tofd_t2.asm.obj                                    32      0         0      
       strcat.c.obj                                         30      0         0      
       copy_zero_init.c.obj                                 28      0         0      
       memccpy.c.obj                                        28      0         0      
       s_copysign.c.obj                                     26      0         0      
       strcmp.c.obj                                         24      0         0      
       strchr.c.obj                                         22      0         0      
       strcpy.c.obj                                         20      0         0      
       strlen.c.obj                                         20      0         0      
       _lock.c.obj                                          2       0         16     
       wcslen.c.obj                                         18      0         0      
       errno.c.obj                                          8       0         8      
       copy_decompress_none.c.obj                           14      0         0      
       exit.c.obj                                           4       0         0      
       pre_init.c.obj                                       4       0         0      
       div0.asm.obj                                         2       0         0      
    +--+----------------------------------------------------+-------+---------+---------+
       Total:                                               9123    257       32     
                                                                                     
       Stack:                                               0       0         1024   
       Linker Generated:                                    0       87        0      
    +--+----------------------------------------------------+-------+---------+---------+
       Grand Total:                                         23709   8976      1262   


LINKER GENERATED COPY TABLES

__TI_cinit_table @ 00007fb8 records: 2, size/record: 8, table size: 16
	.data: load addr=00007f70, load size=00000033 bytes, run addr=20000000, run size=0000004c bytes, compression=lzss
	.bss: load addr=00007fb0, load size=00000008 bytes, run addr=2000004c, run size=0000002e bytes, compression=zero_init


LINKER GENERATED HANDLER TABLE

__TI_handler_table @ 00007fa4 records: 3, size/record: 4, table size: 12
	index: 0, handler: __TI_decompress_lzss
	index: 1, handler: __TI_decompress_none
	index: 2, handler: __TI_zero_init


GLOBAL SYMBOLS: SORTED ALPHABETICALLY BY Name 

address   name                                       
-------   ----                                       
00001801  ADC14_IRQHandler                           
00001801  ADC14_IRQHandler                           
0000589d  ADC14_clearInterruptFlag                   
00004829  ADC14_configureConversionMemory            
000048dd  ADC14_configureMultiSequenceMode           
000059b1  ADC14_enableConversion                     
000058cd  ADC14_enableInterrupt                      
00005d55  ADC14_enableModule                         
00005799  ADC14_enableSampleTimer                    
000056bd  ADC14_getEnabledInterruptStatus            
0000592d  ADC14_getInterruptStatus                   
000059d9  ADC14_getResult                            
00005311  ADC14_initModule                           
00005959  ADC14_toggleConversionTrigger              
00005d51  AES256_IRQHandler                          
20000010  BACKGROUND_COLOR                           
00005d51  BusFault_Handler                           
00005d91  C$$EXIT                                    
00005d51  COMP_E0_IRQHandler                         
00005d51  COMP_E1_IRQHandler                         
00005d61  CPU_cpsid                                  
00005d6d  CPU_cpsie                                  
00005d51  CS_IRQHandler                              
00003fe9  CS_initClockSignal                         
000057cd  CS_setDCOCenteredFrequency                 
00002399  Crystalfontz128x128_Init                   
000024ad  Crystalfontz128x128_SetDrawFrame           
000025db  Crystalfontz128x128_SetOrientation         
00005d51  DMA_ERR_IRQHandler                         
00005d51  DMA_INT0_IRQHandler                        
00005d51  DMA_INT1_IRQHandler                        
00005d51  DMA_INT2_IRQHandler                        
00005d51  DMA_INT3_IRQHandler                        
00005d51  DebugMon_Handler                           
00005d51  Default_Handler                            
00005d51  EUSCIA0_IRQHandler                         
00005d51  EUSCIA1_IRQHandler                         
00005d51  EUSCIA2_IRQHandler                         
00005d51  EUSCIA3_IRQHandler                         
00005d51  EUSCIB0_IRQHandler                         
00005d51  EUSCIB1_IRQHandler                         
00005d51  EUSCIB2_IRQHandler                         
00005d51  EUSCIB3_IRQHandler                         
00005c09  EUSCI_A_SPI_enable                         
00005c1f  EUSCI_B_SPI_enable                         
00005d51  FLCTL_IRQHandler                           
2000000c  FOREGROUND_COLOR                           
00005d51  FPU_IRQHandler                             
000054a9  FlashCtl_setWaitState                      
0000557d  GPIO_setAsOutputPin                        
00004cc1  GPIO_setAsPeripheralModuleFunctionInputPin 
00004d49  GPIO_setAsPeripheralModuleFunctionOutputPin
00005a01  GPIO_setOutputHighOnPin                    
00005a29  GPIO_setOutputLowOnPin                     
00005cb5  Graphics_clearDisplay                      
00005b71  Graphics_clearDisplayOnDisplay             
0000572d  Graphics_drawHorizontalLineOnDisplay       
00004af3  Graphics_drawLineH                         
00005985  Graphics_drawPixelOnDisplay                
00002a19  Graphics_drawString                        
0000423d  Graphics_fillRectangle                     
00005ae1  Graphics_fillRectangleOnDisplay            
000053b9  Graphics_initContext                       
00005b8b  Graphics_setBackgroundColor                
00005ba5  Graphics_setFont                           
00005c35  Graphics_setForegroundColor                
00005c4b  Graphics_translateColorOnDisplay           
0000475d  HAL_LCD_PortInit                           
0000478d  HAL_LCD_SpiInit                            
000047c3  HAL_LCD_writeCommand                       
000047f3  HAL_LCD_writeData                          
00005d51  HardFault_Handler                          
00005ce9  Interrupt_disableMaster                    
00004f65  Interrupt_enableInterrupt                  
00005cf9  Interrupt_enableMaster                     
20000076  Lcd_FlagRead                               
20000077  Lcd_FontSolid                              
20000078  Lcd_Orientation                            
20000079  Lcd_PenSolid                               
20000070  Lcd_ScreenHeigth                           
20000072  Lcd_ScreenWidth                            
20000074  Lcd_TouchTrim                              
00005d51  MemManage_Handler                          
00005d51  NMI_Handler                                
00005d51  PCM_IRQHandler                             
00005201  PCM_getCoreVoltageLevel                    
0000525f  PCM_getPowerMode                           
00005c79  PCM_getPowerState                          
00005d09  PCM_setCoreVoltageLevel                    
00005d19  PCM_setPowerMode                           
00005d51  PORT1_IRQHandler                           
00005d51  PORT2_IRQHandler                           
00005d51  PORT3_IRQHandler                           
00005d51  PORT4_IRQHandler                           
00005d51  PORT5_IRQHandler                           
00005d51  PORT6_IRQHandler                           
00005d51  PSS_IRQHandler                             
00005d51  PendSV_Handler                             
00005d51  RTC_C_IRQHandler                           
00005d45  Reset_Handler                              
20000014  SELECTION_COLOR                            
00005b1d  SPI_enableModule                           
00004a43  SPI_initMaster                             
00005d51  SVC_Handler                                
00005d51  SysTick_Handler                            
20000048  SystemCoreClock                            
00002e99  SystemCoreClockUpdate                      
00003111  SystemInit                                 
00005d51  T32_INT1_IRQHandler                        
00005d51  T32_INT2_IRQHandler                        
00005d51  T32_INTC_IRQHandler                        
00005d51  TA0_0_IRQHandler                           
00005d51  TA0_N_IRQHandler                           
00005d51  TA1_0_IRQHandler                           
00005d51  TA1_N_IRQHandler                           
00005d51  TA2_0_IRQHandler                           
00005d51  TA2_N_IRQHandler                           
00005d51  TA3_0_IRQHandler                           
00005d51  TA3_N_IRQHandler                           
00005d29  Timer32_getValue                           
000050cd  Timer32_initModule                         
00005801  Timer32_setCount                           
000056f5  Timer32_startTimer                         
00005d51  UsageFault_Handler                         
4000480c  WDTCTL_SYM                                 
00005d51  WDT_A_IRQHandler                           
00005a79  WDT_A_holdTimer                            
20010000  __STACK_END                                
00000200  __STACK_SIZE                               
00007fb8  __TI_CINIT_Base                            
00007fc8  __TI_CINIT_Limit                           
00007fa4  __TI_Handler_Table_Base                    
00007fb0  __TI_Handler_Table_Limit                   
00005539  __TI_auto_init_nobinit_nopinit             
00005135  __TI_decompress_lzss                       
00005d37  __TI_decompress_none                       
00005365  __TI_ltoa                                  
ffffffff  __TI_pprof_out_hndl                        
00001949  __TI_printfi                               
ffffffff  __TI_prof_data_size                        
ffffffff  __TI_prof_data_start                       
00000000  __TI_static_base__                         
00005b39  __TI_zero_init_nomemset                    
00004e59  __aeabi_cdcmpeq                            
00004e59  __aeabi_cdcmple                            
00004edf  __aeabi_cdrcmple                           
000054f1  __aeabi_d2iz                               
0000390b  __aeabi_dadd                               
00003eb1  __aeabi_ddiv                               
00004569  __aeabi_dmul                               
00003901  __aeabi_dsub                               
00005d85  __aeabi_errno_addr                         
000058fd  __aeabi_i2d                                
00002e97  __aeabi_idiv0                              
00002e97  __aeabi_ldiv0                              
00004fe5  __aeabi_memclr                             
00004fe5  __aeabi_memclr4                            
00004fe5  __aeabi_memclr8                            
00004b8f  __aeabi_memcpy                             
00004b8f  __aeabi_memcpy4                            
00004b8f  __aeabi_memcpy8                            
00004fe7  __aeabi_memset                             
00004fe7  __aeabi_memset4                            
00004fe7  __aeabi_memset8                            
00005ac1  __aeabi_ui2d                               
00004c2b  __aeabi_uldivmod                           
ffffffff  __binit__                                  
ffffffff  __c_args__                                 
UNDEFED   __mpu_init                                 
2000fe00  __stack                                    
20000000  __start___llvm_prf_cnts                    
20000000  __stop___llvm_prf_cnts                     
000000e5  _adcInit                                   
00005835  _c_int00_noargs                            
00007918  _ctypes_                                   
00000153  _graphicsInit                              
0000018d  _hwInit                                    
20000038  _lock                                      
00002397  _nop                                       
UNDEFED   _system_post_cinit                         
00005d8d  _system_pre_init                           
2000003c  _unlock                                    
00005d91  abort                                      
00000459  aboutPage                                  
0000545d  atoi                                       
00004dd1  atoll                                      
ffffffff  binit                                      
2000006c  buttonPressed                              
00004665  ceil                                       
00004665  ceill                                      
00000d79  changeTheme                                
000002d5  chopN                                      
0000024f  convert_number_to_result                   
00005bbf  copysign                                   
00005bbf  copysignl                                  
20000000  currentThemeCounter                        
00000309  drawIntegerPage                            
20000040  errno                                      
0000519d  frexp                                      
0000519d  frexpl                                     
2000004c  g_sContext                                 
2000001c  g_sCrystalfontz128x128                     
00007e78  g_sCrystalfontz128x128_funcs               
00007a1c  g_sFontCmss12                              
00007ae4  g_sFontCmss12b                             
00007bac  g_sFontCmss14b                             
00007c74  g_sFontCmss20b                             
00000679  generateRandomNumberPage                   
00000cc5  howToPage                                  
00000000  interruptVectors                           
00000237  isTimerExpired                             
00004351  ldexp                                      
00004351  ldexpl                                     
20000018  loadAnimation_user                         
000031cd  log10                                      
000031cd  log10l                                     
00001781  main                                       
000013f1  mainMenuPage                               
00005b55  memccpy                                    
00004b8f  memcpy                                     
00005a51  memmove                                    
00004fed  memset                                     
20000006  moveDown                                   
20000008  moveLeft                                   
2000000a  moveRight                                  
20000004  moveUp                                     
00005869  rand                                       
0000020f  restartTimer200ms                          
000001e7  restartTimer2sec                           
000001fb  restartTimer500ms                          
00000223  restartTimer50ms                           
00004351  scalbn                                     
00004351  scalbnl                                    
00000e3d  settingsPage                               
0000563d  sprintf                                    
00005a9d  srand                                      
00005aff  strcat                                     
00005c61  strchr                                     
00005bf1  strcmp                                     
00005c8d  strcpy                                     
00005ca1  strlen                                     
00005763  strncpy                                    
2000002c  themes                                     
00001313  transitionPage                             
00005cc7  wcslen                                     


GLOBAL SYMBOLS: SORTED BY Symbol Address 

address   name                                       
-------   ----                                       
00000000  __TI_static_base__                         
00000000  interruptVectors                           
000000e5  _adcInit                                   
00000153  _graphicsInit                              
0000018d  _hwInit                                    
000001e7  restartTimer2sec                           
000001fb  restartTimer500ms                          
00000200  __STACK_SIZE                               
0000020f  restartTimer200ms                          
00000223  restartTimer50ms                           
00000237  isTimerExpired                             
0000024f  convert_number_to_result                   
000002d5  chopN                                      
00000309  drawIntegerPage                            
00000459  aboutPage                                  
00000679  generateRandomNumberPage                   
00000cc5  howToPage                                  
00000d79  changeTheme                                
00000e3d  settingsPage                               
00001313  transitionPage                             
000013f1  mainMenuPage                               
00001781  main                                       
00001801  ADC14_IRQHandler                           
00001801  ADC14_IRQHandler                           
00001949  __TI_printfi                               
00002397  _nop                                       
00002399  Crystalfontz128x128_Init                   
000024ad  Crystalfontz128x128_SetDrawFrame           
000025db  Crystalfontz128x128_SetOrientation         
00002a19  Graphics_drawString                        
00002e97  __aeabi_idiv0                              
00002e97  __aeabi_ldiv0                              
00002e99  SystemCoreClockUpdate                      
00003111  SystemInit                                 
000031cd  log10                                      
000031cd  log10l                                     
00003901  __aeabi_dsub                               
0000390b  __aeabi_dadd                               
00003eb1  __aeabi_ddiv                               
00003fe9  CS_initClockSignal                         
0000423d  Graphics_fillRectangle                     
00004351  ldexp                                      
00004351  ldexpl                                     
00004351  scalbn                                     
00004351  scalbnl                                    
00004569  __aeabi_dmul                               
00004665  ceil                                       
00004665  ceill                                      
0000475d  HAL_LCD_PortInit                           
0000478d  HAL_LCD_SpiInit                            
000047c3  HAL_LCD_writeCommand                       
000047f3  HAL_LCD_writeData                          
00004829  ADC14_configureConversionMemory            
000048dd  ADC14_configureMultiSequenceMode           
00004a43  SPI_initMaster                             
00004af3  Graphics_drawLineH                         
00004b8f  __aeabi_memcpy                             
00004b8f  __aeabi_memcpy4                            
00004b8f  __aeabi_memcpy8                            
00004b8f  memcpy                                     
00004c2b  __aeabi_uldivmod                           
00004cc1  GPIO_setAsPeripheralModuleFunctionInputPin 
00004d49  GPIO_setAsPeripheralModuleFunctionOutputPin
00004dd1  atoll                                      
00004e59  __aeabi_cdcmpeq                            
00004e59  __aeabi_cdcmple                            
00004edf  __aeabi_cdrcmple                           
00004f65  Interrupt_enableInterrupt                  
00004fe5  __aeabi_memclr                             
00004fe5  __aeabi_memclr4                            
00004fe5  __aeabi_memclr8                            
00004fe7  __aeabi_memset                             
00004fe7  __aeabi_memset4                            
00004fe7  __aeabi_memset8                            
00004fed  memset                                     
000050cd  Timer32_initModule                         
00005135  __TI_decompress_lzss                       
0000519d  frexp                                      
0000519d  frexpl                                     
00005201  PCM_getCoreVoltageLevel                    
0000525f  PCM_getPowerMode                           
00005311  ADC14_initModule                           
00005365  __TI_ltoa                                  
000053b9  Graphics_initContext                       
0000545d  atoi                                       
000054a9  FlashCtl_setWaitState                      
000054f1  __aeabi_d2iz                               
00005539  __TI_auto_init_nobinit_nopinit             
0000557d  GPIO_setAsOutputPin                        
0000563d  sprintf                                    
000056bd  ADC14_getEnabledInterruptStatus            
000056f5  Timer32_startTimer                         
0000572d  Graphics_drawHorizontalLineOnDisplay       
00005763  strncpy                                    
00005799  ADC14_enableSampleTimer                    
000057cd  CS_setDCOCenteredFrequency                 
00005801  Timer32_setCount                           
00005835  _c_int00_noargs                            
00005869  rand                                       
0000589d  ADC14_clearInterruptFlag                   
000058cd  ADC14_enableInterrupt                      
000058fd  __aeabi_i2d                                
0000592d  ADC14_getInterruptStatus                   
00005959  ADC14_toggleConversionTrigger              
00005985  Graphics_drawPixelOnDisplay                
000059b1  ADC14_enableConversion                     
000059d9  ADC14_getResult                            
00005a01  GPIO_setOutputHighOnPin                    
00005a29  GPIO_setOutputLowOnPin                     
00005a51  memmove                                    
00005a79  WDT_A_holdTimer                            
00005a9d  srand                                      
00005ac1  __aeabi_ui2d                               
00005ae1  Graphics_fillRectangleOnDisplay            
00005aff  strcat                                     
00005b1d  SPI_enableModule                           
00005b39  __TI_zero_init_nomemset                    
00005b55  memccpy                                    
00005b71  Graphics_clearDisplayOnDisplay             
00005b8b  Graphics_setBackgroundColor                
00005ba5  Graphics_setFont                           
00005bbf  copysign                                   
00005bbf  copysignl                                  
00005bf1  strcmp                                     
00005c09  EUSCI_A_SPI_enable                         
00005c1f  EUSCI_B_SPI_enable                         
00005c35  Graphics_setForegroundColor                
00005c4b  Graphics_translateColorOnDisplay           
00005c61  strchr                                     
00005c79  PCM_getPowerState                          
00005c8d  strcpy                                     
00005ca1  strlen                                     
00005cb5  Graphics_clearDisplay                      
00005cc7  wcslen                                     
00005ce9  Interrupt_disableMaster                    
00005cf9  Interrupt_enableMaster                     
00005d09  PCM_setCoreVoltageLevel                    
00005d19  PCM_setPowerMode                           
00005d29  Timer32_getValue                           
00005d37  __TI_decompress_none                       
00005d45  Reset_Handler                              
00005d51  AES256_IRQHandler                          
00005d51  BusFault_Handler                           
00005d51  COMP_E0_IRQHandler                         
00005d51  COMP_E1_IRQHandler                         
00005d51  CS_IRQHandler                              
00005d51  DMA_ERR_IRQHandler                         
00005d51  DMA_INT0_IRQHandler                        
00005d51  DMA_INT1_IRQHandler                        
00005d51  DMA_INT2_IRQHandler                        
00005d51  DMA_INT3_IRQHandler                        
00005d51  DebugMon_Handler                           
00005d51  Default_Handler                            
00005d51  EUSCIA0_IRQHandler                         
00005d51  EUSCIA1_IRQHandler                         
00005d51  EUSCIA2_IRQHandler                         
00005d51  EUSCIA3_IRQHandler                         
00005d51  EUSCIB0_IRQHandler                         
00005d51  EUSCIB1_IRQHandler                         
00005d51  EUSCIB2_IRQHandler                         
00005d51  EUSCIB3_IRQHandler                         
00005d51  FLCTL_IRQHandler                           
00005d51  FPU_IRQHandler                             
00005d51  HardFault_Handler                          
00005d51  MemManage_Handler                          
00005d51  NMI_Handler                                
00005d51  PCM_IRQHandler                             
00005d51  PORT1_IRQHandler                           
00005d51  PORT2_IRQHandler                           
00005d51  PORT3_IRQHandler                           
00005d51  PORT4_IRQHandler                           
00005d51  PORT5_IRQHandler                           
00005d51  PORT6_IRQHandler                           
00005d51  PSS_IRQHandler                             
00005d51  PendSV_Handler                             
00005d51  RTC_C_IRQHandler                           
00005d51  SVC_Handler                                
00005d51  SysTick_Handler                            
00005d51  T32_INT1_IRQHandler                        
00005d51  T32_INT2_IRQHandler                        
00005d51  T32_INTC_IRQHandler                        
00005d51  TA0_0_IRQHandler                           
00005d51  TA0_N_IRQHandler                           
00005d51  TA1_0_IRQHandler                           
00005d51  TA1_N_IRQHandler                           
00005d51  TA2_0_IRQHandler                           
00005d51  TA2_N_IRQHandler                           
00005d51  TA3_0_IRQHandler                           
00005d51  TA3_N_IRQHandler                           
00005d51  UsageFault_Handler                         
00005d51  WDT_A_IRQHandler                           
00005d55  ADC14_enableModule                         
00005d61  CPU_cpsid                                  
00005d6d  CPU_cpsie                                  
00005d85  __aeabi_errno_addr                         
00005d8d  _system_pre_init                           
00005d91  C$$EXIT                                    
00005d91  abort                                      
00007918  _ctypes_                                   
00007a1c  g_sFontCmss12                              
00007ae4  g_sFontCmss12b                             
00007bac  g_sFontCmss14b                             
00007c74  g_sFontCmss20b                             
00007e78  g_sCrystalfontz128x128_funcs               
00007fa4  __TI_Handler_Table_Base                    
00007fb0  __TI_Handler_Table_Limit                   
00007fb8  __TI_CINIT_Base                            
00007fc8  __TI_CINIT_Limit                           
20000000  __start___llvm_prf_cnts                    
20000000  __stop___llvm_prf_cnts                     
20000000  currentThemeCounter                        
20000004  moveUp                                     
20000006  moveDown                                   
20000008  moveLeft                                   
2000000a  moveRight                                  
2000000c  FOREGROUND_COLOR                           
20000010  BACKGROUND_COLOR                           
20000014  SELECTION_COLOR                            
20000018  loadAnimation_user                         
2000001c  g_sCrystalfontz128x128                     
2000002c  themes                                     
20000038  _lock                                      
2000003c  _unlock                                    
20000040  errno                                      
20000048  SystemCoreClock                            
2000004c  g_sContext                                 
2000006c  buttonPressed                              
20000070  Lcd_ScreenHeigth                           
20000072  Lcd_ScreenWidth                            
20000074  Lcd_TouchTrim                              
20000076  Lcd_FlagRead                               
20000077  Lcd_FontSolid                              
20000078  Lcd_Orientation                            
20000079  Lcd_PenSolid                               
2000fe00  __stack                                    
20010000  __STACK_END                                
4000480c  WDTCTL_SYM                                 
ffffffff  __TI_pprof_out_hndl                        
ffffffff  __TI_prof_data_size                        
ffffffff  __TI_prof_data_start                       
ffffffff  __binit__                                  
ffffffff  __c_args__                                 
ffffffff  binit                                      
UNDEFED   __mpu_init                                 
UNDEFED   _system_post_cinit                         

[245 symbols]
